<html>
<body>
<pre>
<h1>礦ision Build Log</h1>
<h2>Tool Versions:</h2>
IDE-Version: μVision V5.25.3.0
Copyright (C) 2018 ARM Ltd and ARM Germany GmbH. All rights reserved.
License Information: 1 Microsoft, Microsoft, LIC=S5ITG-V5G2Q-BXVUY-I5T0J-4HUEL-MI8C5
 
Tool Versions:
Toolchain:       MDK-ARM Professional  Version: 5.25.2.0
Toolchain Path:  D:\Keil_v5\ARM\ARMCC\Bin
C Compiler:      Armcc.exe V5.06 update 6 (build 750)
Assembler:       Armasm.exe V5.06 update 6 (build 750)
Linker/Locator:  ArmLink.exe V5.06 update 6 (build 750)
Library Manager: ArmAr.exe V5.06 update 6 (build 750)
Hex Converter:   FromElf.exe V5.06 update 6 (build 750)
CPU DLL:         SARMCM3.DLL V5.25.2.0
Dialog DLL:      DCM.DLL V1.17.1.0
Target DLL:      Segger\JL2CM3.dll V2.99.29.0
Dialog DLL:      TCM.DLL V1.35.1.0
 
<h2>Project:</h2>
F:\JK7122\LY-STM32.uvprojx
Project File Date:  01/15/2021

<h2>Output:</h2>
*** Using Compiler 'V5.06 update 6 (build 750)', folder: 'D:\Keil_v5\ARM\ARMCC\Bin'
Rebuild target 'LY-STM32'
assembling startup_stm32f10x_hd.s...
compiling main.c...
compiling pbdata.c...
compiling stm32f10x_it.c...
compiling user.c...
USR\user.c(653): warning:  #177-D: variable "j"  was declared but never referenced
        u8 i,j;
USR\user.c(4824): warning:  #550-D: variable "temp"  was set but never used
        u8 i,temp;
USR\user.c(4855): warning:  #177-D: variable "i"  was declared but never referenced
        u8 i,temp;
USR\user.c: 3 warnings, 0 errors
compiling test.c...
USR\test.c(258): warning:  #188-D: enumerated type mixed with another type
                        F_Fail=0;
USR\test.c(268): warning:  #188-D: enumerated type mixed with another type
                        F_Fail=0;
USR\test.c(1030): warning:  #69-D: integer conversion resulted in truncation
                                                Test_value.Test_I=TEST_VALUE_OVER;//电阻溢出
USR\test.c(1088): warning:  #69-D: integer conversion resulted in truncation
                                                        Test_value.Test_I=TEST_VALUE_OVER;//电阻溢出
USR\test.c(1113): warning:  #69-D: integer conversion resulted in truncation
                                                        Test_value.Test_I=TEST_VALUE_OVER;//电阻溢出
USR\test.c(1439): warning:  #167-D: argument of type "u8 *" is incompatible with parameter of type "const char *"
                                                USENDI.sendI = atof(DispBuf);
USR\test.c(1516): warning:  #167-D: argument of type "u8 *" is incompatible with parameter of type "const char *"
                                                        USENDI.sendI = atof(DispBuf);                                   
USR\test.c(1591): warning:  #167-D: argument of type "u8 *" is incompatible with parameter of type "const char *"
                                                        USENDI.sendI = atof(DispBuf);
USR\test.c(1647): warning:  #167-D: argument of type "u8 *" is incompatible with parameter of type "const char *"
                                                USENDI.sendI = atof(DispBuf);                                   
USR\test.c(1701): warning:  #167-D: argument of type "u8 *" is incompatible with parameter of type "const char *"
                                                USENDI.sendI = atof(DispBuf);                                   
USR\test.c(1797): warning:  #167-D: argument of type "u8 *" is incompatible with parameter of type "const char *"
                                                        USENDI.sendI = atof(DispBuf);
USR\test.c(1878): warning:  #167-D: argument of type "u8 *" is incompatible with parameter of type "const char *"
                                                        USENDI.sendI = atof(DispBuf);
USR\test.c(2098): warning:  #69-D: integer conversion resulted in truncation
                time=TEST_VALUE_OVER;//连接时间初始化
USR\test.c(2323): warning:  #188-D: enumerated type mixed with another type
        F_Fail=0;
USR\test.c: 14 warnings, 0 errors
compiling dma.c...
compiling Debug.c...
compiling stm32f10x_gpio.c...
compiling stm32f10x_rcc.c...
compiling misc.c...
compiling stm32f10x_exti.c...
compiling stm32f10x_tim.c...
compiling stm32f10x_usart.c...
compiling stm32f10x_dac.c...
compiling stm32f10x_adc.c...
compiling stm32f10x_i2c.c...
compiling stm32f10x_fsmc.c...
compiling stm32f10x_flash.c...
compiling stm32f10x_dma.c...
compiling core_cm3.c...
compiling system_stm32f10x.c...
compiling sys.c...
compiling 24C256.C...
compiling ADC.C...
compiling DAC.C...
compiling GPIO.C...
compiling TIME.C...
compiling UART.C...
compiling keyboard.c...
compiling Lcd2002.c...
compiling Disp.c...
compiling flash_eerom.c...
compiling Hardware.c...
compiling Beep.c...
compiling myiic.c...
compiling exti.c...
linking...
Program Size: Code=42096 RO-data=3384 RW-data=200 ZI-data=1696  
FromELF: creating hex file...
After Build - User command #1: D:\Keil_v5\ARM\ARMCC\bin\fromelf.exe --bin -o update\7122XCYupdate.bin output\LY-STM32.axf
".\output\LY-STM32.axf" - 0 Error(s), 17 Warning(s).

<h2>Software Packages used:</h2>

Package Vendor: ARM
                http://www.keil.com/pack/ARM.CMSIS.5.3.0.pack
                ARM.CMSIS.5.3.0
                CMSIS (Cortex Microcontroller Software Interface Standard)
   * Component: CORE Version: 5.1.1

Package Vendor: Keil
                http://www.keil.com/pack/Keil.STM32F1xx_DFP.2.3.0.pack
                Keil.STM32F1xx_DFP.2.3.0
                STMicroelectronics STM32F1 Series Device Support, Drivers and Examples

<h2>Collection of Component include folders:</h2>
  .\RTE\_LY-STM32
  D:\Keil_v5\ARM\PACK\ARM\CMSIS\5.3.0\CMSIS\Include
  D:\Keil_v5\ARM\PACK\Keil\STM32F1xx_DFP\2.3.0\Device\Include

<h2>Collection of Component Files used:</h2>

   * Component: ARM::CMSIS:CORE:5.1.1
Build Time Elapsed:  00:00:23
</pre>
</body>
</html>
