Component: ARM Compiler 5.06 update 6 (build 750) Tool: armlink [4d35ed]

==============================================================================

Section Cross References

    startup_stm32f10x_hd.o(RESET) refers to startup_stm32f10x_hd.o(STACK) for __initial_sp
    startup_stm32f10x_hd.o(RESET) refers to startup_stm32f10x_hd.o(.text) for Reset_Handler
    startup_stm32f10x_hd.o(RESET) refers to stm32f10x_it.o(.text) for NMI_Handler
    startup_stm32f10x_hd.o(.text) refers to system_stm32f10x.o(.text) for SystemInit
    startup_stm32f10x_hd.o(.text) refers to entry.o(.ARM.Collect$$$$00000000) for __main
    main.o(.text) refers to stm32f10x_usart.o(.text) for USART_SendData
    main.o(.text) refers to test.o(.text) for Power_Process
    main.o(.text) refers to disp.o(.text) for Disp_Clr
    main.o(.text) refers to debug.o(.text) for Debug_Process
    main.o(.text) refers to pbdata.o(.data) for SystemStatus
    pbdata.o(.text) refers to stm32f10x_rcc.o(.text) for RCC_DeInit
    pbdata.o(.text) refers to pbdata.o(.data) for SoftTimer
    stm32f10x_it.o(.text) refers to stm32f10x_usart.o(.text) for USART_GetITStatus
    stm32f10x_it.o(.text) refers to stm32f10x_tim.o(.text) for TIM_ClearITPendingBit
    stm32f10x_it.o(.text) refers to keyboard.o(.text) for Key_Scan
    stm32f10x_it.o(.text) refers to beep.o(.text) for Beep_Work
    stm32f10x_it.o(.text) refers to stm32f10x_gpio.o(.text) for GPIO_ReadInputDataBit
    stm32f10x_it.o(.text) refers to stm32f10x_exti.o(.text) for EXTI_ClearITPendingBit
    stm32f10x_it.o(.text) refers to pbdata.o(.text) for delay_ms
    stm32f10x_it.o(.text) refers to pbdata.o(.bss) for SaveData
    stm32f10x_it.o(.text) refers to uart.o(.bss) for ComBuf
    stm32f10x_it.o(.text) refers to pbdata.o(.data) for SystemStatus
    stm32f10x_it.o(.text) refers to stm32f10x_it.o(.data) for num
    stm32f10x_it.o(.text) refers to time.o(.data) for disp_time
    user.o(.text) refers to lcd2002.o(.text) for Lcd_SetAddr
    user.o(.text) refers to disp.o(.text) for Disp_Str
    user.o(.text) refers to lcd2002.o(.data) for LcdAddr
    user.o(.text) refers to pbdata.o(.bss) for SaveData
    user.o(.text) refers to user.o(.constdata) for I_TEST_DISP
    user.o(.text) refers to pbdata.o(.data) for SystemMessage
    user.o(.text) refers to disp.o(.data) for DispBuf
    user.o(.text) refers to memseta.o(.text) for __aeabi_memclr
    user.o(.text) refers to strcat.o(.text) for strcat
    user.o(.text) refers to pbdata.o(.text) for delay_ms
    user.o(.text) refers to strlen.o(.text) for strlen
    user.o(.text) refers to keyboard.o(.text) for Key_Read_WithTimeOut
    user.o(.text) refers to beep.o(.text) for Beep_Two
    user.o(.text) refers to test.o(.bss) for sendbuff
    user.o(.text) refers to gpio.o(.data) for IC42_574buff
    user.o(.text) refers to keyboard.o(.data) for Keyboard
    user.o(.text) refers to cfcmple.o(.text) for __aeabi_cfcmple
    user.o(.text) refers to f2d.o(.text) for __aeabi_f2d
    user.o(.text) refers to dmul.o(.text) for __aeabi_dmul
    user.o(.text) refers to d2f.o(.text) for __aeabi_d2f
    user.o(.text) refers to cdcmple.o(.text) for __aeabi_cdcmple
    user.o(.text) refers to cdrcmple.o(.text) for __aeabi_cdrcmple
    user.o(.text) refers to ddiv.o(.text) for __aeabi_ddiv
    user.o(.text) refers to fdiv.o(.text) for __aeabi_fdiv
    user.o(.text) refers to dfixui.o(.text) for __aeabi_d2uiz
    user.o(.text) refers to cfrcmple.o(.text) for __aeabi_cfrcmple
    user.o(.text) refers to fadd.o(.text) for __aeabi_fadd
    user.o(.text) refers to ffltui.o(.text) for __aeabi_ui2f
    user.o(.text) refers to fmul.o(.text) for __aeabi_fmul
    user.o(.text) refers to flash_eerom.o(.text) for ReadSetByGroup
    user.o(.text) refers to dma.o(.text) for MYDMA_Config
    test.o(.text) refers to hardware.o(.text) for Hardware_Init
    test.o(.text) refers to stm32f10x_tim.o(.text) for TIM_Cmd
    test.o(.text) refers to user.o(.text) for InitGlobalValue
    test.o(.text) refers to flash_eerom.o(.text) for ReadGroup
    test.o(.text) refers to beep.o(.text) for Beep_Long
    test.o(.text) refers to keyboard.o(.text) for Key_Read_WithTimeOut
    test.o(.text) refers to memseta.o(.text) for __aeabi_memclr
    test.o(.text) refers to memcpya.o(.text) for __aeabi_memcpy
    test.o(.text) refers to strcat.o(.text) for strcat
    test.o(.text) refers to stm32f10x_usart.o(.text) for USART_SendData
    test.o(.text) refers to pbdata.o(.bss) for SaveData
    test.o(.text) refers to pbdata.o(.data) for MenuIndex
    test.o(.text) refers to uart.o(.bss) for FacBuf
    test.o(.text) refers to test.o(.data) for strbuff
    test.o(.text) refers to test.o(.bss) for sendbuff
    test.o(.text) refers to disp.o(.text) for Disp_Clr
    test.o(.text) refers to pbdata.o(.text) for delay_ms
    test.o(.text) refers to lcd2002.o(.data) for LcdAddr
    test.o(.text) refers to gpio.o(.text) for Led_Test_On
    test.o(.text) refers to disp.o(.data) for DispBuf
[...]
    .ARM.Collect$$$$00000004                 0x08000134   Section        4  entry5.o(.ARM.Collect$$$$00000004)
    .ARM.Collect$$$$00000008                 0x08000138   Section        0  entry7b.o(.ARM.Collect$$$$00000008)
    .ARM.Collect$$$$0000000A                 0x08000138   Section        0  entry8b.o(.ARM.Collect$$$$0000000A)
    .ARM.Collect$$$$0000000B                 0x08000138   Section        8  entry9a.o(.ARM.Collect$$$$0000000B)
    .ARM.Collect$$$$0000000D                 0x08000140   Section        0  entry10a.o(.ARM.Collect$$$$0000000D)
    .ARM.Collect$$$$0000000F                 0x08000140   Section        0  entry11a.o(.ARM.Collect$$$$0000000F)
    .ARM.Collect$$$$00002712                 0x08000140   Section        4  entry2.o(.ARM.Collect$$$$00002712)
    __lit__00000000                          0x08000140   Data           4  entry2.o(.ARM.Collect$$$$00002712)
    .text                                    0x08000144   Section       36  startup_stm32f10x_hd.o(.text)
    .text                                    0x08000168   Section        0  main.o(.text)
    .text                                    0x0800020c   Section        0  pbdata.o(.text)
    .text                                    0x080002f8   Section        0  stm32f10x_it.o(.text)
    .text                                    0x080006ec   Section        0  user.o(.text)
    .text                                    0x080024f0   Section        0  test.o(.text)
    .text                                    0x0800501c   Section        0  dma.o(.text)
    .text                                    0x08005088   Section        0  debug.o(.text)
    .text                                    0x08005a94   Section        0  stm32f10x_gpio.o(.text)
    .text                                    0x08005df0   Section        0  stm32f10x_rcc.o(.text)
    .text                                    0x0800619c   Section        0  misc.o(.text)
    .text                                    0x08006278   Section        0  stm32f10x_exti.o(.text)
    .text                                    0x08006394   Section        0  stm32f10x_tim.o(.text)
    TI4_Config                               0x0800683b   Thumb Code   130  stm32f10x_tim.o(.text)
    TI3_Config                               0x080068cf   Thumb Code   122  stm32f10x_tim.o(.text)
    TI2_Config                               0x08006963   Thumb Code   130  stm32f10x_tim.o(.text)
    TI1_Config                               0x080069f7   Thumb Code   108  stm32f10x_tim.o(.text)
    .text                                    0x080071b0   Section        0  stm32f10x_usart.o(.text)
    .text                                    0x080075b8   Section        0  stm32f10x_dac.o(.text)
    .text                                    0x08007744   Section        0  stm32f10x_adc.o(.text)
    .text                                    0x08007b94   Section        0  stm32f10x_dma.o(.text)
    .text                                    0x08007de8   Section        0  system_stm32f10x.o(.text)
    SetSysClockTo72                          0x08007de9   Thumb Code   214  system_stm32f10x.o(.text)
    SetSysClock                              0x08007ebf   Thumb Code     8  system_stm32f10x.o(.text)
    .text                                    0x08007fd0   Section        0  sys.o(.text)
    .text                                    0x08008010   Section        0  24c256.o(.text)
    .text                                    0x0800818c   Section        0  adc.o(.text)
    .text                                    0x0800828c   Section        0  dac.o(.text)
    .text                                    0x0800830c   Section        0  gpio.o(.text)
    .text                                    0x08008378   Section        0  time.o(.text)
    .text                                    0x080083fc   Section        0  uart.o(.text)
    .text                                    0x080084e8   Section        0  keyboard.o(.text)
    .text                                    0x08008740   Section        0  lcd2002.o(.text)
    .text                                    0x080088b0   Section        0  disp.o(.text)
    .text                                    0x0800890c   Section        0  flash_eerom.o(.text)
    .text                                    0x080089b8   Section        0  hardware.o(.text)
    .text                                    0x08008d74   Section        0  beep.o(.text)
    Beep_Update                              0x08008de5   Thumb Code    40  beep.o(.text)
    .text                                    0x08008e44   Section        0  myiic.o(.text)
    .text                                    0x080090b0   Section        0  exti.o(.text)
    .text                                    0x080091b0   Section        0  memcpya.o(.text)
    .text                                    0x080091d4   Section        0  memseta.o(.text)
    .text                                    0x080091f8   Section        0  strcat.o(.text)
    .text                                    0x08009210   Section        0  strlen.o(.text)
    .text                                    0x0800921e   Section        0  fadd.o(.text)
    .text                                    0x080092ce   Section        0  fmul.o(.text)
    .text                                    0x08009332   Section        0  fdiv.o(.text)
    .text                                    0x080093ae   Section        0  dmul.o(.text)
    .text                                    0x08009492   Section        0  ddiv.o(.text)
    .text                                    0x08009570   Section        0  ffltui.o(.text)
    .text                                    0x0800957a   Section        0  ffixui.o(.text)
    .text                                    0x080095a2   Section        0  dfixui.o(.text)
    .text                                    0x080095d4   Section        0  f2d.o(.text)
    .text                                    0x080095fc   Section       48  cdcmple.o(.text)
    .text                                    0x0800962c   Section       48  cdrcmple.o(.text)
    .text                                    0x0800965c   Section        0  d2f.o(.text)
    .text                                    0x08009694   Section       20  cfcmple.o(.text)
    .text                                    0x080096a8   Section       20  cfrcmple.o(.text)
    .text                                    0x080096bc   Section        0  llushr.o(.text)
    .text                                    0x080096dc   Section        0  strtod.o(.text)
    _local_sscanf                            0x080096dd   Thumb Code    54  strtod.o(.text)
    .text                                    0x08009778   Section        0  iusefp.o(.text)
    .text                                    0x08009778   Section        0  fepilogue.o(.text)
    .text                                    0x080097e6   Section        0  depilogue.o(.text)
    .text                                    0x080098a0   Section       36  init.o(.text)
    .text                                    0x080098c4   Section        0  llshl.o(.text)
    .text                                    0x080098e2   Section        0  isspace_c.o(.text)
    .text                                    0x080098ec   Section        0  scanf_fp.o(.text)
    _fp_value                                0x080098ed   Thumb Code   296  scanf_fp.o(.text)
    .text                                    0x08009c4c   Section        0  _sgetc.o(.text)
    .text                                    0x08009c8c   Section        0  ctype_c.o(.text)
    .text                                    0x08009cb4   Section        0  dfltul.o(.text)
    i.__read_errno                           0x08009ccc   Section        0  errno.o(i.__read_errno)
    i.__scatterload_copy                     0x08009cd8   Section       14  handlers.o(i.__scatterload_copy)
    i.__scatterload_null                     0x08009ce6   Section        2  handlers.o(i.__scatterload_null)
    i.__scatterload_zeroinit                 0x08009ce8   Section       14  handlers.o(i.__scatterload_zeroinit)
    i.__set_errno                            0x08009cf8   Section        0  errno.o(i.__set_errno)
    i._is_digit                              0x08009d04   Section        0  scanf_fp.o(i._is_digit)
    i.atof                                   0x08009d12   Section        0  atof.o(i.atof)
    .constdata                               0x08009d3c   Section     2435  user.o(.constdata)
    .constdata                               0x0800a6bf   Section        5  test.o(.constdata)
    .constdata                               0x0800a6c4   Section      638  debug.o(.constdata)
    .constdata                               0x0800a942   Section        5  lcd2002.o(.constdata)
    .constdata                               0x0800a948   Section       20  hardware.o(.constdata)
    .constdata                               0x0800a95c   Section       64  ctype_c.o(.constdata)
    .data                                    0x20000000   Section       60  pbdata.o(.data)
    .data                                    0x2000003c   Section        1  stm32f10x_it.o(.data)
    num                                      0x2000003c   Data           1  stm32f10x_it.o(.data)
    .data                                    0x20000040   Section       17  test.o(.data)
    .data                                    0x20000052   Section        2  dma.o(.data)
    .data                                    0x20000054   Section       34  debug.o(.data)
    .data                                    0x20000076   Section       20  stm32f10x_rcc.o(.data)
    APBAHBPrescTable                         0x20000076   Data          16  stm32f10x_rcc.o(.data)
    ADCPrescTable                            0x20000086   Data           4  stm32f10x_rcc.o(.data)
    .data                                    0x2000008c   Section       20  system_stm32f10x.o(.data)
    .data                                    0x200000a0   Section        2  gpio.o(.data)
    .data                                    0x200000a4   Section        4  time.o(.data)
    .data                                    0x200000a8   Section        6  keyboard.o(.data)
    LastKeyVal                               0x200000ab   Data           1  keyboard.o(.data)
    LastKeyTicks                             0x200000ac   Data           1  keyboard.o(.data)
    ContinueKeyTicks                         0x200000ad   Data           1  keyboard.o(.data)
    .data                                    0x200000ae   Section        2  lcd2002.o(.data)
    .data                                    0x200000b0   Section        8  disp.o(.data)
    .data                                    0x200000b8   Section        5  beep.o(.data)
    gtickon                                  0x200000b8   Data           1  beep.o(.data)
    gtickoff                                 0x200000b9   Data           1  beep.o(.data)
    Beep                                     0x200000ba   Data           3  beep.o(.data)
    .data                                    0x200000c0   Section        4  errno.o(.data)
    _errno                                   0x200000c0   Data           4  errno.o(.data)
    .bss                                     0x200000c4   Section      314  pbdata.o(.bss)
    .bss                                     0x200001fe   Section       80  test.o(.bss)
    .bss                                     0x20000250   Section       44  dma.o(.bss)
    .bss                                     0x2000027c   Section      174  uart.o(.bss)
    STACK                                    0x20000330   Section     1024  startup_stm32f10x_hd.o(STACK)

    Global Symbols

    Symbol Name                              Value     Ov Type        Size  Object(Section)

    BuildAttributes$$THM_ISAv4$P$D$K$B$S$PE$A:L22UL41UL21$X:L11$S22US41US21$IEEE1$IW$USESV6$~STKCKD$USESV7$~SHL$OTIME$ROPI$IEEEJ$EBA8$MICROLIB$REQ8$PRES8$EABIv2 0x00000000   Number         0  anon$$obj.o ABSOLUTE
    __ARM_use_no_argv                        0x00000000   Number         0  main.o ABSOLUTE
    __cpp_initialize__aeabi_                  - Undefined Weak Reference
    __cxa_finalize                            - Undefined Weak Reference
    __decompress                              - Undefined Weak Reference
    _clock_init                               - Undefined Weak Reference
    _microlib_exit                            - Undefined Weak Reference
    __Vectors_Size                           0x00000130   Number         0  startup_stm32f10x_hd.o ABSOLUTE
    __Vectors                                0x08000000   Data           4  startup_stm32f10x_hd.o(RESET)
    __Vectors_End                            0x08000130   Data           0  startup_stm32f10x_hd.o(RESET)
    __main                                   0x08000131   Thumb Code     0  entry.o(.ARM.Collect$$$$00000000)
    _main_stk                                0x08000131   Thumb Code     0  entry2.o(.ARM.Collect$$$$00000001)
    _main_scatterload                        0x08000135   Thumb Code     0  entry5.o(.ARM.Collect$$$$00000004)
    __main_after_scatterload                 0x08000139   Thumb Code     0  entry5.o(.ARM.Collect$$$$00000004)
    _main_clock                              0x08000139   Thumb Code     0  entry7b.o(.ARM.Collect$$$$00000008)
    _main_cpp_init                           0x08000139   Thumb Code     0  entry8b.o(.ARM.Collect$$$$0000000A)
    _main_init                               0x08000139   Thumb Code     0  entry9a.o(.ARM.Collect$$$$0000000B)
    __rt_final_cpp                           0x08000141   Thumb Code     0  entry10a.o(.ARM.Collect$$$$0000000D)
    __rt_final_exit                          0x08000141   Thumb Code     0  entry11a.o(.ARM.Collect$$$$0000000F)
    Reset_Handler                            0x08000145   Thumb Code     8  startup_stm32f10x_hd.o(.text)
    ADC1_2_IRQHandler                        0x0800015f   Thumb Code     0  startup_stm32f10x_hd.o(.text)
    ADC3_IRQHandler                          0x0800015f   Thumb Code     0  startup_stm32f10x_hd.o(.text)
    CAN1_RX1_IRQHandler                      0x0800015f   Thumb Code     0  startup_stm32f10x_hd.o(.text)
    CAN1_SCE_IRQHandler                      0x0800015f   Thumb Code     0  startup_stm32f10x_hd.o(.text)
    DMA1_Channel1_IRQHandler                 0x0800015f   Thumb Code     0  startup_stm32f10x_hd.o(.text)
    DMA1_Channel2_IRQHandler                 0x0800015f   Thumb Code     0  startup_stm32f10x_hd.o(.text)
    DMA1_Channel3_IRQHandler                 0x0800015f   Thumb Code     0  startup_stm32f10x_hd.o(.text)
    DMA1_Channel4_IRQHandler                 0x0800015f   Thumb Code     0  startup_stm32f10x_hd.o(.text)
    DMA1_Channel5_IRQHandler                 0x0800015f   Thumb Code     0  startup_stm32f10x_hd.o(.text)
    DMA1_Channel6_IRQHandler                 0x0800015f   Thumb Code     0  startup_stm32f10x_hd.o(.text)
    DMA1_Channel7_IRQHandler                 0x0800015f   Thumb Code     0  startup_stm32f10x_hd.o(.text)
    DMA2_Channel1_IRQHandler                 0x0800015f   Thumb Code     0  startup_stm32f10x_hd.o(.text)
    DMA2_Channel2_IRQHandler                 0x0800015f   Thumb Code     0  startup_stm32f10x_hd.o(.text)
    DMA2_Channel3_IRQHandler                 0x0800015f   Thumb Code     0  startup_stm32f10x_hd.o(.text)
    DMA2_Channel4_5_IRQHandler               0x0800015f   Thumb Code     0  startup_stm32f10x_hd.o(.text)
    EXTI15_10_IRQHandler                     0x0800015f   Thumb Code     0  startup_stm32f10x_hd.o(.text)
    EXTI4_IRQHandler                         0x0800015f   Thumb Code     0  startup_stm32f10x_hd.o(.text)
    FLASH_IRQHandler                         0x0800015f   Thumb Code     0  startup_stm32f10x_hd.o(.text)
    FSMC_IRQHandler                          0x0800015f   Thumb Code     0  startup_stm32f10x_hd.o(.text)
    I2C1_ER_IRQHandler                       0x0800015f   Thumb Code     0  startup_stm32f10x_hd.o(.text)
    I2C1_EV_IRQHandler                       0x0800015f   Thumb Code     0  startup_stm32f10x_hd.o(.text)
    I2C2_ER_IRQHandler                       0x0800015f   Thumb Code     0  startup_stm32f10x_hd.o(.text)
    I2C2_EV_IRQHandler                       0x0800015f   Thumb Code     0  startup_stm32f10x_hd.o(.text)
    PVD_IRQHandler                           0x0800015f   Thumb Code     0  startup_stm32f10x_hd.o(.text)
    RCC_IRQHandler                           0x0800015f   Thumb Code     0  startup_stm32f10x_hd.o(.text)
    RTCAlarm_IRQHandler                      0x0800015f   Thumb Code     0  startup_stm32f10x_hd.o(.text)
    RTC_IRQHandler                           0x0800015f   Thumb Code     0  startup_stm32f10x_hd.o(.text)
    SDIO_IRQHandler                          0x0800015f   Thumb Code     0  startup_stm32f10x_hd.o(.text)
    SPI1_IRQHandler                          0x0800015f   Thumb Code     0  startup_stm32f10x_hd.o(.text)
    SPI2_IRQHandler                          0x0800015f   Thumb Code     0  startup_stm32f10x_hd.o(.text)
    SPI3_IRQHandler                          0x0800015f   Thumb Code     0  startup_stm32f10x_hd.o(.text)
    TAMPER_IRQHandler                        0x0800015f   Thumb Code     0  startup_stm32f10x_hd.o(.text)
    TIM1_BRK_IRQHandler                      0x0800015f   Thumb Code     0  startup_stm32f10x_hd.o(.text)
    TIM1_CC_IRQHandler                       0x0800015f   Thumb Code     0  startup_stm32f10x_hd.o(.text)
    TIM1_TRG_COM_IRQHandler                  0x0800015f   Thumb Code     0  startup_stm32f10x_hd.o(.text)
    TIM1_UP_IRQHandler                       0x0800015f   Thumb Code     0  startup_stm32f10x_hd.o(.text)
    TIM2_IRQHandler                          0x0800015f   Thumb Code     0  startup_stm32f10x_hd.o(.text)
    TIM4_IRQHandler                          0x0800015f   Thumb Code     0  startup_stm32f10x_hd.o(.text)
    TIM5_IRQHandler                          0x0800015f   Thumb Code     0  startup_stm32f10x_hd.o(.text)
    TIM6_IRQHandler                          0x0800015f   Thumb Code     0  startup_stm32f10x_hd.o(.text)
    TIM7_IRQHandler                          0x0800015f   Thumb Code     0  startup_stm32f10x_hd.o(.text)
    TIM8_BRK_IRQHandler                      0x0800015f   Thumb Code     0  startup_stm32f10x_hd.o(.text)
    TIM8_CC_IRQHandler                       0x0800015f   Thumb Code     0  startup_stm32f10x_hd.o(.text)
    TIM8_TRG_COM_IRQHandler                  0x0800015f   Thumb Code     0  startup_stm32f10x_hd.o(.text)
    TIM8_UP_IRQHandler                       0x0800015f   Thumb Code     0  startup_stm32f10x_hd.o(.text)
    UART4_IRQHandler                         0x0800015f   Thumb Code     0  startup_stm32f10x_hd.o(.text)
    UART5_IRQHandler                         0x0800015f   Thumb Code     0  startup_stm32f10x_hd.o(.text)
    USART2_IRQHandler                        0x0800015f   Thumb Code     0  startup_stm32f10x_hd.o(.text)
    USART3_IRQHandler                        0x0800015f   Thumb Code     0  startup_stm32f10x_hd.o(.text)
    USBWakeUp_IRQHandler                     0x0800015f   Thumb Code     0  startup_stm32f10x_hd.o(.text)
    USB_HP_CAN1_TX_IRQHandler                0x0800015f   Thumb Code     0  startup_stm32f10x_hd.o(.text)
    USB_LP_CAN1_RX0_IRQHandler               0x0800015f   Thumb Code     0  startup_stm32f10x_hd.o(.text)
    WWDG_IRQHandler                          0x0800015f   Thumb Code     0  startup_stm32f10x_hd.o(.text)
    fputc                                    0x08000169   Thumb Code    32  main.o(.text)
    main                                     0x08000189   Thumb Code   120  main.o(.text)
    RCC_HSE_Configuration                    0x0800020d   Thumb Code    90  pbdata.o(.text)
    delay                                    0x08000267   Thumb Code    10  pbdata.o(.text)
    delay_us                                 0x08000271   Thumb Code    54  pbdata.o(.text)
    delay_ms                                 0x080002a7   Thumb Code    56  pbdata.o(.text)
    SetSoftTimer                             0x080002df   Thumb Code     6  pbdata.o(.text)
    GetSoftTimerOut                          0x080002e5   Thumb Code    16  pbdata.o(.text)
    NMI_Handler                              0x080002f9   Thumb Code     2  stm32f10x_it.o(.text)
    USART1_IRQHandler                        0x080002fb   Thumb Code   606  stm32f10x_it.o(.text)
    HardFault_Handler                        0x08000559   Thumb Code     4  stm32f10x_it.o(.text)
    MemManage_Handler                        0x0800055d   Thumb Code     4  stm32f10x_it.o(.text)
    BusFault_Handler                         0x08000561   Thumb Code     4  stm32f10x_it.o(.text)
    UsageFault_Handler                       0x08000565   Thumb Code     4  stm32f10x_it.o(.text)
    SVC_Handler                              0x08000569   Thumb Code     2  stm32f10x_it.o(.text)
    DebugMon_Handler                         0x0800056b   Thumb Code     2  stm32f10x_it.o(.text)
    PendSV_Handler                           0x0800056d   Thumb Code     2  stm32f10x_it.o(.text)
    SysTick_Handler                          0x0800056f   Thumb Code     2  stm32f10x_it.o(.text)
    TIM3_IRQHandler                          0x08000571   Thumb Code   134  stm32f10x_it.o(.text)
    EXTI9_5_IRQHandler                       0x080005f7   Thumb Code     2  stm32f10x_it.o(.text)
    EXTI0_IRQHandler                         0x080005f9   Thumb Code    32  stm32f10x_it.o(.text)
    EXTI1_IRQHandler                         0x08000619   Thumb Code    32  stm32f10x_it.o(.text)
    EXTI2_IRQHandler                         0x08000639   Thumb Code    68  stm32f10x_it.o(.text)
    EXTI3_IRQHandler                         0x0800067d   Thumb Code    48  stm32f10x_it.o(.text)
    Disp_TestMessage                         0x080006ed   Thumb Code   470  user.o(.text)
    InitGlobalValue                          0x080008c3   Thumb Code    28  user.o(.text)
    Parameter_valuecomp                      0x080008df   Thumb Code    44  user.o(.text)
    Hex_Format                               0x0800090b   Thumb Code   196  user.o(.text)
    Disp_Product_Model                       0x080009cf   Thumb Code    36  user.o(.text)
    Disp_Software_Version                    0x080009f3   Thumb Code    40  user.o(.text)
    Disp_Compile_Date                        0x08000a1b   Thumb Code    10  user.o(.text)
    Disp_PowerOn_Menu                        0x08000a25   Thumb Code    38  user.o(.text)
    Disp_SysMessage                          0x08000a4b   Thumb Code    20  user.o(.text)
    Disp_Idle_Menu                           0x08000a5f   Thumb Code   538  user.o(.text)
    Range_Control                            0x08000c79   Thumb Code   100  user.o(.text)
    Disp_Setup_Menu                          0x08000cdd   Thumb Code    58  user.o(.text)
    ListBox_Setup                            0x08000d17   Thumb Code   210  user.o(.text)
    Disp_Parameter_Menu                      0x08000de9   Thumb Code    46  user.o(.text)
    Disp_System_Value                        0x08000e17   Thumb Code   136  user.o(.text)
    Disp_System_Menu                         0x08000e9f   Thumb Code   574  user.o(.text)
    Number_Setup                             0x080010dd   Thumb Code   554  user.o(.text)
    Range_Changecomp                         0x08001307   Thumb Code   282  user.o(.text)
    DispF                                    0x08001421   Thumb Code  2686  user.o(.text)
    Get_FFT                                  0x08001e9f   Thumb Code   162  user.o(.text)
    Get_Res                                  0x08001f41   Thumb Code    40  user.o(.text)
    Test_Debug                               0x08001f69   Thumb Code    48  user.o(.text)
    Step_Setup                               0x08001f99   Thumb Code  1132  user.o(.text)
    Comp_test                                0x08002405   Thumb Code     2  user.o(.text)
    Da_out                                   0x08002407   Thumb Code     8  user.o(.text)
    Dma_Int                                  0x0800240f   Thumb Code    24  user.o(.text)
    jisuandianzu                             0x08002427   Thumb Code    32  user.o(.text)
    HextoBCD                                 0x08002447   Thumb Code    28  user.o(.text)
    BCDtoHex                                 0x08002463   Thumb Code    54  user.o(.text)
    BCDtoHex1                                0x08002499   Thumb Code    40  user.o(.text)
    Power_Process                            0x080024f1   Thumb Code   212  test.o(.text)
    Uart_Process                             0x080025c5   Thumb Code  1832  test.o(.text)
    Idle_Process                             0x08002ced   Thumb Code   342  test.o(.text)
    Setup_Process                            0x08002e43   Thumb Code     8  test.o(.text)
    Start_Process                            0x08002e4b   Thumb Code    54  test.o(.text)
    Output_Off                               0x08002e81   Thumb Code    30  test.o(.text)
    Test_Init                                0x08002e9f   Thumb Code  1358  test.o(.text)
    Get_Result                               0x080033ed   Thumb Code  1242  test.o(.text)
    Ad_Filter                                0x080038c7   Thumb Code   248  test.o(.text)
    Read_Ad                                  0x080039bf   Thumb Code    72  test.o(.text)
    Test_Process                             0x08003a07   Thumb Code  4392  test.o(.text)
    SendRes                                  0x08004b2f   Thumb Code   454  test.o(.text)
    TestPause_Process                        0x08004cf5   Thumb Code   462  test.o(.text)
    TestFinish_Process                       0x08004ec3   Thumb Code   186  test.o(.text)
    Reset_Process                            0x08004f7d   Thumb Code    88  test.o(.text)
    Error_Process                            0x08004fd5   Thumb Code    64  test.o(.text)
    MYDMA_Config                             0x0800501d   Thumb Code    84  dma.o(.text)
    MYDMA_Enable                             0x08005071   Thumb Code    14  dma.o(.text)
    Disp_Debug_Menu                          0x08005089   Thumb Code    68  debug.o(.text)
    CalTest_Process                          0x080050cd   Thumb Code  1212  debug.o(.text)
    Res_Calibrate                            0x08005589   Thumb Code   870  debug.o(.text)
    Debug_Process                            0x080058ef   Thumb Code   228  debug.o(.text)
    Default_Calibrate                        0x080059d3   Thumb Code   114  debug.o(.text)
    GPIO_DeInit                              0x08005a95   Thumb Code   172  stm32f10x_gpio.o(.text)
    GPIO_AFIODeInit                          0x08005b41   Thumb Code    20  stm32f10x_gpio.o(.text)
    GPIO_Init                                0x08005b55   Thumb Code   278  stm32f10x_gpio.o(.text)
    GPIO_StructInit                          0x08005c6b   Thumb Code    16  stm32f10x_gpio.o(.text)
    GPIO_ReadInputDataBit                    0x08005c7b   Thumb Code    18  stm32f10x_gpio.o(.text)
    GPIO_ReadInputData                       0x08005c8d   Thumb Code     8  stm32f10x_gpio.o(.text)
    GPIO_ReadOutputDataBit                   0x08005c95   Thumb Code    18  stm32f10x_gpio.o(.text)
    GPIO_ReadOutputData                      0x08005ca7   Thumb Code     8  stm32f10x_gpio.o(.text)
    GPIO_SetBits                             0x08005caf   Thumb Code     4  stm32f10x_gpio.o(.text)
    GPIO_ResetBits                           0x08005cb3   Thumb Code     4  stm32f10x_gpio.o(.text)
    GPIO_WriteBit                            0x08005cb7   Thumb Code    10  stm32f10x_gpio.o(.text)
    GPIO_Write                               0x08005cc1   Thumb Code     4  stm32f10x_gpio.o(.text)
    GPIO_PinLockConfig                       0x08005cc5   Thumb Code    18  stm32f10x_gpio.o(.text)
    GPIO_EventOutputConfig                   0x08005cd7   Thumb Code    26  stm32f10x_gpio.o(.text)
    GPIO_EventOutputCmd                      0x08005cf1   Thumb Code     6  stm32f10x_gpio.o(.text)
    GPIO_PinRemapConfig                      0x08005cf7   Thumb Code   138  stm32f10x_gpio.o(.text)
    GPIO_EXTILineConfig                      0x08005d81   Thumb Code    66  stm32f10x_gpio.o(.text)
    GPIO_ETH_MediaInterfaceConfig            0x08005dc3   Thumb Code     8  stm32f10x_gpio.o(.text)
    RCC_DeInit                               0x08005df1   Thumb Code    64  stm32f10x_rcc.o(.text)
    RCC_HSEConfig                            0x08005e31   Thumb Code    70  stm32f10x_rcc.o(.text)
    RCC_GetFlagStatus                        0x08005e77   Thumb Code    56  stm32f10x_rcc.o(.text)
    RCC_WaitForHSEStartUp                    0x08005eaf   Thumb Code    56  stm32f10x_rcc.o(.text)
    RCC_AdjustHSICalibrationValue            0x08005ee7   Thumb Code    20  stm32f10x_rcc.o(.text)
    RCC_HSICmd                               0x08005efb   Thumb Code     6  stm32f10x_rcc.o(.text)
    RCC_PLLConfig                            0x08005f01   Thumb Code    24  stm32f10x_rcc.o(.text)
    RCC_PLLCmd                               0x08005f19   Thumb Code     6  stm32f10x_rcc.o(.text)
    RCC_SYSCLKConfig                         0x08005f1f   Thumb Code    18  stm32f10x_rcc.o(.text)
    RCC_GetSYSCLKSource                      0x08005f31   Thumb Code    10  stm32f10x_rcc.o(.text)
    RCC_HCLKConfig                           0x08005f3b   Thumb Code    18  stm32f10x_rcc.o(.text)
    RCC_PCLK1Config                          0x08005f4d   Thumb Code    18  stm32f10x_rcc.o(.text)
    RCC_PCLK2Config                          0x08005f5f   Thumb Code    20  stm32f10x_rcc.o(.text)
    RCC_ITConfig                             0x08005f73   Thumb Code    26  stm32f10x_rcc.o(.text)
    RCC_USBCLKConfig                         0x08005f8d   Thumb Code     8  stm32f10x_rcc.o(.text)
    RCC_ADCCLKConfig                         0x08005f95   Thumb Code    18  stm32f10x_rcc.o(.text)
    RCC_LSEConfig                            0x08005fa7   Thumb Code    50  stm32f10x_rcc.o(.text)
    RCC_LSICmd                               0x08005fd9   Thumb Code     6  stm32f10x_rcc.o(.text)
    RCC_RTCCLKConfig                         0x08005fdf   Thumb Code    12  stm32f10x_rcc.o(.text)
    RCC_RTCCLKCmd                            0x08005feb   Thumb Code     8  stm32f10x_rcc.o(.text)
    RCC_GetClocksFreq                        0x08005ff3   Thumb Code   192  stm32f10x_rcc.o(.text)
    RCC_AHBPeriphClockCmd                    0x080060b3   Thumb Code    26  stm32f10x_rcc.o(.text)
    RCC_APB2PeriphClockCmd                   0x080060cd   Thumb Code    26  stm32f10x_rcc.o(.text)
    RCC_APB1PeriphClockCmd                   0x080060e7   Thumb Code    26  stm32f10x_rcc.o(.text)
    RCC_APB2PeriphResetCmd                   0x08006101   Thumb Code    26  stm32f10x_rcc.o(.text)
    RCC_APB1PeriphResetCmd                   0x0800611b   Thumb Code    26  stm32f10x_rcc.o(.text)
    RCC_BackupResetCmd                       0x08006135   Thumb Code     8  stm32f10x_rcc.o(.text)
    RCC_ClockSecuritySystemCmd               0x0800613d   Thumb Code     6  stm32f10x_rcc.o(.text)
    RCC_MCOConfig                            0x08006143   Thumb Code     6  stm32f10x_rcc.o(.text)
    RCC_ClearFlag                            0x08006149   Thumb Code    14  stm32f10x_rcc.o(.text)
    RCC_GetITStatus                          0x08006157   Thumb Code    20  stm32f10x_rcc.o(.text)
    RCC_ClearITPendingBit                    0x0800616b   Thumb Code     6  stm32f10x_rcc.o(.text)
    NVIC_PriorityGroupConfig                 0x0800619d   Thumb Code    10  misc.o(.text)
    NVIC_Init                                0x080061a7   Thumb Code   100  misc.o(.text)
    NVIC_SetVectorTable                      0x0800620b   Thumb Code    14  misc.o(.text)
    NVIC_SystemLPConfig                      0x08006219   Thumb Code    34  misc.o(.text)
    SysTick_CLKSourceConfig                  0x0800623b   Thumb Code    40  misc.o(.text)
    EXTI_DeInit                              0x08006279   Thumb Code    28  stm32f10x_exti.o(.text)
    EXTI_Init                                0x08006295   Thumb Code   142  stm32f10x_exti.o(.text)
    EXTI_StructInit                          0x08006323   Thumb Code    16  stm32f10x_exti.o(.text)
    EXTI_GenerateSWInterrupt                 0x08006333   Thumb Code    16  stm32f10x_exti.o(.text)
    EXTI_GetFlagStatus                       0x08006343   Thumb Code    22  stm32f10x_exti.o(.text)
    EXTI_ClearFlag                           0x08006359   Thumb Code     8  stm32f10x_exti.o(.text)
    EXTI_GetITStatus                         0x08006361   Thumb Code    34  stm32f10x_exti.o(.text)
    EXTI_ClearITPendingBit                   0x08006383   Thumb Code     8  stm32f10x_exti.o(.text)
    TIM_DeInit                               0x08006395   Thumb Code   424  stm32f10x_tim.o(.text)
    TIM_TimeBaseInit                         0x0800653d   Thumb Code   122  stm32f10x_tim.o(.text)
    TIM_OC1Init                              0x080065b7   Thumb Code   132  stm32f10x_tim.o(.text)
    TIM_OC2Init                              0x0800663b   Thumb Code   154  stm32f10x_tim.o(.text)
    TIM_OC3Init                              0x080066d5   Thumb Code   150  stm32f10x_tim.o(.text)
    TIM_OC4Init                              0x0800676b   Thumb Code   182  stm32f10x_tim.o(.text)
    TIM_SetIC4Prescaler                      0x08006821   Thumb Code    26  stm32f10x_tim.o(.text)
    TIM_SetIC3Prescaler                      0x080068bd   Thumb Code    18  stm32f10x_tim.o(.text)
    TIM_SetIC2Prescaler                      0x08006949   Thumb Code    26  stm32f10x_tim.o(.text)
    TIM_SetIC1Prescaler                      0x080069e5   Thumb Code    18  stm32f10x_tim.o(.text)
    TIM_ICInit                               0x08006a63   Thumb Code   150  stm32f10x_tim.o(.text)
    TIM_PWMIConfig                           0x08006af9   Thumb Code   124  stm32f10x_tim.o(.text)
    TIM_BDTRConfig                           0x08006b75   Thumb Code    32  stm32f10x_tim.o(.text)
    TIM_TimeBaseStructInit                   0x08006b95   Thumb Code    18  stm32f10x_tim.o(.text)
    TIM_OCStructInit                         0x08006ba7   Thumb Code    20  stm32f10x_tim.o(.text)
    TIM_ICStructInit                         0x08006bbb   Thumb Code    18  stm32f10x_tim.o(.text)
    TIM_BDTRStructInit                       0x08006bcd   Thumb Code    40  stm32f10x_tim.o(.text)
    TIM_Cmd                                  0x08006bf5   Thumb Code    24  stm32f10x_tim.o(.text)
    TIM_CtrlPWMOutputs                       0x08006c0d   Thumb Code    30  stm32f10x_tim.o(.text)
    TIM_ITConfig                             0x08006c2b   Thumb Code    18  stm32f10x_tim.o(.text)
    TIM_GenerateEvent                        0x08006c3d   Thumb Code     4  stm32f10x_tim.o(.text)
    TIM_DMAConfig                            0x08006c41   Thumb Code    10  stm32f10x_tim.o(.text)
    TIM_DMACmd                               0x08006c4b   Thumb Code    18  stm32f10x_tim.o(.text)
    TIM_InternalClockConfig                  0x08006c5d   Thumb Code    12  stm32f10x_tim.o(.text)
    TIM_SelectInputTrigger                   0x08006c69   Thumb Code    18  stm32f10x_tim.o(.text)
    TIM_ITRxExternalClockConfig              0x08006c7b   Thumb Code    24  stm32f10x_tim.o(.text)
    TIM_TIxExternalClockConfig               0x08006c93   Thumb Code    62  stm32f10x_tim.o(.text)
    TIM_ETRConfig                            0x08006cd1   Thumb Code    28  stm32f10x_tim.o(.text)
    TIM_ETRClockMode1Config                  0x08006ced   Thumb Code    54  stm32f10x_tim.o(.text)
    TIM_ETRClockMode2Config                  0x08006d23   Thumb Code    32  stm32f10x_tim.o(.text)
    TIM_PrescalerConfig                      0x08006d43   Thumb Code     6  stm32f10x_tim.o(.text)
    TIM_CounterModeConfig                    0x08006d49   Thumb Code    18  stm32f10x_tim.o(.text)
    TIM_EncoderInterfaceConfig               0x08006d5b   Thumb Code    66  stm32f10x_tim.o(.text)
    TIM_ForcedOC1Config                      0x08006d9d   Thumb Code    18  stm32f10x_tim.o(.text)
    TIM_ForcedOC2Config                      0x08006daf   Thumb Code    26  stm32f10x_tim.o(.text)
    TIM_ForcedOC3Config                      0x08006dc9   Thumb Code    18  stm32f10x_tim.o(.text)
    TIM_ForcedOC4Config                      0x08006ddb   Thumb Code    26  stm32f10x_tim.o(.text)
    TIM_ARRPreloadConfig                     0x08006df5   Thumb Code    24  stm32f10x_tim.o(.text)
    TIM_SelectCOM                            0x08006e0d   Thumb Code    24  stm32f10x_tim.o(.text)
    TIM_SelectCCDMA                          0x08006e25   Thumb Code    24  stm32f10x_tim.o(.text)
    TIM_CCPreloadControl                     0x08006e3d   Thumb Code    24  stm32f10x_tim.o(.text)
    TIM_OC1PreloadConfig                     0x08006e55   Thumb Code    18  stm32f10x_tim.o(.text)
    TIM_OC2PreloadConfig                     0x08006e67   Thumb Code    26  stm32f10x_tim.o(.text)
    TIM_OC3PreloadConfig                     0x08006e81   Thumb Code    18  stm32f10x_tim.o(.text)
    TIM_OC4PreloadConfig                     0x08006e93   Thumb Code    26  stm32f10x_tim.o(.text)
    TIM_OC1FastConfig                        0x08006ead   Thumb Code    18  stm32f10x_tim.o(.text)
    TIM_OC2FastConfig                        0x08006ebf   Thumb Code    26  stm32f10x_tim.o(.text)
    TIM_OC3FastConfig                        0x08006ed9   Thumb Code    18  stm32f10x_tim.o(.text)
    TIM_OC4FastConfig                        0x08006eeb   Thumb Code    26  stm32f10x_tim.o(.text)
    TIM_ClearOC1Ref                          0x08006f05   Thumb Code    18  stm32f10x_tim.o(.text)
    TIM_ClearOC2Ref                          0x08006f17   Thumb Code    24  stm32f10x_tim.o(.text)
    TIM_ClearOC3Ref                          0x08006f2f   Thumb Code    18  stm32f10x_tim.o(.text)
    TIM_ClearOC4Ref                          0x08006f41   Thumb Code    24  stm32f10x_tim.o(.text)
    TIM_OC1PolarityConfig                    0x08006f59   Thumb Code    18  stm32f10x_tim.o(.text)
    TIM_OC1NPolarityConfig                   0x08006f6b   Thumb Code    18  stm32f10x_tim.o(.text)
    TIM_OC2PolarityConfig                    0x08006f7d   Thumb Code    26  stm32f10x_tim.o(.text)
    TIM_OC2NPolarityConfig                   0x08006f97   Thumb Code    26  stm32f10x_tim.o(.text)
    TIM_OC3PolarityConfig                    0x08006fb1   Thumb Code    26  stm32f10x_tim.o(.text)
    TIM_OC3NPolarityConfig                   0x08006fcb   Thumb Code    26  stm32f10x_tim.o(.text)
    TIM_OC4PolarityConfig                    0x08006fe5   Thumb Code    26  stm32f10x_tim.o(.text)
    TIM_CCxCmd                               0x08006fff   Thumb Code    30  stm32f10x_tim.o(.text)
    TIM_CCxNCmd                              0x0800701d   Thumb Code    30  stm32f10x_tim.o(.text)
    TIM_SelectOCxM                           0x0800703b   Thumb Code    82  stm32f10x_tim.o(.text)
    TIM_UpdateDisableConfig                  0x0800708d   Thumb Code    24  stm32f10x_tim.o(.text)
    TIM_UpdateRequestConfig                  0x080070a5   Thumb Code    24  stm32f10x_tim.o(.text)
    TIM_SelectHallSensor                     0x080070bd   Thumb Code    24  stm32f10x_tim.o(.text)
    TIM_SelectOnePulseMode                   0x080070d5   Thumb Code    18  stm32f10x_tim.o(.text)
    TIM_SelectOutputTrigger                  0x080070e7   Thumb Code    18  stm32f10x_tim.o(.text)
    TIM_SelectSlaveMode                      0x080070f9   Thumb Code    18  stm32f10x_tim.o(.text)
    TIM_SelectMasterSlaveMode                0x0800710b   Thumb Code    18  stm32f10x_tim.o(.text)
    TIM_SetCounter                           0x0800711d   Thumb Code     4  stm32f10x_tim.o(.text)
    TIM_SetAutoreload                        0x08007121   Thumb Code     4  stm32f10x_tim.o(.text)
    TIM_SetCompare1                          0x08007125   Thumb Code     4  stm32f10x_tim.o(.text)
    TIM_SetCompare2                          0x08007129   Thumb Code     4  stm32f10x_tim.o(.text)
    TIM_SetCompare3                          0x0800712d   Thumb Code     4  stm32f10x_tim.o(.text)
    TIM_SetCompare4                          0x08007131   Thumb Code     6  stm32f10x_tim.o(.text)
    TIM_SetClockDivision                     0x08007137   Thumb Code    18  stm32f10x_tim.o(.text)
    TIM_GetCapture1                          0x08007149   Thumb Code     6  stm32f10x_tim.o(.text)
    TIM_GetCapture2                          0x0800714f   Thumb Code     6  stm32f10x_tim.o(.text)
    TIM_GetCapture3                          0x08007155   Thumb Code     6  stm32f10x_tim.o(.text)
    TIM_GetCapture4                          0x0800715b   Thumb Code     8  stm32f10x_tim.o(.text)
    TIM_GetCounter                           0x08007163   Thumb Code     6  stm32f10x_tim.o(.text)
    TIM_GetPrescaler                         0x08007169   Thumb Code     6  stm32f10x_tim.o(.text)
    TIM_GetFlagStatus                        0x0800716f   Thumb Code    18  stm32f10x_tim.o(.text)
    TIM_ClearFlag                            0x08007181   Thumb Code     6  stm32f10x_tim.o(.text)
    TIM_GetITStatus                          0x08007187   Thumb Code    34  stm32f10x_tim.o(.text)
    TIM_ClearITPendingBit                    0x080071a9   Thumb Code     6  stm32f10x_tim.o(.text)
    USART_DeInit                             0x080071b1   Thumb Code   134  stm32f10x_usart.o(.text)
    USART_Init                               0x08007237   Thumb Code   210  stm32f10x_usart.o(.text)
    USART_StructInit                         0x08007309   Thumb Code    24  stm32f10x_usart.o(.text)
    USART_ClockInit                          0x08007321   Thumb Code    34  stm32f10x_usart.o(.text)
    USART_ClockStructInit                    0x08007343   Thumb Code    12  stm32f10x_usart.o(.text)
    USART_Cmd                                0x0800734f   Thumb Code    24  stm32f10x_usart.o(.text)
    USART_ITConfig                           0x08007367   Thumb Code    74  stm32f10x_usart.o(.text)
    USART_DMACmd                             0x080073b1   Thumb Code    18  stm32f10x_usart.o(.text)
    USART_SetAddress                         0x080073c3   Thumb Code    18  stm32f10x_usart.o(.text)
    USART_WakeUpConfig                       0x080073d5   Thumb Code    18  stm32f10x_usart.o(.text)
    USART_ReceiverWakeUpCmd                  0x080073e7   Thumb Code    24  stm32f10x_usart.o(.text)
    USART_LINBreakDetectLengthConfig         0x080073ff   Thumb Code    18  stm32f10x_usart.o(.text)
    USART_LINCmd                             0x08007411   Thumb Code    24  stm32f10x_usart.o(.text)
    USART_SendData                           0x08007429   Thumb Code     8  stm32f10x_usart.o(.text)
    USART_ReceiveData                        0x08007431   Thumb Code    10  stm32f10x_usart.o(.text)
    USART_SendBreak                          0x0800743b   Thumb Code    10  stm32f10x_usart.o(.text)
    USART_SetGuardTime                       0x08007445   Thumb Code    16  stm32f10x_usart.o(.text)
    USART_SetPrescaler                       0x08007455   Thumb Code    16  stm32f10x_usart.o(.text)
    USART_SmartCardCmd                       0x08007465   Thumb Code    24  stm32f10x_usart.o(.text)
    USART_SmartCardNACKCmd                   0x0800747d   Thumb Code    24  stm32f10x_usart.o(.text)
    USART_HalfDuplexCmd                      0x08007495   Thumb Code    24  stm32f10x_usart.o(.text)
    USART_OverSampling8Cmd                   0x080074ad   Thumb Code    22  stm32f10x_usart.o(.text)
    USART_OneBitMethodCmd                    0x080074c3   Thumb Code    24  stm32f10x_usart.o(.text)
    USART_IrDAConfig                         0x080074db   Thumb Code    18  stm32f10x_usart.o(.text)
    USART_IrDACmd                            0x080074ed   Thumb Code    24  stm32f10x_usart.o(.text)
    USART_GetFlagStatus                      0x08007505   Thumb Code    26  stm32f10x_usart.o(.text)
    USART_ClearFlag                          0x0800751f   Thumb Code    18  stm32f10x_usart.o(.text)
    USART_GetITStatus                        0x08007531   Thumb Code    84  stm32f10x_usart.o(.text)
    USART_ClearITPendingBit                  0x08007585   Thumb Code    52  stm32f10x_usart.o(.text)
    DAC_DeInit                               0x080075b9   Thumb Code    22  stm32f10x_dac.o(.text)
    DAC_Init                                 0x080075cf   Thumb Code    46  stm32f10x_dac.o(.text)
    DAC_StructInit                           0x080075fd   Thumb Code    12  stm32f10x_dac.o(.text)
    DAC_Cmd                                  0x08007609   Thumb Code    34  stm32f10x_dac.o(.text)
    DAC_DMACmd                               0x0800762b   Thumb Code    38  stm32f10x_dac.o(.text)
    DAC_SoftwareTriggerCmd                   0x08007651   Thumb Code    48  stm32f10x_dac.o(.text)
    DAC_DualSoftwareTriggerCmd               0x08007681   Thumb Code    38  stm32f10x_dac.o(.text)
    DAC_WaveGenerationCmd                    0x080076a7   Thumb Code    36  stm32f10x_dac.o(.text)
    DAC_SetChannel1Data                      0x080076cb   Thumb Code    26  stm32f10x_dac.o(.text)
    DAC_SetChannel2Data                      0x080076e5   Thumb Code    26  stm32f10x_dac.o(.text)
    DAC_SetDualChannelData                   0x080076ff   Thumb Code    32  stm32f10x_dac.o(.text)
    DAC_GetDataOutputValue                   0x0800771f   Thumb Code    32  stm32f10x_dac.o(.text)
    ADC_DeInit                               0x08007745   Thumb Code    78  stm32f10x_adc.o(.text)
    ADC_Init                                 0x08007793   Thumb Code    70  stm32f10x_adc.o(.text)
    ADC_StructInit                           0x080077d9   Thumb Code    18  stm32f10x_adc.o(.text)
    ADC_Cmd                                  0x080077eb   Thumb Code    22  stm32f10x_adc.o(.text)
    ADC_DMACmd                               0x08007801   Thumb Code    22  stm32f10x_adc.o(.text)
    ADC_ITConfig                             0x08007817   Thumb Code    24  stm32f10x_adc.o(.text)
    ADC_ResetCalibration                     0x0800782f   Thumb Code    10  stm32f10x_adc.o(.text)
    ADC_GetResetCalibrationStatus            0x08007839   Thumb Code    20  stm32f10x_adc.o(.text)
    ADC_StartCalibration                     0x0800784d   Thumb Code    10  stm32f10x_adc.o(.text)
    ADC_GetCalibrationStatus                 0x08007857   Thumb Code    20  stm32f10x_adc.o(.text)
    ADC_SoftwareStartConvCmd                 0x0800786b   Thumb Code    22  stm32f10x_adc.o(.text)
    ADC_GetSoftwareStartConvStatus           0x08007881   Thumb Code    20  stm32f10x_adc.o(.text)
    ADC_DiscModeChannelCountConfig           0x08007895   Thumb Code    24  stm32f10x_adc.o(.text)
    ADC_DiscModeCmd                          0x080078ad   Thumb Code    22  stm32f10x_adc.o(.text)
    ADC_RegularChannelConfig                 0x080078c3   Thumb Code   184  stm32f10x_adc.o(.text)
    ADC_ExternalTrigConvCmd                  0x0800797b   Thumb Code    22  stm32f10x_adc.o(.text)
    ADC_GetConversionValue                   0x08007991   Thumb Code     8  stm32f10x_adc.o(.text)
    ADC_GetDualModeConversionValue           0x08007999   Thumb Code     8  stm32f10x_adc.o(.text)
    ADC_AutoInjectedConvCmd                  0x080079a1   Thumb Code    22  stm32f10x_adc.o(.text)
    ADC_InjectedDiscModeCmd                  0x080079b7   Thumb Code    22  stm32f10x_adc.o(.text)
    ADC_ExternalTrigInjectedConvConfig       0x080079cd   Thumb Code    16  stm32f10x_adc.o(.text)
    ADC_ExternalTrigInjectedConvCmd          0x080079dd   Thumb Code    22  stm32f10x_adc.o(.text)
    ADC_SoftwareStartInjectedConvCmd         0x080079f3   Thumb Code    22  stm32f10x_adc.o(.text)
    ADC_GetSoftwareStartInjectedConvCmdStatus 0x08007a09   Thumb Code    20  stm32f10x_adc.o(.text)
    ADC_InjectedChannelConfig                0x08007a1d   Thumb Code   130  stm32f10x_adc.o(.text)
    ADC_InjectedSequencerLengthConfig        0x08007a9f   Thumb Code    24  stm32f10x_adc.o(.text)
    ADC_SetInjectedOffset                    0x08007ab7   Thumb Code    20  stm32f10x_adc.o(.text)
    ADC_GetInjectedConversionValue           0x08007acb   Thumb Code    28  stm32f10x_adc.o(.text)
    ADC_AnalogWatchdogCmd                    0x08007ae7   Thumb Code    16  stm32f10x_adc.o(.text)
    ADC_AnalogWatchdogThresholdsConfig       0x08007af7   Thumb Code     6  stm32f10x_adc.o(.text)
    ADC_AnalogWatchdogSingleChannelConfig    0x08007afd   Thumb Code    16  stm32f10x_adc.o(.text)
    ADC_TempSensorVrefintCmd                 0x08007b0d   Thumb Code    64  stm32f10x_adc.o(.text)
    ADC_GetFlagStatus                        0x08007b4d   Thumb Code    18  stm32f10x_adc.o(.text)
    ADC_ClearFlag                            0x08007b5f   Thumb Code     6  stm32f10x_adc.o(.text)
    ADC_GetITStatus                          0x08007b65   Thumb Code    36  stm32f10x_adc.o(.text)
    ADC_ClearITPendingBit                    0x08007b89   Thumb Code    10  stm32f10x_adc.o(.text)
    DMA_DeInit                               0x08007b95   Thumb Code   324  stm32f10x_dma.o(.text)
    DMA_Init                                 0x08007cd9   Thumb Code    60  stm32f10x_dma.o(.text)
    DMA_StructInit                           0x08007d15   Thumb Code    26  stm32f10x_dma.o(.text)
    DMA_Cmd                                  0x08007d2f   Thumb Code    24  stm32f10x_dma.o(.text)
    DMA_ITConfig                             0x08007d47   Thumb Code    18  stm32f10x_dma.o(.text)
    DMA_SetCurrDataCounter                   0x08007d59   Thumb Code     4  stm32f10x_dma.o(.text)
    DMA_GetCurrDataCounter                   0x08007d5d   Thumb Code     8  stm32f10x_dma.o(.text)
    DMA_GetFlagStatus                        0x08007d65   Thumb Code    40  stm32f10x_dma.o(.text)
    DMA_ClearFlag                            0x08007d8d   Thumb Code    22  stm32f10x_dma.o(.text)
    DMA_GetITStatus                          0x08007da3   Thumb Code    40  stm32f10x_dma.o(.text)
    DMA_ClearITPendingBit                    0x08007dcb   Thumb Code    22  stm32f10x_dma.o(.text)
    SystemInit                               0x08007ec7   Thumb Code    78  system_stm32f10x.o(.text)
    SystemCoreClockUpdate                    0x08007f15   Thumb Code   142  system_stm32f10x.o(.text)
    RCC_Configuration                        0x08007fd1   Thumb Code    54  sys.o(.text)
    AT24CXX_Init                             0x08008011   Thumb Code     8  24c256.o(.text)
    AT24CXX_ReadOneByte                      0x08008019   Thumb Code    84  24c256.o(.text)
    AT24CXX_WriteOneByte                     0x0800806d   Thumb Code    76  24c256.o(.text)
    AT24CXX_WriteLenByte                     0x080080b9   Thumb Code    42  24c256.o(.text)
    AT24CXX_ReadLenByte                      0x080080e3   Thumb Code    44  24c256.o(.text)
    AT24CXX_Check                            0x0800810f   Thumb Code    46  24c256.o(.text)
    AT24CXX_Read                             0x0800813d   Thumb Code    34  24c256.o(.text)
    AT24CXX_Write                            0x0800815f   Thumb Code    44  24c256.o(.text)
    ADC_Configuration                        0x0800818d   Thumb Code   196  adc.o(.text)
    Get_Adc                                  0x08008251   Thumb Code    48  adc.o(.text)
    DAC_Configuration                        0x0800828d   Thumb Code   122  dac.o(.text)
    PORT_Gpio_Init                           0x0800830d   Thumb Code    82  gpio.o(.text)
    Led_Test_Off                             0x0800835f   Thumb Code     8  gpio.o(.text)
    Led_Test_On                              0x08008367   Thumb Code     8  gpio.o(.text)
    TIM3_Configuration                       0x08008379   Thumb Code    70  time.o(.text)
    TIM2_Configuration                       0x080083bf   Thumb Code    58  time.o(.text)
    NVIC_Configuration                       0x080083fd   Thumb Code    68  uart.o(.text)
    GPIO_UART                                0x08008441   Thumb Code    86  uart.o(.text)
    USART_Configuration                      0x08008497   Thumb Code    68  uart.o(.text)
    Keyboard_Init                            0x080084e9   Thumb Code   104  keyboard.o(.text)
    Key_Identiry                             0x08008551   Thumb Code   180  keyboard.o(.text)
    Key_Init                                 0x08008605   Thumb Code    24  keyboard.o(.text)
    Key_Read                                 0x0800861d   Thumb Code    22  keyboard.o(.text)
    Key_Read_WithTimeOut                     0x08008633   Thumb Code    36  keyboard.o(.text)
    Key_Scan                                 0x08008657   Thumb Code   210  keyboard.o(.text)
    Lcd2002_Gpio_Init                        0x08008741   Thumb Code    48  lcd2002.o(.text)
    Lcd_ReadBF                               0x08008771   Thumb Code    10  lcd2002.o(.text)
    Lcd_WriteCmd                             0x0800877b   Thumb Code    52  lcd2002.o(.text)
    Lcd_SetAddr                              0x080087af   Thumb Code    72  lcd2002.o(.text)
    Lcd_AddrUpdate                           0x080087f7   Thumb Code    62  lcd2002.o(.text)
    Lcd_WriteData                            0x08008835   Thumb Code    58  lcd2002.o(.text)
    Lcd_Clr                                  0x0800886f   Thumb Code    10  lcd2002.o(.text)
    Lcd_Init                                 0x08008879   Thumb Code    36  lcd2002.o(.text)
    Disp_Clr                                 0x080088b1   Thumb Code     8  disp.o(.text)
    Disp_Char                                0x080088b9   Thumb Code    12  disp.o(.text)
    Disp_CharAt                              0x080088c5   Thumb Code    16  disp.o(.text)
    Disp_Str                                 0x080088d5   Thumb Code    38  disp.o(.text)
    Disp_StrAt                               0x080088fb   Thumb Code    16  disp.o(.text)
    SaveGroup                                0x0800890d   Thumb Code    14  flash_eerom.o(.text)
    ReadGroup                                0x0800891b   Thumb Code    14  flash_eerom.o(.text)
    SavePselect                              0x08008929   Thumb Code    18  flash_eerom.o(.text)
    ReadPselect                              0x0800893b   Thumb Code    18  flash_eerom.o(.text)
    Store_set_flash                          0x0800894d   Thumb Code    34  flash_eerom.o(.text)
    ReadSetByGroup                           0x0800896f   Thumb Code    34  flash_eerom.o(.text)
    ReadCalData                              0x08008991   Thumb Code    18  flash_eerom.o(.text)
    StoreCalDate                             0x080089a3   Thumb Code    18  flash_eerom.o(.text)
    Da_Out                                   0x080089b9   Thumb Code    14  hardware.o(.text)
    Arc_Out                                  0x080089c7   Thumb Code    18  hardware.o(.text)
    Read_Ad_Ch0                              0x080089d9   Thumb Code    12  hardware.o(.text)
    Read_Ad_Ch1                              0x080089e5   Thumb Code    12  hardware.o(.text)
    Beep_On                                  0x080089f1   Thumb Code    48  hardware.o(.text)
    Beep_Off                                 0x08008a21   Thumb Code    48  hardware.o(.text)
    Led_Fail_Off                             0x08008a51   Thumb Code    50  hardware.o(.text)
    Led_Fail_On                              0x08008a83   Thumb Code    50  hardware.o(.text)
    Led_HV_On                                0x08008ab5   Thumb Code    48  hardware.o(.text)
    Led_HV_Off                               0x08008ae5   Thumb Code    48  hardware.o(.text)
    Plc_Pass_On                              0x08008b15   Thumb Code    50  hardware.o(.text)
    Plc_Pass_Off                             0x08008b47   Thumb Code    50  hardware.o(.text)
    Led_Pass_On                              0x08008b79   Thumb Code    54  hardware.o(.text)
    Led_Pass_Off                             0x08008baf   Thumb Code    54  hardware.o(.text)
    Plc_Start_On                             0x08008be5   Thumb Code    10  hardware.o(.text)
    Plc_Start_Off                            0x08008bef   Thumb Code    10  hardware.o(.text)
    Amp_Output_On                            0x08008bf9   Thumb Code    50  hardware.o(.text)
    Amp_Output_Off                           0x08008c2b   Thumb Code    50  hardware.o(.text)
    Dc_Output_On                             0x08008c5d   Thumb Code    56  hardware.o(.text)
    Dc_Output_Off                            0x08008c95   Thumb Code    58  hardware.o(.text)
    Frequency_Control                        0x08008ccf   Thumb Code    44  hardware.o(.text)
    Start_Uart                               0x08008cfb   Thumb Code     2  hardware.o(.text)
    Stop_Uart                                0x08008cfd   Thumb Code     2  hardware.o(.text)
    Cpu_Init                                 0x08008cff   Thumb Code     2  hardware.o(.text)
    Hardware_Init                            0x08008d01   Thumb Code    80  hardware.o(.text)
    ResetSys                                 0x08008d51   Thumb Code     2  hardware.o(.text)
    Beep_Init                                0x08008d75   Thumb Code    18  beep.o(.text)
    Beep_Work                                0x08008d87   Thumb Code    94  beep.o(.text)
    Beep_Long                                0x08008e0d   Thumb Code    14  beep.o(.text)
    Beep_One                                 0x08008e1b   Thumb Code    14  beep.o(.text)
    Beep_Two                                 0x08008e29   Thumb Code    14  beep.o(.text)
    IIC_Init                                 0x08008e45   Thumb Code    46  myiic.o(.text)
    IIC_Start                                0x08008e73   Thumb Code    64  myiic.o(.text)
    IIC_Stop                                 0x08008eb3   Thumb Code    66  myiic.o(.text)
    IIC_Wait_Ack                             0x08008ef5   Thumb Code    94  myiic.o(.text)
    IIC_Ack                                  0x08008f53   Thumb Code    70  myiic.o(.text)
    IIC_NAck                                 0x08008f99   Thumb Code    70  myiic.o(.text)
    IIC_Send_Byte                            0x08008fdf   Thumb Code    98  myiic.o(.text)
    IIC_Read_Byte                            0x08009041   Thumb Code   100  myiic.o(.text)
    INT_Init                                 0x080090b1   Thumb Code    32  exti.o(.text)
    EXTIX_Init                               0x080090d1   Thumb Code   220  exti.o(.text)
    __aeabi_memcpy                           0x080091b1   Thumb Code    36  memcpya.o(.text)
    __aeabi_memcpy4                          0x080091b1   Thumb Code     0  memcpya.o(.text)
    __aeabi_memcpy8                          0x080091b1   Thumb Code     0  memcpya.o(.text)
    __aeabi_memset                           0x080091d5   Thumb Code    14  memseta.o(.text)
    __aeabi_memset4                          0x080091d5   Thumb Code     0  memseta.o(.text)
    __aeabi_memset8                          0x080091d5   Thumb Code     0  memseta.o(.text)
    __aeabi_memclr                           0x080091e3   Thumb Code     4  memseta.o(.text)
    __aeabi_memclr4                          0x080091e3   Thumb Code     0  memseta.o(.text)
    __aeabi_memclr8                          0x080091e3   Thumb Code     0  memseta.o(.text)
    _memset$wrapper                          0x080091e7   Thumb Code    18  memseta.o(.text)
    strcat                                   0x080091f9   Thumb Code    24  strcat.o(.text)
    strlen                                   0x08009211   Thumb Code    14  strlen.o(.text)
    __aeabi_fadd                             0x0800921f   Thumb Code   164  fadd.o(.text)
    __aeabi_fsub                             0x080092c3   Thumb Code     6  fadd.o(.text)
    __aeabi_frsub                            0x080092c9   Thumb Code     6  fadd.o(.text)
    __aeabi_fmul                             0x080092cf   Thumb Code   100  fmul.o(.text)
    __aeabi_fdiv                             0x08009333   Thumb Code   124  fdiv.o(.text)
    __aeabi_dmul                             0x080093af   Thumb Code   228  dmul.o(.text)
    __aeabi_ddiv                             0x08009493   Thumb Code   222  ddiv.o(.text)
    __aeabi_ui2f                             0x08009571   Thumb Code    10  ffltui.o(.text)
    __aeabi_f2uiz                            0x0800957b   Thumb Code    40  ffixui.o(.text)
    __aeabi_d2uiz                            0x080095a3   Thumb Code    50  dfixui.o(.text)
    __aeabi_f2d                              0x080095d5   Thumb Code    38  f2d.o(.text)
    __aeabi_cdcmpeq                          0x080095fd   Thumb Code     0  cdcmple.o(.text)
    __aeabi_cdcmple                          0x080095fd   Thumb Code    48  cdcmple.o(.text)
    __aeabi_cdrcmple                         0x0800962d   Thumb Code    48  cdrcmple.o(.text)
    __aeabi_d2f                              0x0800965d   Thumb Code    56  d2f.o(.text)
    __aeabi_cfcmpeq                          0x08009695   Thumb Code     0  cfcmple.o(.text)
    __aeabi_cfcmple                          0x08009695   Thumb Code    20  cfcmple.o(.text)
    __aeabi_cfrcmple                         0x080096a9   Thumb Code    20  cfrcmple.o(.text)
    __aeabi_llsr                             0x080096bd   Thumb Code    32  llushr.o(.text)
    _ll_ushift_r                             0x080096bd   Thumb Code     0  llushr.o(.text)
    __strtod_int                             0x08009713   Thumb Code    90  strtod.o(.text)
    __I$use$fp                               0x08009779   Thumb Code     0  iusefp.o(.text)
    _float_round                             0x08009779   Thumb Code    18  fepilogue.o(.text)
    _float_epilogue                          0x0800978b   Thumb Code    92  fepilogue.o(.text)
    _double_round                            0x080097e7   Thumb Code    30  depilogue.o(.text)
    _double_epilogue                         0x08009805   Thumb Code   156  depilogue.o(.text)
    __scatterload                            0x080098a1   Thumb Code    28  init.o(.text)
    __scatterload_rt2                        0x080098a1   Thumb Code     0  init.o(.text)
    __aeabi_llsl                             0x080098c5   Thumb Code    30  llshl.o(.text)
    _ll_shift_l                              0x080098c5   Thumb Code     0  llshl.o(.text)
    isspace                                  0x080098e3   Thumb Code    10  isspace_c.o(.text)
    _scanf_real                              0x08009a15   Thumb Code     0  scanf_fp.o(.text)
    _scanf_really_real                       0x08009a15   Thumb Code   556  scanf_fp.o(.text)
    _sgetc                                   0x08009c4d   Thumb Code    30  _sgetc.o(.text)
    _sbackspace                              0x08009c6b   Thumb Code    34  _sgetc.o(.text)
    __ctype_lookup                           0x08009c8d   Thumb Code    34  ctype_c.o(.text)
    __aeabi_ul2d                             0x08009cb5   Thumb Code    24  dfltul.o(.text)
    __read_errno                             0x08009ccd   Thumb Code     6  errno.o(i.__read_errno)
    __scatterload_copy                       0x08009cd9   Thumb Code    14  handlers.o(i.__scatterload_copy)
    __scatterload_null                       0x08009ce7   Thumb Code     2  handlers.o(i.__scatterload_null)
    __scatterload_zeroinit                   0x08009ce9   Thumb Code    14  handlers.o(i.__scatterload_zeroinit)
    __set_errno                              0x08009cf9   Thumb Code     6  errno.o(i.__set_errno)
    _is_digit                                0x08009d05   Thumb Code    14  scanf_fp.o(i._is_digit)
    atof                                     0x08009d13   Thumb Code    42  atof.o(i.atof)
    Sin                                      0x08009d3c   Data         256  user.o(.constdata)
    POW_NUM                                  0x08009e3c   Data           8  user.o(.constdata)
    RANGE_RATE                               0x08009e44   Data          20  user.o(.constdata)
    I_TEST_DISP                              0x08009e58   Data          14  user.o(.constdata)
    W_TEST_DISP                              0x08009e66   Data          21  user.o(.constdata)
    I_SET                                    0x08009e7b   Data          64  user.o(.constdata)
    AC_DC_SET                                0x08009ebb   Data           8  user.o(.constdata)
    FREQ_SET                                 0x08009ec3   Data           6  user.o(.constdata)
    GROUP_DISP_ITEM                          0x08009ec9   Data          24  user.o(.constdata)
    GROUP_ITEM                               0x08009ee1   Data          24  user.o(.constdata)
    I_Sel_Tab                                0x08009ef9   Data          85  user.o(.constdata)
    W_SET                                    0x08009f4e   Data         128  user.o(.constdata)
    W_Sel_Tab                                0x08009fce   Data         153  user.o(.constdata)
    I_W_SET                                  0x0800a067   Data         204  user.o(.constdata)
    I_W_Sel_Tab                              0x0800a133   Data         221  user.o(.constdata)
    I_WDC_Sel_Tab                            0x0800a210   Data         221  user.o(.constdata)
    RangeTab                                 0x0800a2ed   Data          40  user.o(.constdata)
    BeepTab                                  0x0800a315   Data          15  user.o(.constdata)
    SwitchTab                                0x0800a324   Data          10  user.o(.constdata)
    SetupMenu                                0x0800a32e   Data          84  user.o(.constdata)
    EnterTab                                 0x0800a382   Data          21  user.o(.constdata)
    NumberTab                                0x0800a397   Data          84  user.o(.constdata)
    SelectTab                                0x0800a3eb   Data          21  user.o(.constdata)
    ParameterTab                             0x0800a400   Data          65  user.o(.constdata)
    NumTab                                   0x0800a441   Data          24  user.o(.constdata)
    SystemTab                                0x0800a459   Data          52  user.o(.constdata)
    SystemLimit                              0x0800a48e   Data          16  user.o(.constdata)
    SystemLimitDot                           0x0800a49e   Data          10  user.o(.constdata)
    ParameterLimit                           0x0800a4a8   Data          52  user.o(.constdata)
    ParameterLimit_AC                        0x0800a4dc   Data          52  user.o(.constdata)
    ParameterComp                            0x0800a510   Data          52  user.o(.constdata)
    ParameterLimit_dot                       0x0800a544   Data          22  user.o(.constdata)
    ParameterLimit_len                       0x0800a55a   Data          32  user.o(.constdata)
    MsgTab                                   0x0800a57a   Data          63  user.o(.constdata)
    FactoryTabS                              0x0800a5b9   Data         105  user.o(.constdata)
    FactoryTab                               0x0800a622   Data         105  user.o(.constdata)
    ParameterDotTab                          0x0800a68b   Data          52  user.o(.constdata)
    IR_Range_dot                             0x0800a6bf   Data           5  test.o(.constdata)
    CalibrateLimit                           0x0800a6c4   Data          44  debug.o(.constdata)
    CalibrateLimitvalue                      0x0800a6f0   Data          20  debug.o(.constdata)
    DebugMenu                                0x0800a704   Data         170  debug.o(.constdata)
    Debugext                                 0x0800a7ae   Data          17  debug.o(.constdata)
    Debugtext                                0x0800a7bf   Data          21  debug.o(.constdata)
    CalIrTab                                 0x0800a7d4   Data         168  debug.o(.constdata)
    CalTestTab                               0x0800a87c   Data         170  debug.o(.constdata)
    EnterTab1                                0x0800a926   Data          17  debug.o(.constdata)
    Debug_Dot                                0x0800a937   Data          11  debug.o(.constdata)
    LCD_INIT_PARAMETER                       0x0800a942   Data           5  lcd2002.o(.constdata)
    ArcLevel                                 0x0800a948   Data          20  hardware.o(.constdata)
    __ctype_categories                       0x0800a95c   Data          64  ctype_c.o(.constdata)
    Region$$Table$$Base                      0x0800a99c   Number         0  anon$$obj.o(Region$$Table)
    Region$$Table$$Limit                     0x0800a9bc   Number         0  anon$$obj.o(Region$$Table)
    F_Fail                                   0x20000000   Data           1  pbdata.o(.data)
    F_100ms                                  0x20000001   Data           1  pbdata.o(.data)
    F_Password                               0x20000002   Data           1  pbdata.o(.data)
    SystemStatus                             0x20000003   Data           1  pbdata.o(.data)
    SystemMessage                            0x20000004   Data           1  pbdata.o(.data)
    MenuIndex                                0x20000005   Data           1  pbdata.o(.data)
    Range                                    0x20000006   Data           1  pbdata.o(.data)
    ffit_data1                               0x20000007   Data           1  pbdata.o(.data)
    count_ffit                               0x20000008   Data           2  pbdata.o(.data)
    Voltage                                  0x2000000c   Data           4  pbdata.o(.data)
    Test_Time                                0x20000010   Data           4  pbdata.o(.data)
    Resistance                               0x20000014   Data           4  pbdata.o(.data)
    dt                                       0x20000018   Data           1  pbdata.o(.data)
    SoftTimer                                0x20000019   Data           2  pbdata.o(.data)
    StepIndex                                0x2000001b   Data           1  pbdata.o(.data)
    TotalStep                                0x2000001c   Data           1  pbdata.o(.data)
    Current                                  0x2000001e   Data           2  pbdata.o(.data)
    TestTime                                 0x20000020   Data           2  pbdata.o(.data)
    AdCount                                  0x20000022   Data           1  pbdata.o(.data)
    RampStepYs                               0x20000024   Data           2  pbdata.o(.data)
    RampStepFd                               0x20000026   Data           2  pbdata.o(.data)
    RampStepTime                             0x20000028   Data           1  pbdata.o(.data)
    TestOut                                  0x2000002a   Data           2  pbdata.o(.data)
    FullOut                                  0x2000002c   Data           2  pbdata.o(.data)
    ra_flag                                  0x2000002e   Data           1  pbdata.o(.data)
    run_stemp                                0x2000002f   Data           1  pbdata.o(.data)
    rangelomit_low                           0x20000030   Data           2  pbdata.o(.data)
    rangr_limit_high                         0x20000032   Data           2  pbdata.o(.data)
    DefaultCalDaOut                          0x20000034   Data           8  pbdata.o(.data)
    strbuff                                  0x20000040   Data           8  test.o(.data)
    respond                                  0x20000048   Data           1  test.o(.data)
    USENDI                                   0x2000004c   Data           4  test.o(.data)
    U2                                       0x20000050   Data           1  test.o(.data)
    DMA1_MEM_LEN                             0x20000052   Data           2  dma.o(.data)
    calitem                                  0x20000054   Data           1  debug.o(.data)
    DefaultCalibrate                         0x20000056   Data          32  debug.o(.data)
    SystemCoreClock                          0x2000008c   Data           4  system_stm32f10x.o(.data)
    AHBPrescTable                            0x20000090   Data          16  system_stm32f10x.o(.data)
    IC19_574buff                             0x200000a0   Data           1  gpio.o(.data)
    IC42_574buff                             0x200000a1   Data           1  gpio.o(.data)
    disp_time                                0x200000a4   Data           4  time.o(.data)
    Keyboard                                 0x200000a8   Data           3  keyboard.o(.data)
    LcdAddr                                  0x200000ae   Data           2  lcd2002.o(.data)
    DispBuf                                  0x200000b0   Data           8  disp.o(.data)
    NumBox                                   0x200000c4   Data          16  pbdata.o(.bss)
    Test_value                               0x200000d4   Data          16  pbdata.o(.bss)
    Float                                    0x200000e4   Data          12  pbdata.o(.bss)
    SaveData                                 0x200000f0   Data          74  pbdata.o(.bss)
    Calibrate                                0x2000013a   Data          44  pbdata.o(.bss)
    Res_count                                0x20000168   Data          16  pbdata.o(.bss)
    i_buff                                   0x20000178   Data          48  pbdata.o(.bss)
    Vbuf                                     0x200001a8   Data          16  pbdata.o(.bss)
    Ibuf                                     0x200001b8   Data          16  pbdata.o(.bss)
    Test_mid                                 0x200001c8   Data          10  pbdata.o(.bss)
    Cal                                      0x200001d2   Data          44  pbdata.o(.bss)
    sendbuff                                 0x200001fe   Data          20  test.o(.bss)
    sendbuff1                                0x20000212   Data          20  test.o(.bss)
    sendbuff2                                0x20000226   Data          20  test.o(.bss)
    sendbuff3                                0x2000023a   Data          20  test.o(.bss)
    DMA_InitStructure                        0x20000250   Data          44  dma.o(.bss)
    ComBuf                                   0x2000027c   Data          58  uart.o(.bss)
    ComBuf1                                  0x200002b6   Data          58  uart.o(.bss)
    FacBuf                                   0x200002f0   Data          58  uart.o(.bss)
    __initial_sp                             0x20000730   Data           0  startup_stm32f10x_hd.o(STACK)



==============================================================================

Memory Map of the image

  Image Entry point : 0x08000131

  Load Region LR_IROM1 (Base: 0x08000000, Size: 0x0000aa80, Max: 0x00040000, ABSOLUTE)

    Execution Region ER_IROM1 (Exec base: 0x08000000, Load base: 0x08000000, Size: 0x0000a9bc, Max: 0x00040000, ABSOLUTE)

    Exec Addr    Load Addr    Size         Type   Attr      Idx    E Section Name        Object

    0x08000000   0x08000000   0x00000130   Data   RO            3    RESET               startup_stm32f10x_hd.o
    0x08000130   0x08000130   0x00000000   Code   RO          699  * .ARM.Collect$$$$00000000  mc_w.l(entry.o)
    0x08000130   0x08000130   0x00000004   Code   RO          740    .ARM.Collect$$$$00000001  mc_w.l(entry2.o)
    0x08000134   0x08000134   0x00000004   Code   RO          743    .ARM.Collect$$$$00000004  mc_w.l(entry5.o)
    0x08000138   0x08000138   0x00000000   Code   RO          745    .ARM.Collect$$$$00000008  mc_w.l(entry7b.o)
    0x08000138   0x08000138   0x00000000   Code   RO          747    .ARM.Collect$$$$0000000A  mc_w.l(entry8b.o)
    0x08000138   0x08000138   0x00000008   Code   RO          748    .ARM.Collect$$$$0000000B  mc_w.l(entry9a.o)
    0x08000140   0x08000140   0x00000000   Code   RO          750    .ARM.Collect$$$$0000000D  mc_w.l(entry10a.o)
    0x08000140   0x08000140   0x00000000   Code   RO          752    .ARM.Collect$$$$0000000F  mc_w.l(entry11a.o)
    0x08000140   0x08000140   0x00000004   Code   RO          741    .ARM.Collect$$$$00002712  mc_w.l(entry2.o)
    0x08000144   0x08000144   0x00000024   Code   RO            4    .text               startup_stm32f10x_hd.o
    0x08000168   0x08000168   0x000000a4   Code   RO           10    .text               main.o
    0x0800020c   0x0800020c   0x000000ec   Code   RO          147    .text               pbdata.o
    0x080002f8   0x080002f8   0x000003f4   Code   RO          167    .text               stm32f10x_it.o
    0x080006ec   0x080006ec   0x00001e04   Code   RO          184    .text               user.o
    0x080024f0   0x080024f0   0x00002b2c   Code   RO          202    .text               test.o
    0x0800501c   0x0800501c   0x0000006c   Code   RO          225    .text               dma.o
    0x08005088   0x08005088   0x00000a0c   Code   RO          247    .text               debug.o
    0x08005a94   0x08005a94   0x0000035c   Code   RO          266    .text               stm32f10x_gpio.o
    0x08005df0   0x08005df0   0x000003ac   Code   RO          278    .text               stm32f10x_rcc.o
    0x0800619c   0x0800619c   0x000000dc   Code   RO          292    .text               misc.o
    0x08006278   0x08006278   0x0000011c   Code   RO          304    .text               stm32f10x_exti.o
    0x08006394   0x08006394   0x00000e1a   Code   RO          316    .text               stm32f10x_tim.o
    0x080071ae   0x080071ae   0x00000002   PAD
    0x080071b0   0x080071b0   0x00000408   Code   RO          328    .text               stm32f10x_usart.o
    0x080075b8   0x080075b8   0x0000018c   Code   RO          340    .text               stm32f10x_dac.o
    0x08007744   0x08007744   0x0000044e   Code   RO          352    .text               stm32f10x_adc.o
    0x08007b92   0x08007b92   0x00000002   PAD
    0x08007b94   0x08007b94   0x00000254   Code   RO          403    .text               stm32f10x_dma.o
    0x08007de8   0x08007de8   0x000001e8   Code   RO          425    .text               system_stm32f10x.o
    0x08007fd0   0x08007fd0   0x00000040   Code   RO          450    .text               sys.o
    0x08008010   0x08008010   0x0000017a   Code   RO          478    .text               24c256.o
    0x0800818a   0x0800818a   0x00000002   PAD
    0x0800818c   0x0800818c   0x00000100   Code   RO          490    .text               adc.o
    0x0800828c   0x0800828c   0x00000080   Code   RO          502    .text               dac.o
    0x0800830c   0x0800830c   0x0000006c   Code   RO          514    .text               gpio.o
    0x08008378   0x08008378   0x00000084   Code   RO          532    .text               time.o
    0x080083fc   0x080083fc   0x000000ec   Code   RO          550    .text               uart.o
    0x080084e8   0x080084e8   0x00000258   Code   RO          568    .text               keyboard.o
    0x08008740   0x08008740   0x00000170   Code   RO          586    .text               lcd2002.o
    0x080088b0   0x080088b0   0x0000005a   Code   RO          605    .text               disp.o
    0x0800890a   0x0800890a   0x00000002   PAD
    0x0800890c   0x0800890c   0x000000ac   Code   RO          630    .text               flash_eerom.o
    0x080089b8   0x080089b8   0x000003bc   Code   RO          642    .text               hardware.o
    0x08008d74   0x08008d74   0x000000d0   Code   RO          657    .text               beep.o
    0x08008e44   0x08008e44   0x0000026c   Code   RO          671    .text               myiic.o
    0x080090b0   0x080090b0   0x00000100   Code   RO          683    .text               exti.o
    0x080091b0   0x080091b0   0x00000024   Code   RO          702    .text               mc_w.l(memcpya.o)
    0x080091d4   0x080091d4   0x00000024   Code   RO          704    .text               mc_w.l(memseta.o)
    0x080091f8   0x080091f8   0x00000018   Code   RO          706    .text               mc_w.l(strcat.o)
    0x08009210   0x08009210   0x0000000e   Code   RO          708    .text               mc_w.l(strlen.o)
    0x0800921e   0x0800921e   0x000000b0   Code   RO          712    .text               mf_w.l(fadd.o)
    0x080092ce   0x080092ce   0x00000064   Code   RO          714    .text               mf_w.l(fmul.o)
    0x08009332   0x08009332   0x0000007c   Code   RO          716    .text               mf_w.l(fdiv.o)
    0x080093ae   0x080093ae   0x000000e4   Code   RO          718    .text               mf_w.l(dmul.o)
    0x08009492   0x08009492   0x000000de   Code   RO          720    .text               mf_w.l(ddiv.o)
    0x08009570   0x08009570   0x0000000a   Code   RO          722    .text               mf_w.l(ffltui.o)
    0x0800957a   0x0800957a   0x00000028   Code   RO          724    .text               mf_w.l(ffixui.o)
    0x080095a2   0x080095a2   0x00000032   Code   RO          726    .text               mf_w.l(dfixui.o)
    0x080095d4   0x080095d4   0x00000026   Code   RO          728    .text               mf_w.l(f2d.o)
    0x080095fa   0x080095fa   0x00000002   PAD
    0x080095fc   0x080095fc   0x00000030   Code   RO          730    .text               mf_w.l(cdcmple.o)
    0x0800962c   0x0800962c   0x00000030   Code   RO          732    .text               mf_w.l(cdrcmple.o)
    0x0800965c   0x0800965c   0x00000038   Code   RO          734    .text               mf_w.l(d2f.o)
    0x08009694   0x08009694   0x00000014   Code   RO          736    .text               mf_w.l(cfcmple.o)
    0x080096a8   0x080096a8   0x00000014   Code   RO          738    .text               mf_w.l(cfrcmple.o)
    0x080096bc   0x080096bc   0x00000020   Code   RO          754    .text               mc_w.l(llushr.o)
    0x080096dc   0x080096dc   0x0000009c   Code   RO          763    .text               mc_w.l(strtod.o)
    0x08009778   0x08009778   0x00000000   Code   RO          765    .text               mc_w.l(iusefp.o)
    0x08009778   0x08009778   0x0000006e   Code   RO          766    .text               mf_w.l(fepilogue.o)
    0x080097e6   0x080097e6   0x000000ba   Code   RO          768    .text               mf_w.l(depilogue.o)
    0x080098a0   0x080098a0   0x00000024   Code   RO          770    .text               mc_w.l(init.o)
    0x080098c4   0x080098c4   0x0000001e   Code   RO          772    .text               mc_w.l(llshl.o)
    0x080098e2   0x080098e2   0x0000000a   Code   RO          774    .text               mc_w.l(isspace_c.o)
    0x080098ec   0x080098ec   0x00000360   Code   RO          776    .text               mc_w.l(scanf_fp.o)
    0x08009c4c   0x08009c4c   0x00000040   Code   RO          780    .text               mc_w.l(_sgetc.o)
    0x08009c8c   0x08009c8c   0x00000028   Code   RO          782    .text               mc_w.l(ctype_c.o)
    0x08009cb4   0x08009cb4   0x00000018   Code   RO          785    .text               mf_w.l(dfltul.o)
    0x08009ccc   0x08009ccc   0x0000000c   Code   RO          757    i.__read_errno      mc_w.l(errno.o)
    0x08009cd8   0x08009cd8   0x0000000e   Code   RO          789    i.__scatterload_copy  mc_w.l(handlers.o)
    0x08009ce6   0x08009ce6   0x00000002   Code   RO          790    i.__scatterload_null  mc_w.l(handlers.o)
    0x08009ce8   0x08009ce8   0x0000000e   Code   RO          791    i.__scatterload_zeroinit  mc_w.l(handlers.o)
    0x08009cf6   0x08009cf6   0x00000002   PAD
    0x08009cf8   0x08009cf8   0x0000000c   Code   RO          758    i.__set_errno       mc_w.l(errno.o)
    0x08009d04   0x08009d04   0x0000000e   Code   RO          778    i._is_digit         mc_w.l(scanf_fp.o)
    0x08009d12   0x08009d12   0x0000002a   Code   RO          696    i.atof              m_ws.l(atof.o)
    0x08009d3c   0x08009d3c   0x00000983   Data   RO          185    .constdata          user.o
    0x0800a6bf   0x0800a6bf   0x00000005   Data   RO          204    .constdata          test.o
    0x0800a6c4   0x0800a6c4   0x0000027e   Data   RO          248    .constdata          debug.o
    0x0800a942   0x0800a942   0x00000005   Data   RO          587    .constdata          lcd2002.o
    0x0800a947   0x0800a947   0x00000001   PAD
    0x0800a948   0x0800a948   0x00000014   Data   RO          643    .constdata          hardware.o
    0x0800a95c   0x0800a95c   0x00000040   Data   RO          783    .constdata          mc_w.l(ctype_c.o)
    0x0800a99c   0x0800a99c   0x00000020   Data   RO          787    Region$$Table       anon$$obj.o


    Execution Region RW_IRAM1 (Exec base: 0x20000000, Load base: 0x0800a9bc, Size: 0x00000730, Max: 0x0000c000, ABSOLUTE)

    Exec Addr    Load Addr    Size         Type   Attr      Idx    E Section Name        Object

    0x20000000   0x0800a9bc   0x0000003c   Data   RW          149    .data               pbdata.o
    0x2000003c   0x0800a9f8   0x00000001   Data   RW          168    .data               stm32f10x_it.o
    0x2000003d   0x0800a9f9   0x00000003   PAD
    0x20000040   0x0800a9fc   0x00000011   Data   RW          205    .data               test.o
    0x20000051   0x0800aa0d   0x00000001   PAD
    0x20000052   0x0800aa0e   0x00000002   Data   RW          227    .data               dma.o
    0x20000054   0x0800aa10   0x00000022   Data   RW          249    .data               debug.o
    0x20000076   0x0800aa32   0x00000014   Data   RW          279    .data               stm32f10x_rcc.o
    0x2000008a   0x0800aa46   0x00000002   PAD
    0x2000008c   0x0800aa48   0x00000014   Data   RW          426    .data               system_stm32f10x.o
    0x200000a0   0x0800aa5c   0x00000002   Data   RW          515    .data               gpio.o
    0x200000a2   0x0800aa5e   0x00000002   PAD
    0x200000a4   0x0800aa60   0x00000004   Data   RW          533    .data               time.o
    0x200000a8   0x0800aa64   0x00000006   Data   RW          569    .data               keyboard.o
    0x200000ae   0x0800aa6a   0x00000002   Data   RW          588    .data               lcd2002.o
    0x200000b0   0x0800aa6c   0x00000008   Data   RW          606    .data               disp.o
    0x200000b8   0x0800aa74   0x00000005   Data   RW          658    .data               beep.o
    0x200000bd   0x0800aa79   0x00000003   PAD
    0x200000c0   0x0800aa7c   0x00000004   Data   RW          759    .data               mc_w.l(errno.o)
    0x200000c4        -       0x0000013a   Zero   RW          148    .bss                pbdata.o
    0x200001fe        -       0x00000050   Zero   RW          203    .bss                test.o
    0x2000024e   0x0800aa80   0x00000002   PAD
    0x20000250        -       0x0000002c   Zero   RW          226    .bss                dma.o
    0x2000027c        -       0x000000ae   Zero   RW          551    .bss                uart.o
    0x2000032a   0x0800aa80   0x00000006   PAD
    0x20000330        -       0x00000400   Zero   RW            1    STACK               startup_stm32f10x_hd.o


==============================================================================

Image component sizes


      Code (inc. data)   RO Data    RW Data    ZI Data      Debug   Object Name

       378          0          0          0          0       2658   24c256.o
       256         12          0          0          0       1060   adc.o
       208         14          0          5          0       1362   beep.o
       128          6          0          0          0        556   dac.o
      2572        250        638         34          0       4719   debug.o
        90          0          0          8          0       1539   disp.o
       108         10          0          2         44      11061   dma.o
       256          4          0          0          0        758   exti.o
       172          4          0          0          0       1522   flash_eerom.o
       108         10          0          2          0        918   gpio.o
       956         34         20          0          0       3863   hardware.o
       600         24          0          6          0       3128   keyboard.o
       368         20          5          2          0       3075   lcd2002.o
       164         22          0          0          0     279276   main.o
       220         22          0          0          0       1637   misc.o
       620         12          0          0          0       1820   myiic.o
       236          4          0         60        314       9832   pbdata.o
        36          8        304          0       1024        776   startup_stm32f10x_hd.o
      1102         26          0          0          0      10881   stm32f10x_adc.o
       396          6          0          0          0       3502   stm32f10x_dac.o
       596          8          0          0          0       4202   stm32f10x_dma.o
       284         10          0          0          0       2099   stm32f10x_exti.o
       860         38          0          0          0       5573   stm32f10x_gpio.o
      1012         64          0          1          0       2703   stm32f10x_it.o
       940         44          0         20          0       8700   stm32f10x_rcc.o
      3610         88          0          0          0      22684   stm32f10x_tim.o
      1032         22          0          0          0       8296   stm32f10x_usart.o
        64         10          0          0          0       8253   sys.o
       488         46          0         20          0       1651   system_stm32f10x.o
     11052        824          5         17         80      11038   test.o
       132          4          0          4          0        928   time.o
       236         14          0          0        174       2499   uart.o
      7684        764       2435          0          0      13876   user.o

    ----------------------------------------------------------------------
     36972       2424       3440        192       1644     436445   Object Totals
         0          0         32          0          0          0   (incl. Generated)
         8          0          1         11          8          0   (incl. Padding)

    ----------------------------------------------------------------------

      Code (inc. data)   RO Data    RW Data    ZI Data      Debug   Library Member Name

        42          0          0          0          0         84   atof.o
        64          0          0          0          0         84   _sgetc.o
        40          6         64          0          0         68   ctype_c.o
         0          0          0          0          0          0   entry.o
         0          0          0          0          0          0   entry10a.o
         0          0          0          0          0          0   entry11a.o
         8          4          0          0          0          0   entry2.o
         4          0          0          0          0          0   entry5.o
         0          0          0          0          0          0   entry7b.o
         0          0          0          0          0          0   entry8b.o
         8          4          0          0          0          0   entry9a.o
        24         12          0          4          0        136   errno.o
        30          0          0          0          0          0   handlers.o
        36          8          0          0          0         68   init.o
        10          0          0          0          0         68   isspace_c.o
         0          0          0          0          0          0   iusefp.o
        30          0          0          0          0         68   llshl.o
        32          0          0          0          0         68   llushr.o
        36          0          0          0          0         68   memcpya.o
        36          0          0          0          0        108   memseta.o
       878         12          0          0          0        216   scanf_fp.o
        24          0          0          0          0         68   strcat.o
        14          0          0          0          0         68   strlen.o
       156         12          0          0          0        120   strtod.o
        48          0          0          0          0         68   cdcmple.o
        48          0          0          0          0         68   cdrcmple.o
        20          0          0          0          0         68   cfcmple.o
        20          0          0          0          0         68   cfrcmple.o
        56          0          0          0          0         88   d2f.o
       222          0          0          0          0        100   ddiv.o
       186          0          0          0          0        176   depilogue.o
        50          0          0          0          0         76   dfixui.o
        24          0          0          0          0         76   dfltul.o
       228          0          0          0          0         96   dmul.o
        38          0          0          0          0         68   f2d.o
       176          0          0          0          0        140   fadd.o
       124          0          0          0          0         88   fdiv.o
       110          0          0          0          0        168   fepilogue.o
        40          0          0          0          0         68   ffixui.o
        10          0          0          0          0         68   ffltui.o
       100          0          0          0          0         76   fmul.o

    ----------------------------------------------------------------------
      2976         58         64          4          0       2852   Library Totals
         4          0          0          0          0          0   (incl. Padding)

    ----------------------------------------------------------------------

      Code (inc. data)   RO Data    RW Data    ZI Data      Debug   Library Name

        42          0          0          0          0         84   m_ws.l
      1430         58         64          4          0       1208   mc_w.l
      1500          0          0          0          0       1560   mf_w.l

    ----------------------------------------------------------------------
      2976         58         64          4          0       2852   Library Totals

    ----------------------------------------------------------------------

==============================================================================


      Code (inc. data)   RO Data    RW Data    ZI Data      Debug   

     39948       2482       3504        196       1644     435133   Grand Totals
     39948       2482       3504        196       1644     435133   ELF Image Totals
     39948       2482       3504        196          0          0   ROM Totals

==============================================================================

    Total RO  Size (Code + RO Data)                43452 (  42.43kB)
    Total RW  Size (RW Data + ZI Data)              1840 (   1.80kB)
    Total ROM Size (Code + RO Data + RW Data)      43648 (  42.63kB)

==============================================================================

