Component: ARM Compiler 5.06 update 6 (build 750) Tool: armlink [4d35ed]

==============================================================================

Section Cross References

    startup_stm32f10x_hd.o(RESET) refers to startup_stm32f10x_hd.o(STACK) for __initial_sp
    startup_stm32f10x_hd.o(RESET) refers to startup_stm32f10x_hd.o(.text) for Reset_Handler
    startup_stm32f10x_hd.o(RESET) refers to stm32f10x_it.o(.text) for NMI_Handler
    startup_stm32f10x_hd.o(.text) refers to system_stm32f10x.o(.text) for SystemInit
    startup_stm32f10x_hd.o(.text) refers to entry.o(.ARM.Collect$$$$00000000) for __main
    main.o(.text) refers to stm32f10x_usart.o(.text) for USART_SendData
    main.o(.text) refers to misc.o(.text) for NVIC_SetVectorTable
    main.o(.text) refers to test.o(.text) for Power_Process
    main.o(.text) refers to disp.o(.text) for Disp_Clr
    main.o(.text) refers to debug.o(.text) for Debug_Process
    main.o(.text) refers to pbdata.o(.data) for SystemStatus
    pbdata.o(.text) refers to stm32f10x_rcc.o(.text) for RCC_DeInit
    pbdata.o(.text) refers to pbdata.o(.data) for SoftTimer
    stm32f10x_it.o(.text) refers to stm32f10x_usart.o(.text) for USART_GetITStatus
    stm32f10x_it.o(.text) refers to test.o(.text) for Uart_Process
    stm32f10x_it.o(.text) refers to stm32f10x_tim.o(.text) for TIM_ClearITPendingBit
    stm32f10x_it.o(.text) refers to keyboard.o(.text) for Key_Scan
    stm32f10x_it.o(.text) refers to beep.o(.text) for Beep_Work
    stm32f10x_it.o(.text) refers to stm32f10x_gpio.o(.text) for GPIO_ReadInputDataBit
    stm32f10x_it.o(.text) refers to stm32f10x_exti.o(.text) for EXTI_ClearITPendingBit
    stm32f10x_it.o(.text) refers to pbdata.o(.text) for delay_ms
    stm32f10x_it.o(.text) refers to pbdata.o(.bss) for SaveData
    stm32f10x_it.o(.text) refers to uart.o(.bss) for ComBuf
    stm32f10x_it.o(.text) refers to pbdata.o(.data) for SystemStatus
    stm32f10x_it.o(.text) refers to stm32f10x_it.o(.data) for num
    stm32f10x_it.o(.text) refers to time.o(.data) for disp_time
    user.o(.text) refers to lcd2002.o(.text) for Lcd_SetAddr
    user.o(.text) refers to disp.o(.text) for Disp_Str
    user.o(.text) refers to lcd2002.o(.data) for LcdAddr
    user.o(.text) refers to pbdata.o(.bss) for SaveData
    user.o(.text) refers to user.o(.constdata) for I_TEST_DISP
    user.o(.text) refers to pbdata.o(.data) for SystemMessage
    user.o(.text) refers to disp.o(.data) for DispBuf
    user.o(.text) refers to memseta.o(.text) for __aeabi_memclr
    user.o(.text) refers to strcat.o(.text) for strcat
    user.o(.text) refers to pbdata.o(.text) for delay_ms
    user.o(.text) refers to strlen.o(.text) for strlen
    user.o(.text) refers to keyboard.o(.text) for Key_Read_WithTimeOut
    user.o(.text) refers to beep.o(.text) for Beep_Two
    user.o(.text) refers to test.o(.bss) for sendbuff
    user.o(.text) refers to gpio.o(.data) for IC42_574buff
    user.o(.text) refers to cfcmple.o(.text) for __aeabi_cfcmple
    user.o(.text) refers to f2d.o(.text) for __aeabi_f2d
    user.o(.text) refers to dmul.o(.text) for __aeabi_dmul
    user.o(.text) refers to d2f.o(.text) for __aeabi_d2f
    user.o(.text) refers to cdcmple.o(.text) for __aeabi_cdcmple
    user.o(.text) refers to cdrcmple.o(.text) for __aeabi_cdrcmple
    user.o(.text) refers to ddiv.o(.text) for __aeabi_ddiv
    user.o(.text) refers to fdiv.o(.text) for __aeabi_fdiv
    user.o(.text) refers to dfixui.o(.text) for __aeabi_d2uiz
    user.o(.text) refers to keyboard.o(.data) for Keyboard
    user.o(.text) refers to cfrcmple.o(.text) for __aeabi_cfrcmple
    user.o(.text) refers to fadd.o(.text) for __aeabi_fadd
    user.o(.text) refers to ffltui.o(.text) for __aeabi_ui2f
    user.o(.text) refers to fmul.o(.text) for __aeabi_fmul
    user.o(.text) refers to flash_eerom.o(.text) for ReadSetByGroup
    user.o(.text) refers to dma.o(.text) for MYDMA_Config
    test.o(.text) refers to hardware.o(.text) for Hardware_Init
    test.o(.text) refers to stm32f10x_tim.o(.text) for TIM_Cmd
    test.o(.text) refers to user.o(.text) for InitGlobalValue
    test.o(.text) refers to flash_eerom.o(.text) for ReadGroup
    test.o(.text) refers to beep.o(.text) for Beep_Long
    test.o(.text) refers to keyboard.o(.text) for Key_Read_WithTimeOut
    test.o(.text) refers to stm32f10x_usart.o(.text) for USART_SendData
    test.o(.text) refers to memseta.o(.text) for __aeabi_memclr
    test.o(.text) refers to memcpya.o(.text) for __aeabi_memcpy
    test.o(.text) refers to pbdata.o(.bss) for SaveData
    test.o(.text) refers to pbdata.o(.data) for MenuIndex
    test.o(.text) refers to test.o(.bss) for sendbuff2
    test.o(.text) refers to test.o(.data) for U2
    test.o(.text) refers to uart.o(.bss) for FacBuf
    test.o(.text) refers to strcat.o(.text) for strcat
    test.o(.text) refers to disp.o(.text) for Disp_Clr
    test.o(.text) refers to pbdata.o(.text) for delay_ms
    test.o(.text) refers to lcd2002.o(.data) for LcdAddr
[...]
    .text                                    0x08010304   Section        0  stm32f10x_it.o(.text)
    .text                                    0x0801077c   Section        0  user.o(.text)
    .text                                    0x08012710   Section        0  test.o(.text)
    .text                                    0x080159f4   Section        0  dma.o(.text)
    .text                                    0x08015a60   Section        0  debug.o(.text)
    .text                                    0x0801648c   Section        0  stm32f10x_gpio.o(.text)
    .text                                    0x080167e8   Section        0  stm32f10x_rcc.o(.text)
    .text                                    0x08016b94   Section        0  misc.o(.text)
    .text                                    0x08016c70   Section        0  stm32f10x_exti.o(.text)
    .text                                    0x08016d8c   Section        0  stm32f10x_tim.o(.text)
    TI4_Config                               0x08017233   Thumb Code   130  stm32f10x_tim.o(.text)
    TI3_Config                               0x080172c7   Thumb Code   122  stm32f10x_tim.o(.text)
    TI2_Config                               0x0801735b   Thumb Code   130  stm32f10x_tim.o(.text)
    TI1_Config                               0x080173ef   Thumb Code   108  stm32f10x_tim.o(.text)
    .text                                    0x08017ba8   Section        0  stm32f10x_usart.o(.text)
    .text                                    0x08017fb0   Section        0  stm32f10x_dac.o(.text)
    .text                                    0x0801813c   Section        0  stm32f10x_adc.o(.text)
    .text                                    0x0801858c   Section        0  stm32f10x_dma.o(.text)
    .text                                    0x080187e0   Section        0  system_stm32f10x.o(.text)
    SetSysClockTo72                          0x080187e1   Thumb Code   214  system_stm32f10x.o(.text)
    SetSysClock                              0x080188b7   Thumb Code     8  system_stm32f10x.o(.text)
    .text                                    0x080189c8   Section        0  sys.o(.text)
    .text                                    0x08018a08   Section        0  24c256.o(.text)
    .text                                    0x08018b84   Section        0  adc.o(.text)
    .text                                    0x08018c84   Section        0  dac.o(.text)
    .text                                    0x08018d04   Section        0  gpio.o(.text)
    .text                                    0x08018d70   Section        0  time.o(.text)
    .text                                    0x08018df4   Section        0  uart.o(.text)
    .text                                    0x08018ee0   Section        0  keyboard.o(.text)
    .text                                    0x08019138   Section        0  lcd2002.o(.text)
    .text                                    0x080192a8   Section        0  disp.o(.text)
    .text                                    0x08019304   Section        0  flash_eerom.o(.text)
    .text                                    0x080193d4   Section        0  hardware.o(.text)
    .text                                    0x08019790   Section        0  beep.o(.text)
    Beep_Update                              0x08019801   Thumb Code    40  beep.o(.text)
    .text                                    0x08019860   Section        0  myiic.o(.text)
    .text                                    0x08019acc   Section        0  exti.o(.text)
    .text                                    0x08019bcc   Section        0  memcpya.o(.text)
    .text                                    0x08019bf0   Section        0  memseta.o(.text)
    .text                                    0x08019c14   Section        0  strcat.o(.text)
    .text                                    0x08019c2c   Section        0  strlen.o(.text)
    .text                                    0x08019c3a   Section        0  fadd.o(.text)
    .text                                    0x08019cea   Section        0  fmul.o(.text)
    .text                                    0x08019d4e   Section        0  fdiv.o(.text)
    .text                                    0x08019dca   Section        0  dmul.o(.text)
    .text                                    0x08019eae   Section        0  ddiv.o(.text)
    .text                                    0x08019f8c   Section        0  ffltui.o(.text)
    .text                                    0x08019f96   Section        0  dfltui.o(.text)
    .text                                    0x08019fb0   Section        0  ffixui.o(.text)
    .text                                    0x08019fd8   Section        0  dfixui.o(.text)
    .text                                    0x0801a00a   Section        0  f2d.o(.text)
    .text                                    0x0801a030   Section       48  cdcmple.o(.text)
    .text                                    0x0801a060   Section       48  cdrcmple.o(.text)
    .text                                    0x0801a090   Section        0  d2f.o(.text)
    .text                                    0x0801a0c8   Section       20  cfcmple.o(.text)
    .text                                    0x0801a0dc   Section       20  cfrcmple.o(.text)
    .text                                    0x0801a0f0   Section        0  llushr.o(.text)
    .text                                    0x0801a110   Section        0  strtod.o(.text)
    _local_sscanf                            0x0801a111   Thumb Code    54  strtod.o(.text)
    .text                                    0x0801a1ac   Section        0  fepilogue.o(.text)
    .text                                    0x0801a1ac   Section        0  iusefp.o(.text)
    .text                                    0x0801a21a   Section        0  depilogue.o(.text)
    .text                                    0x0801a2d4   Section       36  init.o(.text)
    .text                                    0x0801a2f8   Section        0  llshl.o(.text)
    .text                                    0x0801a316   Section        0  isspace_c.o(.text)
    .text                                    0x0801a320   Section        0  scanf_fp.o(.text)
    _fp_value                                0x0801a321   Thumb Code   296  scanf_fp.o(.text)
    .text                                    0x0801a680   Section        0  _sgetc.o(.text)
    .text                                    0x0801a6c0   Section        0  ctype_c.o(.text)
    .text                                    0x0801a6e8   Section        0  dfltul.o(.text)
    i.__read_errno                           0x0801a700   Section        0  errno.o(i.__read_errno)
    i.__scatterload_copy                     0x0801a70c   Section       14  handlers.o(i.__scatterload_copy)
    i.__scatterload_null                     0x0801a71a   Section        2  handlers.o(i.__scatterload_null)
    i.__scatterload_zeroinit                 0x0801a71c   Section       14  handlers.o(i.__scatterload_zeroinit)
    i.__set_errno                            0x0801a72c   Section        0  errno.o(i.__set_errno)
    i._is_digit                              0x0801a738   Section        0  scanf_fp.o(i._is_digit)
    i.atof                                   0x0801a746   Section        0  atof.o(i.atof)
    .constdata                               0x0801a770   Section     2281  user.o(.constdata)
    .constdata                               0x0801b059   Section        5  test.o(.constdata)
    .constdata                               0x0801b05e   Section      672  debug.o(.constdata)
    .constdata                               0x0801b2fe   Section        5  lcd2002.o(.constdata)
    .constdata                               0x0801b304   Section       20  hardware.o(.constdata)
    .constdata                               0x0801b318   Section       64  ctype_c.o(.constdata)
    .data                                    0x20000000   Section       62  pbdata.o(.data)
    .data                                    0x2000003e   Section        1  stm32f10x_it.o(.data)
    num                                      0x2000003e   Data           1  stm32f10x_it.o(.data)
    .data                                    0x20000040   Section       21  test.o(.data)
    .data                                    0x20000056   Section        2  dma.o(.data)
    .data                                    0x20000058   Section       34  debug.o(.data)
    .data                                    0x2000007a   Section       20  stm32f10x_rcc.o(.data)
    APBAHBPrescTable                         0x2000007a   Data          16  stm32f10x_rcc.o(.data)
    ADCPrescTable                            0x2000008a   Data           4  stm32f10x_rcc.o(.data)
    .data                                    0x20000090   Section       20  system_stm32f10x.o(.data)
    .data                                    0x200000a4   Section        2  gpio.o(.data)
    .data                                    0x200000a8   Section        4  time.o(.data)
    .data                                    0x200000ac   Section        6  keyboard.o(.data)
    LastKeyVal                               0x200000af   Data           1  keyboard.o(.data)
    LastKeyTicks                             0x200000b0   Data           1  keyboard.o(.data)
    ContinueKeyTicks                         0x200000b1   Data           1  keyboard.o(.data)
    .data                                    0x200000b2   Section        2  lcd2002.o(.data)
    .data                                    0x200000b4   Section        8  disp.o(.data)
    .data                                    0x200000bc   Section        5  beep.o(.data)
    gtickon                                  0x200000bc   Data           1  beep.o(.data)
    gtickoff                                 0x200000bd   Data           1  beep.o(.data)
    Beep                                     0x200000be   Data           3  beep.o(.data)
    .data                                    0x200000c4   Section        4  errno.o(.data)
    _errno                                   0x200000c4   Data           4  errno.o(.data)
    .bss                                     0x200000c8   Section      314  pbdata.o(.bss)
    .bss                                     0x20000202   Section      100  test.o(.bss)
    .bss                                     0x20000268   Section       44  dma.o(.bss)
    .bss                                     0x20000294   Section      308  uart.o(.bss)
    STACK                                    0x200003c8   Section     1024  startup_stm32f10x_hd.o(STACK)

    Global Symbols

    Symbol Name                              Value     Ov Type        Size  Object(Section)

    BuildAttributes$$THM_ISAv4$P$D$K$B$S$PE$A:L22UL41UL21$X:L11$S22US41US21$IEEE1$IW$USESV6$~STKCKD$USESV7$~SHL$OTIME$ROPI$IEEEJ$EBA8$MICROLIB$REQ8$PRES8$EABIv2 0x00000000   Number         0  anon$$obj.o ABSOLUTE
    __ARM_use_no_argv                        0x00000000   Number         0  main.o ABSOLUTE
    __cpp_initialize__aeabi_                  - Undefined Weak Reference
    __cxa_finalize                            - Undefined Weak Reference
    __decompress                              - Undefined Weak Reference
    _clock_init                               - Undefined Weak Reference
    _microlib_exit                            - Undefined Weak Reference
    __Vectors_Size                           0x00000130   Number         0  startup_stm32f10x_hd.o ABSOLUTE
    __Vectors                                0x08010000   Data           4  startup_stm32f10x_hd.o(RESET)
    __Vectors_End                            0x08010130   Data           0  startup_stm32f10x_hd.o(RESET)
    __main                                   0x08010131   Thumb Code     0  entry.o(.ARM.Collect$$$$00000000)
    _main_stk                                0x08010131   Thumb Code     0  entry2.o(.ARM.Collect$$$$00000001)
    _main_scatterload                        0x08010135   Thumb Code     0  entry5.o(.ARM.Collect$$$$00000004)
    __main_after_scatterload                 0x08010139   Thumb Code     0  entry5.o(.ARM.Collect$$$$00000004)
    _main_clock                              0x08010139   Thumb Code     0  entry7b.o(.ARM.Collect$$$$00000008)
    _main_cpp_init                           0x08010139   Thumb Code     0  entry8b.o(.ARM.Collect$$$$0000000A)
    _main_init                               0x08010139   Thumb Code     0  entry9a.o(.ARM.Collect$$$$0000000B)
    __rt_final_cpp                           0x08010141   Thumb Code     0  entry10a.o(.ARM.Collect$$$$0000000D)
    __rt_final_exit                          0x08010141   Thumb Code     0  entry11a.o(.ARM.Collect$$$$0000000F)
    Reset_Handler                            0x08010145   Thumb Code     8  startup_stm32f10x_hd.o(.text)
    ADC1_2_IRQHandler                        0x0801015f   Thumb Code     0  startup_stm32f10x_hd.o(.text)
    ADC3_IRQHandler                          0x0801015f   Thumb Code     0  startup_stm32f10x_hd.o(.text)
    CAN1_RX1_IRQHandler                      0x0801015f   Thumb Code     0  startup_stm32f10x_hd.o(.text)
    CAN1_SCE_IRQHandler                      0x0801015f   Thumb Code     0  startup_stm32f10x_hd.o(.text)
    DMA1_Channel1_IRQHandler                 0x0801015f   Thumb Code     0  startup_stm32f10x_hd.o(.text)
    DMA1_Channel2_IRQHandler                 0x0801015f   Thumb Code     0  startup_stm32f10x_hd.o(.text)
    DMA1_Channel3_IRQHandler                 0x0801015f   Thumb Code     0  startup_stm32f10x_hd.o(.text)
    DMA1_Channel4_IRQHandler                 0x0801015f   Thumb Code     0  startup_stm32f10x_hd.o(.text)
    DMA1_Channel5_IRQHandler                 0x0801015f   Thumb Code     0  startup_stm32f10x_hd.o(.text)
    DMA1_Channel6_IRQHandler                 0x0801015f   Thumb Code     0  startup_stm32f10x_hd.o(.text)
    DMA1_Channel7_IRQHandler                 0x0801015f   Thumb Code     0  startup_stm32f10x_hd.o(.text)
    DMA2_Channel1_IRQHandler                 0x0801015f   Thumb Code     0  startup_stm32f10x_hd.o(.text)
    DMA2_Channel2_IRQHandler                 0x0801015f   Thumb Code     0  startup_stm32f10x_hd.o(.text)
    DMA2_Channel3_IRQHandler                 0x0801015f   Thumb Code     0  startup_stm32f10x_hd.o(.text)
    DMA2_Channel4_5_IRQHandler               0x0801015f   Thumb Code     0  startup_stm32f10x_hd.o(.text)
    EXTI15_10_IRQHandler                     0x0801015f   Thumb Code     0  startup_stm32f10x_hd.o(.text)
    EXTI4_IRQHandler                         0x0801015f   Thumb Code     0  startup_stm32f10x_hd.o(.text)
    FLASH_IRQHandler                         0x0801015f   Thumb Code     0  startup_stm32f10x_hd.o(.text)
    FSMC_IRQHandler                          0x0801015f   Thumb Code     0  startup_stm32f10x_hd.o(.text)
    I2C1_ER_IRQHandler                       0x0801015f   Thumb Code     0  startup_stm32f10x_hd.o(.text)
    I2C1_EV_IRQHandler                       0x0801015f   Thumb Code     0  startup_stm32f10x_hd.o(.text)
    I2C2_ER_IRQHandler                       0x0801015f   Thumb Code     0  startup_stm32f10x_hd.o(.text)
    I2C2_EV_IRQHandler                       0x0801015f   Thumb Code     0  startup_stm32f10x_hd.o(.text)
    PVD_IRQHandler                           0x0801015f   Thumb Code     0  startup_stm32f10x_hd.o(.text)
    RCC_IRQHandler                           0x0801015f   Thumb Code     0  startup_stm32f10x_hd.o(.text)
    RTCAlarm_IRQHandler                      0x0801015f   Thumb Code     0  startup_stm32f10x_hd.o(.text)
    RTC_IRQHandler                           0x0801015f   Thumb Code     0  startup_stm32f10x_hd.o(.text)
    SDIO_IRQHandler                          0x0801015f   Thumb Code     0  startup_stm32f10x_hd.o(.text)
    SPI1_IRQHandler                          0x0801015f   Thumb Code     0  startup_stm32f10x_hd.o(.text)
    SPI2_IRQHandler                          0x0801015f   Thumb Code     0  startup_stm32f10x_hd.o(.text)
    SPI3_IRQHandler                          0x0801015f   Thumb Code     0  startup_stm32f10x_hd.o(.text)
    TAMPER_IRQHandler                        0x0801015f   Thumb Code     0  startup_stm32f10x_hd.o(.text)
    TIM1_BRK_IRQHandler                      0x0801015f   Thumb Code     0  startup_stm32f10x_hd.o(.text)
    TIM1_CC_IRQHandler                       0x0801015f   Thumb Code     0  startup_stm32f10x_hd.o(.text)
    TIM1_TRG_COM_IRQHandler                  0x0801015f   Thumb Code     0  startup_stm32f10x_hd.o(.text)
    TIM1_UP_IRQHandler                       0x0801015f   Thumb Code     0  startup_stm32f10x_hd.o(.text)
    TIM2_IRQHandler                          0x0801015f   Thumb Code     0  startup_stm32f10x_hd.o(.text)
    TIM4_IRQHandler                          0x0801015f   Thumb Code     0  startup_stm32f10x_hd.o(.text)
    TIM5_IRQHandler                          0x0801015f   Thumb Code     0  startup_stm32f10x_hd.o(.text)
    TIM6_IRQHandler                          0x0801015f   Thumb Code     0  startup_stm32f10x_hd.o(.text)
    TIM7_IRQHandler                          0x0801015f   Thumb Code     0  startup_stm32f10x_hd.o(.text)
    TIM8_BRK_IRQHandler                      0x0801015f   Thumb Code     0  startup_stm32f10x_hd.o(.text)
    TIM8_CC_IRQHandler                       0x0801015f   Thumb Code     0  startup_stm32f10x_hd.o(.text)
    TIM8_TRG_COM_IRQHandler                  0x0801015f   Thumb Code     0  startup_stm32f10x_hd.o(.text)
    TIM8_UP_IRQHandler                       0x0801015f   Thumb Code     0  startup_stm32f10x_hd.o(.text)
    UART4_IRQHandler                         0x0801015f   Thumb Code     0  startup_stm32f10x_hd.o(.text)
    UART5_IRQHandler                         0x0801015f   Thumb Code     0  startup_stm32f10x_hd.o(.text)
    USART2_IRQHandler                        0x0801015f   Thumb Code     0  startup_stm32f10x_hd.o(.text)
    USART3_IRQHandler                        0x0801015f   Thumb Code     0  startup_stm32f10x_hd.o(.text)
    USBWakeUp_IRQHandler                     0x0801015f   Thumb Code     0  startup_stm32f10x_hd.o(.text)
    USB_HP_CAN1_TX_IRQHandler                0x0801015f   Thumb Code     0  startup_stm32f10x_hd.o(.text)
    USB_LP_CAN1_RX0_IRQHandler               0x0801015f   Thumb Code     0  startup_stm32f10x_hd.o(.text)
    WWDG_IRQHandler                          0x0801015f   Thumb Code     0  startup_stm32f10x_hd.o(.text)
    fputc                                    0x08010169   Thumb Code    32  main.o(.text)
    main                                     0x08010189   Thumb Code   132  main.o(.text)
    RCC_HSE_Configuration                    0x08010219   Thumb Code    90  pbdata.o(.text)
    delay                                    0x08010273   Thumb Code    10  pbdata.o(.text)
    delay_us                                 0x0801027d   Thumb Code    54  pbdata.o(.text)
    delay_ms                                 0x080102b3   Thumb Code    56  pbdata.o(.text)
    SetSoftTimer                             0x080102eb   Thumb Code     6  pbdata.o(.text)
    GetSoftTimerOut                          0x080102f1   Thumb Code    16  pbdata.o(.text)
    NMI_Handler                              0x08010305   Thumb Code     2  stm32f10x_it.o(.text)
    USART1_IRQHandler                        0x08010307   Thumb Code   736  stm32f10x_it.o(.text)
    HardFault_Handler                        0x080105e7   Thumb Code     4  stm32f10x_it.o(.text)
    MemManage_Handler                        0x080105eb   Thumb Code     4  stm32f10x_it.o(.text)
    BusFault_Handler                         0x080105ef   Thumb Code     4  stm32f10x_it.o(.text)
    UsageFault_Handler                       0x080105f3   Thumb Code     4  stm32f10x_it.o(.text)
    SVC_Handler                              0x080105f7   Thumb Code     2  stm32f10x_it.o(.text)
    DebugMon_Handler                         0x080105f9   Thumb Code     2  stm32f10x_it.o(.text)
    PendSV_Handler                           0x080105fb   Thumb Code     2  stm32f10x_it.o(.text)
    SysTick_Handler                          0x080105fd   Thumb Code     2  stm32f10x_it.o(.text)
    TIM3_IRQHandler                          0x080105ff   Thumb Code   134  stm32f10x_it.o(.text)
    EXTI9_5_IRQHandler                       0x08010685   Thumb Code     2  stm32f10x_it.o(.text)
    EXTI0_IRQHandler                         0x08010687   Thumb Code    40  stm32f10x_it.o(.text)
    EXTI1_IRQHandler                         0x080106af   Thumb Code    16  stm32f10x_it.o(.text)
    EXTI2_IRQHandler                         0x080106bf   Thumb Code   134  stm32f10x_it.o(.text)
    EXTI3_IRQHandler                         0x08010745   Thumb Code    48  stm32f10x_it.o(.text)
    Disp_TestMessage                         0x0801077d   Thumb Code   470  user.o(.text)
    InitGlobalValue                          0x08010953   Thumb Code    28  user.o(.text)
    Parameter_valuecomp                      0x0801096f   Thumb Code    44  user.o(.text)
    Hex_Format                               0x0801099b   Thumb Code   196  user.o(.text)
    Disp_Product_Model                       0x08010a5f   Thumb Code    36  user.o(.text)
    Disp_Software_Version                    0x08010a83   Thumb Code    40  user.o(.text)
    Disp_Compile_Date                        0x08010aab   Thumb Code    10  user.o(.text)
    Disp_PowerOn_Menu                        0x08010ab5   Thumb Code    38  user.o(.text)
    Disp_SysMessage                          0x08010adb   Thumb Code    20  user.o(.text)
    Disp_Idle_Menu                           0x08010aef   Thumb Code   728  user.o(.text)
    Range_Control                            0x08010dc7   Thumb Code   100  user.o(.text)
    Disp_Setup_Menu                          0x08010e2b   Thumb Code    58  user.o(.text)
    ListBox_Setup                            0x08010e65   Thumb Code   210  user.o(.text)
    Disp_Parameter_Menu                      0x08010f37   Thumb Code    46  user.o(.text)
    Disp_System_Value                        0x08010f65   Thumb Code   220  user.o(.text)
    Disp_System_Menu                         0x08011041   Thumb Code   434  user.o(.text)
    Number_Setup                             0x080111f3   Thumb Code   884  user.o(.text)
    Range_Changecomp                         0x08011567   Thumb Code   210  user.o(.text)
    DispF                                    0x08011639   Thumb Code  2636  user.o(.text)
    Get_FFT                                  0x08012085   Thumb Code   286  user.o(.text)
    Get_Res                                  0x080121a3   Thumb Code    40  user.o(.text)
    Test_Debug                               0x080121cb   Thumb Code    48  user.o(.text)
    Step_Setup                               0x080121fb   Thumb Code  1092  user.o(.text)
    Comp_test                                0x0801263f   Thumb Code     2  user.o(.text)
    Da_out                                   0x08012641   Thumb Code     8  user.o(.text)
    Dma_Int                                  0x08012649   Thumb Code    24  user.o(.text)
    jisuandianzu                             0x08012661   Thumb Code    32  user.o(.text)
    HextoBCD                                 0x08012681   Thumb Code    28  user.o(.text)
    BCDtoHex                                 0x0801269d   Thumb Code    54  user.o(.text)
    BCDtoHex1                                0x080126d3   Thumb Code    40  user.o(.text)
    Power_Process                            0x08012711   Thumb Code   212  test.o(.text)
    SendRes                                  0x080127e5   Thumb Code   522  test.o(.text)
    Uart_Process                             0x080129ef   Thumb Code  2314  test.o(.text)
    Idle_Process                             0x080132f9   Thumb Code   354  test.o(.text)
    Setup_Process                            0x0801345b   Thumb Code     8  test.o(.text)
    Start_Process                            0x08013463   Thumb Code    54  test.o(.text)
    Output_Off                               0x08013499   Thumb Code    30  test.o(.text)
    Test_Init                                0x080134b7   Thumb Code  1378  test.o(.text)
    SendRes1                                 0x08013a19   Thumb Code   470  test.o(.text)
    Get_Result                               0x08013bef   Thumb Code  1402  test.o(.text)
    Ad_Filter                                0x08014169   Thumb Code   248  test.o(.text)
    Read_Ad                                  0x08014261   Thumb Code    72  test.o(.text)
    Test_Process                             0x080142a9   Thumb Code  5144  test.o(.text)
    TestPause_Process                        0x080156c1   Thumb Code   454  test.o(.text)
    TestFinish_Process                       0x08015887   Thumb Code   226  test.o(.text)
    Reset_Process                            0x08015969   Thumb Code    28  test.o(.text)
    Error_Process                            0x08015985   Thumb Code    64  test.o(.text)
    MYDMA_Config                             0x080159f5   Thumb Code    84  dma.o(.text)
    MYDMA_Enable                             0x08015a49   Thumb Code    14  dma.o(.text)
    Disp_Debug_Menu                          0x08015a61   Thumb Code    68  debug.o(.text)
    CalTest_Process                          0x08015aa5   Thumb Code  1246  debug.o(.text)
    Res_Calibrate                            0x08015f83   Thumb Code   868  debug.o(.text)
    Debug_Process                            0x080162e7   Thumb Code   228  debug.o(.text)
    Default_Calibrate                        0x080163cb   Thumb Code   114  debug.o(.text)
    GPIO_DeInit                              0x0801648d   Thumb Code   172  stm32f10x_gpio.o(.text)
    GPIO_AFIODeInit                          0x08016539   Thumb Code    20  stm32f10x_gpio.o(.text)
    GPIO_Init                                0x0801654d   Thumb Code   278  stm32f10x_gpio.o(.text)
    GPIO_StructInit                          0x08016663   Thumb Code    16  stm32f10x_gpio.o(.text)
    GPIO_ReadInputDataBit                    0x08016673   Thumb Code    18  stm32f10x_gpio.o(.text)
    GPIO_ReadInputData                       0x08016685   Thumb Code     8  stm32f10x_gpio.o(.text)
    GPIO_ReadOutputDataBit                   0x0801668d   Thumb Code    18  stm32f10x_gpio.o(.text)
    GPIO_ReadOutputData                      0x0801669f   Thumb Code     8  stm32f10x_gpio.o(.text)
    GPIO_SetBits                             0x080166a7   Thumb Code     4  stm32f10x_gpio.o(.text)
    GPIO_ResetBits                           0x080166ab   Thumb Code     4  stm32f10x_gpio.o(.text)
    GPIO_WriteBit                            0x080166af   Thumb Code    10  stm32f10x_gpio.o(.text)
    GPIO_Write                               0x080166b9   Thumb Code     4  stm32f10x_gpio.o(.text)
    GPIO_PinLockConfig                       0x080166bd   Thumb Code    18  stm32f10x_gpio.o(.text)
    GPIO_EventOutputConfig                   0x080166cf   Thumb Code    26  stm32f10x_gpio.o(.text)
    GPIO_EventOutputCmd                      0x080166e9   Thumb Code     6  stm32f10x_gpio.o(.text)
    GPIO_PinRemapConfig                      0x080166ef   Thumb Code   138  stm32f10x_gpio.o(.text)
    GPIO_EXTILineConfig                      0x08016779   Thumb Code    66  stm32f10x_gpio.o(.text)
    GPIO_ETH_MediaInterfaceConfig            0x080167bb   Thumb Code     8  stm32f10x_gpio.o(.text)
    RCC_DeInit                               0x080167e9   Thumb Code    64  stm32f10x_rcc.o(.text)
    RCC_HSEConfig                            0x08016829   Thumb Code    70  stm32f10x_rcc.o(.text)
    RCC_GetFlagStatus                        0x0801686f   Thumb Code    56  stm32f10x_rcc.o(.text)
    RCC_WaitForHSEStartUp                    0x080168a7   Thumb Code    56  stm32f10x_rcc.o(.text)
    RCC_AdjustHSICalibrationValue            0x080168df   Thumb Code    20  stm32f10x_rcc.o(.text)
    RCC_HSICmd                               0x080168f3   Thumb Code     6  stm32f10x_rcc.o(.text)
    RCC_PLLConfig                            0x080168f9   Thumb Code    24  stm32f10x_rcc.o(.text)
    RCC_PLLCmd                               0x08016911   Thumb Code     6  stm32f10x_rcc.o(.text)
    RCC_SYSCLKConfig                         0x08016917   Thumb Code    18  stm32f10x_rcc.o(.text)
    RCC_GetSYSCLKSource                      0x08016929   Thumb Code    10  stm32f10x_rcc.o(.text)
    RCC_HCLKConfig                           0x08016933   Thumb Code    18  stm32f10x_rcc.o(.text)
    RCC_PCLK1Config                          0x08016945   Thumb Code    18  stm32f10x_rcc.o(.text)
    RCC_PCLK2Config                          0x08016957   Thumb Code    20  stm32f10x_rcc.o(.text)
    RCC_ITConfig                             0x0801696b   Thumb Code    26  stm32f10x_rcc.o(.text)
    RCC_USBCLKConfig                         0x08016985   Thumb Code     8  stm32f10x_rcc.o(.text)
    RCC_ADCCLKConfig                         0x0801698d   Thumb Code    18  stm32f10x_rcc.o(.text)
    RCC_LSEConfig                            0x0801699f   Thumb Code    50  stm32f10x_rcc.o(.text)
    RCC_LSICmd                               0x080169d1   Thumb Code     6  stm32f10x_rcc.o(.text)
    RCC_RTCCLKConfig                         0x080169d7   Thumb Code    12  stm32f10x_rcc.o(.text)
    RCC_RTCCLKCmd                            0x080169e3   Thumb Code     8  stm32f10x_rcc.o(.text)
    RCC_GetClocksFreq                        0x080169eb   Thumb Code   192  stm32f10x_rcc.o(.text)
    RCC_AHBPeriphClockCmd                    0x08016aab   Thumb Code    26  stm32f10x_rcc.o(.text)
    RCC_APB2PeriphClockCmd                   0x08016ac5   Thumb Code    26  stm32f10x_rcc.o(.text)
    RCC_APB1PeriphClockCmd                   0x08016adf   Thumb Code    26  stm32f10x_rcc.o(.text)
    RCC_APB2PeriphResetCmd                   0x08016af9   Thumb Code    26  stm32f10x_rcc.o(.text)
    RCC_APB1PeriphResetCmd                   0x08016b13   Thumb Code    26  stm32f10x_rcc.o(.text)
    RCC_BackupResetCmd                       0x08016b2d   Thumb Code     8  stm32f10x_rcc.o(.text)
    RCC_ClockSecuritySystemCmd               0x08016b35   Thumb Code     6  stm32f10x_rcc.o(.text)
    RCC_MCOConfig                            0x08016b3b   Thumb Code     6  stm32f10x_rcc.o(.text)
    RCC_ClearFlag                            0x08016b41   Thumb Code    14  stm32f10x_rcc.o(.text)
    RCC_GetITStatus                          0x08016b4f   Thumb Code    20  stm32f10x_rcc.o(.text)
    RCC_ClearITPendingBit                    0x08016b63   Thumb Code     6  stm32f10x_rcc.o(.text)
    NVIC_PriorityGroupConfig                 0x08016b95   Thumb Code    10  misc.o(.text)
    NVIC_Init                                0x08016b9f   Thumb Code   100  misc.o(.text)
    NVIC_SetVectorTable                      0x08016c03   Thumb Code    14  misc.o(.text)
    NVIC_SystemLPConfig                      0x08016c11   Thumb Code    34  misc.o(.text)
    SysTick_CLKSourceConfig                  0x08016c33   Thumb Code    40  misc.o(.text)
    EXTI_DeInit                              0x08016c71   Thumb Code    28  stm32f10x_exti.o(.text)
    EXTI_Init                                0x08016c8d   Thumb Code   142  stm32f10x_exti.o(.text)
    EXTI_StructInit                          0x08016d1b   Thumb Code    16  stm32f10x_exti.o(.text)
    EXTI_GenerateSWInterrupt                 0x08016d2b   Thumb Code    16  stm32f10x_exti.o(.text)
    EXTI_GetFlagStatus                       0x08016d3b   Thumb Code    22  stm32f10x_exti.o(.text)
    EXTI_ClearFlag                           0x08016d51   Thumb Code     8  stm32f10x_exti.o(.text)
    EXTI_GetITStatus                         0x08016d59   Thumb Code    34  stm32f10x_exti.o(.text)
    EXTI_ClearITPendingBit                   0x08016d7b   Thumb Code     8  stm32f10x_exti.o(.text)
    TIM_DeInit                               0x08016d8d   Thumb Code   424  stm32f10x_tim.o(.text)
    TIM_TimeBaseInit                         0x08016f35   Thumb Code   122  stm32f10x_tim.o(.text)
    TIM_OC1Init                              0x08016faf   Thumb Code   132  stm32f10x_tim.o(.text)
    TIM_OC2Init                              0x08017033   Thumb Code   154  stm32f10x_tim.o(.text)
    TIM_OC3Init                              0x080170cd   Thumb Code   150  stm32f10x_tim.o(.text)
    TIM_OC4Init                              0x08017163   Thumb Code   182  stm32f10x_tim.o(.text)
    TIM_SetIC4Prescaler                      0x08017219   Thumb Code    26  stm32f10x_tim.o(.text)
    TIM_SetIC3Prescaler                      0x080172b5   Thumb Code    18  stm32f10x_tim.o(.text)
    TIM_SetIC2Prescaler                      0x08017341   Thumb Code    26  stm32f10x_tim.o(.text)
    TIM_SetIC1Prescaler                      0x080173dd   Thumb Code    18  stm32f10x_tim.o(.text)
    TIM_ICInit                               0x0801745b   Thumb Code   150  stm32f10x_tim.o(.text)
    TIM_PWMIConfig                           0x080174f1   Thumb Code   124  stm32f10x_tim.o(.text)
    TIM_BDTRConfig                           0x0801756d   Thumb Code    32  stm32f10x_tim.o(.text)
    TIM_TimeBaseStructInit                   0x0801758d   Thumb Code    18  stm32f10x_tim.o(.text)
    TIM_OCStructInit                         0x0801759f   Thumb Code    20  stm32f10x_tim.o(.text)
    TIM_ICStructInit                         0x080175b3   Thumb Code    18  stm32f10x_tim.o(.text)
    TIM_BDTRStructInit                       0x080175c5   Thumb Code    40  stm32f10x_tim.o(.text)
    TIM_Cmd                                  0x080175ed   Thumb Code    24  stm32f10x_tim.o(.text)
    TIM_CtrlPWMOutputs                       0x08017605   Thumb Code    30  stm32f10x_tim.o(.text)
    TIM_ITConfig                             0x08017623   Thumb Code    18  stm32f10x_tim.o(.text)
    TIM_GenerateEvent                        0x08017635   Thumb Code     4  stm32f10x_tim.o(.text)
    TIM_DMAConfig                            0x08017639   Thumb Code    10  stm32f10x_tim.o(.text)
    TIM_DMACmd                               0x08017643   Thumb Code    18  stm32f10x_tim.o(.text)
    TIM_InternalClockConfig                  0x08017655   Thumb Code    12  stm32f10x_tim.o(.text)
    TIM_SelectInputTrigger                   0x08017661   Thumb Code    18  stm32f10x_tim.o(.text)
    TIM_ITRxExternalClockConfig              0x08017673   Thumb Code    24  stm32f10x_tim.o(.text)
    TIM_TIxExternalClockConfig               0x0801768b   Thumb Code    62  stm32f10x_tim.o(.text)
    TIM_ETRConfig                            0x080176c9   Thumb Code    28  stm32f10x_tim.o(.text)
    TIM_ETRClockMode1Config                  0x080176e5   Thumb Code    54  stm32f10x_tim.o(.text)
    TIM_ETRClockMode2Config                  0x0801771b   Thumb Code    32  stm32f10x_tim.o(.text)
    TIM_PrescalerConfig                      0x0801773b   Thumb Code     6  stm32f10x_tim.o(.text)
    TIM_CounterModeConfig                    0x08017741   Thumb Code    18  stm32f10x_tim.o(.text)
    TIM_EncoderInterfaceConfig               0x08017753   Thumb Code    66  stm32f10x_tim.o(.text)
    TIM_ForcedOC1Config                      0x08017795   Thumb Code    18  stm32f10x_tim.o(.text)
    TIM_ForcedOC2Config                      0x080177a7   Thumb Code    26  stm32f10x_tim.o(.text)
    TIM_ForcedOC3Config                      0x080177c1   Thumb Code    18  stm32f10x_tim.o(.text)
    TIM_ForcedOC4Config                      0x080177d3   Thumb Code    26  stm32f10x_tim.o(.text)
    TIM_ARRPreloadConfig                     0x080177ed   Thumb Code    24  stm32f10x_tim.o(.text)
    TIM_SelectCOM                            0x08017805   Thumb Code    24  stm32f10x_tim.o(.text)
    TIM_SelectCCDMA                          0x0801781d   Thumb Code    24  stm32f10x_tim.o(.text)
    TIM_CCPreloadControl                     0x08017835   Thumb Code    24  stm32f10x_tim.o(.text)
    TIM_OC1PreloadConfig                     0x0801784d   Thumb Code    18  stm32f10x_tim.o(.text)
    TIM_OC2PreloadConfig                     0x0801785f   Thumb Code    26  stm32f10x_tim.o(.text)
    TIM_OC3PreloadConfig                     0x08017879   Thumb Code    18  stm32f10x_tim.o(.text)
    TIM_OC4PreloadConfig                     0x0801788b   Thumb Code    26  stm32f10x_tim.o(.text)
    TIM_OC1FastConfig                        0x080178a5   Thumb Code    18  stm32f10x_tim.o(.text)
    TIM_OC2FastConfig                        0x080178b7   Thumb Code    26  stm32f10x_tim.o(.text)
    TIM_OC3FastConfig                        0x080178d1   Thumb Code    18  stm32f10x_tim.o(.text)
    TIM_OC4FastConfig                        0x080178e3   Thumb Code    26  stm32f10x_tim.o(.text)
    TIM_ClearOC1Ref                          0x080178fd   Thumb Code    18  stm32f10x_tim.o(.text)
    TIM_ClearOC2Ref                          0x0801790f   Thumb Code    24  stm32f10x_tim.o(.text)
    TIM_ClearOC3Ref                          0x08017927   Thumb Code    18  stm32f10x_tim.o(.text)
    TIM_ClearOC4Ref                          0x08017939   Thumb Code    24  stm32f10x_tim.o(.text)
    TIM_OC1PolarityConfig                    0x08017951   Thumb Code    18  stm32f10x_tim.o(.text)
    TIM_OC1NPolarityConfig                   0x08017963   Thumb Code    18  stm32f10x_tim.o(.text)
    TIM_OC2PolarityConfig                    0x08017975   Thumb Code    26  stm32f10x_tim.o(.text)
    TIM_OC2NPolarityConfig                   0x0801798f   Thumb Code    26  stm32f10x_tim.o(.text)
    TIM_OC3PolarityConfig                    0x080179a9   Thumb Code    26  stm32f10x_tim.o(.text)
    TIM_OC3NPolarityConfig                   0x080179c3   Thumb Code    26  stm32f10x_tim.o(.text)
    TIM_OC4PolarityConfig                    0x080179dd   Thumb Code    26  stm32f10x_tim.o(.text)
    TIM_CCxCmd                               0x080179f7   Thumb Code    30  stm32f10x_tim.o(.text)
    TIM_CCxNCmd                              0x08017a15   Thumb Code    30  stm32f10x_tim.o(.text)
    TIM_SelectOCxM                           0x08017a33   Thumb Code    82  stm32f10x_tim.o(.text)
    TIM_UpdateDisableConfig                  0x08017a85   Thumb Code    24  stm32f10x_tim.o(.text)
    TIM_UpdateRequestConfig                  0x08017a9d   Thumb Code    24  stm32f10x_tim.o(.text)
    TIM_SelectHallSensor                     0x08017ab5   Thumb Code    24  stm32f10x_tim.o(.text)
    TIM_SelectOnePulseMode                   0x08017acd   Thumb Code    18  stm32f10x_tim.o(.text)
    TIM_SelectOutputTrigger                  0x08017adf   Thumb Code    18  stm32f10x_tim.o(.text)
    TIM_SelectSlaveMode                      0x08017af1   Thumb Code    18  stm32f10x_tim.o(.text)
    TIM_SelectMasterSlaveMode                0x08017b03   Thumb Code    18  stm32f10x_tim.o(.text)
    TIM_SetCounter                           0x08017b15   Thumb Code     4  stm32f10x_tim.o(.text)
    TIM_SetAutoreload                        0x08017b19   Thumb Code     4  stm32f10x_tim.o(.text)
    TIM_SetCompare1                          0x08017b1d   Thumb Code     4  stm32f10x_tim.o(.text)
    TIM_SetCompare2                          0x08017b21   Thumb Code     4  stm32f10x_tim.o(.text)
    TIM_SetCompare3                          0x08017b25   Thumb Code     4  stm32f10x_tim.o(.text)
    TIM_SetCompare4                          0x08017b29   Thumb Code     6  stm32f10x_tim.o(.text)
    TIM_SetClockDivision                     0x08017b2f   Thumb Code    18  stm32f10x_tim.o(.text)
    TIM_GetCapture1                          0x08017b41   Thumb Code     6  stm32f10x_tim.o(.text)
    TIM_GetCapture2                          0x08017b47   Thumb Code     6  stm32f10x_tim.o(.text)
    TIM_GetCapture3                          0x08017b4d   Thumb Code     6  stm32f10x_tim.o(.text)
    TIM_GetCapture4                          0x08017b53   Thumb Code     8  stm32f10x_tim.o(.text)
    TIM_GetCounter                           0x08017b5b   Thumb Code     6  stm32f10x_tim.o(.text)
    TIM_GetPrescaler                         0x08017b61   Thumb Code     6  stm32f10x_tim.o(.text)
    TIM_GetFlagStatus                        0x08017b67   Thumb Code    18  stm32f10x_tim.o(.text)
    TIM_ClearFlag                            0x08017b79   Thumb Code     6  stm32f10x_tim.o(.text)
    TIM_GetITStatus                          0x08017b7f   Thumb Code    34  stm32f10x_tim.o(.text)
    TIM_ClearITPendingBit                    0x08017ba1   Thumb Code     6  stm32f10x_tim.o(.text)
    USART_DeInit                             0x08017ba9   Thumb Code   134  stm32f10x_usart.o(.text)
    USART_Init                               0x08017c2f   Thumb Code   210  stm32f10x_usart.o(.text)
    USART_StructInit                         0x08017d01   Thumb Code    24  stm32f10x_usart.o(.text)
    USART_ClockInit                          0x08017d19   Thumb Code    34  stm32f10x_usart.o(.text)
    USART_ClockStructInit                    0x08017d3b   Thumb Code    12  stm32f10x_usart.o(.text)
    USART_Cmd                                0x08017d47   Thumb Code    24  stm32f10x_usart.o(.text)
    USART_ITConfig                           0x08017d5f   Thumb Code    74  stm32f10x_usart.o(.text)
    USART_DMACmd                             0x08017da9   Thumb Code    18  stm32f10x_usart.o(.text)
    USART_SetAddress                         0x08017dbb   Thumb Code    18  stm32f10x_usart.o(.text)
    USART_WakeUpConfig                       0x08017dcd   Thumb Code    18  stm32f10x_usart.o(.text)
    USART_ReceiverWakeUpCmd                  0x08017ddf   Thumb Code    24  stm32f10x_usart.o(.text)
    USART_LINBreakDetectLengthConfig         0x08017df7   Thumb Code    18  stm32f10x_usart.o(.text)
    USART_LINCmd                             0x08017e09   Thumb Code    24  stm32f10x_usart.o(.text)
    USART_SendData                           0x08017e21   Thumb Code     8  stm32f10x_usart.o(.text)
    USART_ReceiveData                        0x08017e29   Thumb Code    10  stm32f10x_usart.o(.text)
    USART_SendBreak                          0x08017e33   Thumb Code    10  stm32f10x_usart.o(.text)
    USART_SetGuardTime                       0x08017e3d   Thumb Code    16  stm32f10x_usart.o(.text)
    USART_SetPrescaler                       0x08017e4d   Thumb Code    16  stm32f10x_usart.o(.text)
    USART_SmartCardCmd                       0x08017e5d   Thumb Code    24  stm32f10x_usart.o(.text)
    USART_SmartCardNACKCmd                   0x08017e75   Thumb Code    24  stm32f10x_usart.o(.text)
    USART_HalfDuplexCmd                      0x08017e8d   Thumb Code    24  stm32f10x_usart.o(.text)
    USART_OverSampling8Cmd                   0x08017ea5   Thumb Code    22  stm32f10x_usart.o(.text)
    USART_OneBitMethodCmd                    0x08017ebb   Thumb Code    24  stm32f10x_usart.o(.text)
    USART_IrDAConfig                         0x08017ed3   Thumb Code    18  stm32f10x_usart.o(.text)
    USART_IrDACmd                            0x08017ee5   Thumb Code    24  stm32f10x_usart.o(.text)
    USART_GetFlagStatus                      0x08017efd   Thumb Code    26  stm32f10x_usart.o(.text)
    USART_ClearFlag                          0x08017f17   Thumb Code    18  stm32f10x_usart.o(.text)
    USART_GetITStatus                        0x08017f29   Thumb Code    84  stm32f10x_usart.o(.text)
    USART_ClearITPendingBit                  0x08017f7d   Thumb Code    52  stm32f10x_usart.o(.text)
    DAC_DeInit                               0x08017fb1   Thumb Code    22  stm32f10x_dac.o(.text)
    DAC_Init                                 0x08017fc7   Thumb Code    46  stm32f10x_dac.o(.text)
    DAC_StructInit                           0x08017ff5   Thumb Code    12  stm32f10x_dac.o(.text)
    DAC_Cmd                                  0x08018001   Thumb Code    34  stm32f10x_dac.o(.text)
    DAC_DMACmd                               0x08018023   Thumb Code    38  stm32f10x_dac.o(.text)
    DAC_SoftwareTriggerCmd                   0x08018049   Thumb Code    48  stm32f10x_dac.o(.text)
    DAC_DualSoftwareTriggerCmd               0x08018079   Thumb Code    38  stm32f10x_dac.o(.text)
    DAC_WaveGenerationCmd                    0x0801809f   Thumb Code    36  stm32f10x_dac.o(.text)
    DAC_SetChannel1Data                      0x080180c3   Thumb Code    26  stm32f10x_dac.o(.text)
    DAC_SetChannel2Data                      0x080180dd   Thumb Code    26  stm32f10x_dac.o(.text)
    DAC_SetDualChannelData                   0x080180f7   Thumb Code    32  stm32f10x_dac.o(.text)
    DAC_GetDataOutputValue                   0x08018117   Thumb Code    32  stm32f10x_dac.o(.text)
    ADC_DeInit                               0x0801813d   Thumb Code    78  stm32f10x_adc.o(.text)
    ADC_Init                                 0x0801818b   Thumb Code    70  stm32f10x_adc.o(.text)
    ADC_StructInit                           0x080181d1   Thumb Code    18  stm32f10x_adc.o(.text)
    ADC_Cmd                                  0x080181e3   Thumb Code    22  stm32f10x_adc.o(.text)
    ADC_DMACmd                               0x080181f9   Thumb Code    22  stm32f10x_adc.o(.text)
    ADC_ITConfig                             0x0801820f   Thumb Code    24  stm32f10x_adc.o(.text)
    ADC_ResetCalibration                     0x08018227   Thumb Code    10  stm32f10x_adc.o(.text)
    ADC_GetResetCalibrationStatus            0x08018231   Thumb Code    20  stm32f10x_adc.o(.text)
    ADC_StartCalibration                     0x08018245   Thumb Code    10  stm32f10x_adc.o(.text)
    ADC_GetCalibrationStatus                 0x0801824f   Thumb Code    20  stm32f10x_adc.o(.text)
    ADC_SoftwareStartConvCmd                 0x08018263   Thumb Code    22  stm32f10x_adc.o(.text)
    ADC_GetSoftwareStartConvStatus           0x08018279   Thumb Code    20  stm32f10x_adc.o(.text)
    ADC_DiscModeChannelCountConfig           0x0801828d   Thumb Code    24  stm32f10x_adc.o(.text)
    ADC_DiscModeCmd                          0x080182a5   Thumb Code    22  stm32f10x_adc.o(.text)
    ADC_RegularChannelConfig                 0x080182bb   Thumb Code   184  stm32f10x_adc.o(.text)
    ADC_ExternalTrigConvCmd                  0x08018373   Thumb Code    22  stm32f10x_adc.o(.text)
    ADC_GetConversionValue                   0x08018389   Thumb Code     8  stm32f10x_adc.o(.text)
    ADC_GetDualModeConversionValue           0x08018391   Thumb Code     8  stm32f10x_adc.o(.text)
    ADC_AutoInjectedConvCmd                  0x08018399   Thumb Code    22  stm32f10x_adc.o(.text)
    ADC_InjectedDiscModeCmd                  0x080183af   Thumb Code    22  stm32f10x_adc.o(.text)
    ADC_ExternalTrigInjectedConvConfig       0x080183c5   Thumb Code    16  stm32f10x_adc.o(.text)
    ADC_ExternalTrigInjectedConvCmd          0x080183d5   Thumb Code    22  stm32f10x_adc.o(.text)
    ADC_SoftwareStartInjectedConvCmd         0x080183eb   Thumb Code    22  stm32f10x_adc.o(.text)
    ADC_GetSoftwareStartInjectedConvCmdStatus 0x08018401   Thumb Code    20  stm32f10x_adc.o(.text)
    ADC_InjectedChannelConfig                0x08018415   Thumb Code   130  stm32f10x_adc.o(.text)
    ADC_InjectedSequencerLengthConfig        0x08018497   Thumb Code    24  stm32f10x_adc.o(.text)
    ADC_SetInjectedOffset                    0x080184af   Thumb Code    20  stm32f10x_adc.o(.text)
    ADC_GetInjectedConversionValue           0x080184c3   Thumb Code    28  stm32f10x_adc.o(.text)
    ADC_AnalogWatchdogCmd                    0x080184df   Thumb Code    16  stm32f10x_adc.o(.text)
    ADC_AnalogWatchdogThresholdsConfig       0x080184ef   Thumb Code     6  stm32f10x_adc.o(.text)
    ADC_AnalogWatchdogSingleChannelConfig    0x080184f5   Thumb Code    16  stm32f10x_adc.o(.text)
    ADC_TempSensorVrefintCmd                 0x08018505   Thumb Code    64  stm32f10x_adc.o(.text)
    ADC_GetFlagStatus                        0x08018545   Thumb Code    18  stm32f10x_adc.o(.text)
    ADC_ClearFlag                            0x08018557   Thumb Code     6  stm32f10x_adc.o(.text)
    ADC_GetITStatus                          0x0801855d   Thumb Code    36  stm32f10x_adc.o(.text)
    ADC_ClearITPendingBit                    0x08018581   Thumb Code    10  stm32f10x_adc.o(.text)
    DMA_DeInit                               0x0801858d   Thumb Code   324  stm32f10x_dma.o(.text)
    DMA_Init                                 0x080186d1   Thumb Code    60  stm32f10x_dma.o(.text)
    DMA_StructInit                           0x0801870d   Thumb Code    26  stm32f10x_dma.o(.text)
    DMA_Cmd                                  0x08018727   Thumb Code    24  stm32f10x_dma.o(.text)
    DMA_ITConfig                             0x0801873f   Thumb Code    18  stm32f10x_dma.o(.text)
    DMA_SetCurrDataCounter                   0x08018751   Thumb Code     4  stm32f10x_dma.o(.text)
    DMA_GetCurrDataCounter                   0x08018755   Thumb Code     8  stm32f10x_dma.o(.text)
    DMA_GetFlagStatus                        0x0801875d   Thumb Code    40  stm32f10x_dma.o(.text)
    DMA_ClearFlag                            0x08018785   Thumb Code    22  stm32f10x_dma.o(.text)
    DMA_GetITStatus                          0x0801879b   Thumb Code    40  stm32f10x_dma.o(.text)
    DMA_ClearITPendingBit                    0x080187c3   Thumb Code    22  stm32f10x_dma.o(.text)
    SystemInit                               0x080188bf   Thumb Code    76  system_stm32f10x.o(.text)
    SystemCoreClockUpdate                    0x0801890b   Thumb Code   142  system_stm32f10x.o(.text)
    RCC_Configuration                        0x080189c9   Thumb Code    54  sys.o(.text)
    AT24CXX_Init                             0x08018a09   Thumb Code     8  24c256.o(.text)
    AT24CXX_ReadOneByte                      0x08018a11   Thumb Code    84  24c256.o(.text)
    AT24CXX_WriteOneByte                     0x08018a65   Thumb Code    76  24c256.o(.text)
    AT24CXX_WriteLenByte                     0x08018ab1   Thumb Code    42  24c256.o(.text)
    AT24CXX_ReadLenByte                      0x08018adb   Thumb Code    44  24c256.o(.text)
    AT24CXX_Check                            0x08018b07   Thumb Code    46  24c256.o(.text)
    AT24CXX_Read                             0x08018b35   Thumb Code    34  24c256.o(.text)
    AT24CXX_Write                            0x08018b57   Thumb Code    44  24c256.o(.text)
    ADC_Configuration                        0x08018b85   Thumb Code   196  adc.o(.text)
    Get_Adc                                  0x08018c49   Thumb Code    48  adc.o(.text)
    DAC_Configuration                        0x08018c85   Thumb Code   122  dac.o(.text)
    PORT_Gpio_Init                           0x08018d05   Thumb Code    82  gpio.o(.text)
    Led_Test_Off                             0x08018d57   Thumb Code     8  gpio.o(.text)
    Led_Test_On                              0x08018d5f   Thumb Code     8  gpio.o(.text)
    TIM3_Configuration                       0x08018d71   Thumb Code    70  time.o(.text)
    TIM2_Configuration                       0x08018db7   Thumb Code    58  time.o(.text)
    NVIC_Configuration                       0x08018df5   Thumb Code    68  uart.o(.text)
    GPIO_UART                                0x08018e39   Thumb Code    86  uart.o(.text)
    USART_Configuration                      0x08018e8f   Thumb Code    68  uart.o(.text)
    Keyboard_Init                            0x08018ee1   Thumb Code   104  keyboard.o(.text)
    Key_Identiry                             0x08018f49   Thumb Code   180  keyboard.o(.text)
    Key_Init                                 0x08018ffd   Thumb Code    24  keyboard.o(.text)
    Key_Read                                 0x08019015   Thumb Code    22  keyboard.o(.text)
    Key_Read_WithTimeOut                     0x0801902b   Thumb Code    36  keyboard.o(.text)
    Key_Scan                                 0x0801904f   Thumb Code   210  keyboard.o(.text)
    Lcd2002_Gpio_Init                        0x08019139   Thumb Code    48  lcd2002.o(.text)
    Lcd_ReadBF                               0x08019169   Thumb Code    10  lcd2002.o(.text)
    Lcd_WriteCmd                             0x08019173   Thumb Code    52  lcd2002.o(.text)
    Lcd_SetAddr                              0x080191a7   Thumb Code    72  lcd2002.o(.text)
    Lcd_AddrUpdate                           0x080191ef   Thumb Code    62  lcd2002.o(.text)
    Lcd_WriteData                            0x0801922d   Thumb Code    58  lcd2002.o(.text)
    Lcd_Clr                                  0x08019267   Thumb Code    10  lcd2002.o(.text)
    Lcd_Init                                 0x08019271   Thumb Code    36  lcd2002.o(.text)
    Disp_Clr                                 0x080192a9   Thumb Code     8  disp.o(.text)
    Disp_Char                                0x080192b1   Thumb Code    12  disp.o(.text)
    Disp_CharAt                              0x080192bd   Thumb Code    16  disp.o(.text)
    Disp_Str                                 0x080192cd   Thumb Code    38  disp.o(.text)
    Disp_StrAt                               0x080192f3   Thumb Code    16  disp.o(.text)
    SaveGroup                                0x08019305   Thumb Code    14  flash_eerom.o(.text)
    ReadGroup                                0x08019313   Thumb Code    14  flash_eerom.o(.text)
    SavePselect                              0x08019321   Thumb Code    18  flash_eerom.o(.text)
    ReadPselect                              0x08019333   Thumb Code    18  flash_eerom.o(.text)
    Saveaddr                                 0x08019345   Thumb Code    18  flash_eerom.o(.text)
    Readaddr                                 0x08019357   Thumb Code    18  flash_eerom.o(.text)
    Store_set_flash                          0x08019369   Thumb Code    34  flash_eerom.o(.text)
    ReadSetByGroup                           0x0801938b   Thumb Code    34  flash_eerom.o(.text)
    ReadCalData                              0x080193ad   Thumb Code    18  flash_eerom.o(.text)
    StoreCalDate                             0x080193bf   Thumb Code    18  flash_eerom.o(.text)
    Da_Out                                   0x080193d5   Thumb Code    14  hardware.o(.text)
    Arc_Out                                  0x080193e3   Thumb Code    18  hardware.o(.text)
    Read_Ad_Ch0                              0x080193f5   Thumb Code    12  hardware.o(.text)
    Read_Ad_Ch1                              0x08019401   Thumb Code    12  hardware.o(.text)
    Beep_On                                  0x0801940d   Thumb Code    48  hardware.o(.text)
    Beep_Off                                 0x0801943d   Thumb Code    48  hardware.o(.text)
    Led_Fail_Off                             0x0801946d   Thumb Code    50  hardware.o(.text)
    Led_Fail_On                              0x0801949f   Thumb Code    50  hardware.o(.text)
    Led_HV_On                                0x080194d1   Thumb Code    48  hardware.o(.text)
    Led_HV_Off                               0x08019501   Thumb Code    48  hardware.o(.text)
    Plc_Pass_On                              0x08019531   Thumb Code    50  hardware.o(.text)
    Plc_Pass_Off                             0x08019563   Thumb Code    50  hardware.o(.text)
    Led_Pass_On                              0x08019595   Thumb Code    54  hardware.o(.text)
    Led_Pass_Off                             0x080195cb   Thumb Code    54  hardware.o(.text)
    Plc_Start_On                             0x08019601   Thumb Code    10  hardware.o(.text)
    Plc_Start_Off                            0x0801960b   Thumb Code    10  hardware.o(.text)
    Amp_Output_On                            0x08019615   Thumb Code    50  hardware.o(.text)
    Amp_Output_Off                           0x08019647   Thumb Code    50  hardware.o(.text)
    Dc_Output_On                             0x08019679   Thumb Code    56  hardware.o(.text)
    Dc_Output_Off                            0x080196b1   Thumb Code    58  hardware.o(.text)
    Frequency_Control                        0x080196eb   Thumb Code    44  hardware.o(.text)
    Start_Uart                               0x08019717   Thumb Code     2  hardware.o(.text)
    Stop_Uart                                0x08019719   Thumb Code     2  hardware.o(.text)
    Cpu_Init                                 0x0801971b   Thumb Code     2  hardware.o(.text)
    Hardware_Init                            0x0801971d   Thumb Code    80  hardware.o(.text)
    ResetSys                                 0x0801976d   Thumb Code     2  hardware.o(.text)
    Beep_Init                                0x08019791   Thumb Code    18  beep.o(.text)
    Beep_Work                                0x080197a3   Thumb Code    94  beep.o(.text)
    Beep_Long                                0x08019829   Thumb Code    14  beep.o(.text)
    Beep_One                                 0x08019837   Thumb Code    14  beep.o(.text)
    Beep_Two                                 0x08019845   Thumb Code    14  beep.o(.text)
    IIC_Init                                 0x08019861   Thumb Code    46  myiic.o(.text)
    IIC_Start                                0x0801988f   Thumb Code    64  myiic.o(.text)
    IIC_Stop                                 0x080198cf   Thumb Code    66  myiic.o(.text)
    IIC_Wait_Ack                             0x08019911   Thumb Code    94  myiic.o(.text)
    IIC_Ack                                  0x0801996f   Thumb Code    70  myiic.o(.text)
    IIC_NAck                                 0x080199b5   Thumb Code    70  myiic.o(.text)
    IIC_Send_Byte                            0x080199fb   Thumb Code    98  myiic.o(.text)
    IIC_Read_Byte                            0x08019a5d   Thumb Code   100  myiic.o(.text)
    INT_Init                                 0x08019acd   Thumb Code    32  exti.o(.text)
    EXTIX_Init                               0x08019aed   Thumb Code   220  exti.o(.text)
    __aeabi_memcpy                           0x08019bcd   Thumb Code    36  memcpya.o(.text)
    __aeabi_memcpy4                          0x08019bcd   Thumb Code     0  memcpya.o(.text)
    __aeabi_memcpy8                          0x08019bcd   Thumb Code     0  memcpya.o(.text)
    __aeabi_memset                           0x08019bf1   Thumb Code    14  memseta.o(.text)
    __aeabi_memset4                          0x08019bf1   Thumb Code     0  memseta.o(.text)
    __aeabi_memset8                          0x08019bf1   Thumb Code     0  memseta.o(.text)
    __aeabi_memclr                           0x08019bff   Thumb Code     4  memseta.o(.text)
    __aeabi_memclr4                          0x08019bff   Thumb Code     0  memseta.o(.text)
    __aeabi_memclr8                          0x08019bff   Thumb Code     0  memseta.o(.text)
    _memset$wrapper                          0x08019c03   Thumb Code    18  memseta.o(.text)
    strcat                                   0x08019c15   Thumb Code    24  strcat.o(.text)
    strlen                                   0x08019c2d   Thumb Code    14  strlen.o(.text)
    __aeabi_fadd                             0x08019c3b   Thumb Code   164  fadd.o(.text)
    __aeabi_fsub                             0x08019cdf   Thumb Code     6  fadd.o(.text)
    __aeabi_frsub                            0x08019ce5   Thumb Code     6  fadd.o(.text)
    __aeabi_fmul                             0x08019ceb   Thumb Code   100  fmul.o(.text)
    __aeabi_fdiv                             0x08019d4f   Thumb Code   124  fdiv.o(.text)
    __aeabi_dmul                             0x08019dcb   Thumb Code   228  dmul.o(.text)
    __aeabi_ddiv                             0x08019eaf   Thumb Code   222  ddiv.o(.text)
    __aeabi_ui2f                             0x08019f8d   Thumb Code    10  ffltui.o(.text)
    __aeabi_ui2d                             0x08019f97   Thumb Code    26  dfltui.o(.text)
    __aeabi_f2uiz                            0x08019fb1   Thumb Code    40  ffixui.o(.text)
    __aeabi_d2uiz                            0x08019fd9   Thumb Code    50  dfixui.o(.text)
    __aeabi_f2d                              0x0801a00b   Thumb Code    38  f2d.o(.text)
    __aeabi_cdcmpeq                          0x0801a031   Thumb Code     0  cdcmple.o(.text)
    __aeabi_cdcmple                          0x0801a031   Thumb Code    48  cdcmple.o(.text)
    __aeabi_cdrcmple                         0x0801a061   Thumb Code    48  cdrcmple.o(.text)
    __aeabi_d2f                              0x0801a091   Thumb Code    56  d2f.o(.text)
    __aeabi_cfcmpeq                          0x0801a0c9   Thumb Code     0  cfcmple.o(.text)
    __aeabi_cfcmple                          0x0801a0c9   Thumb Code    20  cfcmple.o(.text)
    __aeabi_cfrcmple                         0x0801a0dd   Thumb Code    20  cfrcmple.o(.text)
    __aeabi_llsr                             0x0801a0f1   Thumb Code    32  llushr.o(.text)
    _ll_ushift_r                             0x0801a0f1   Thumb Code     0  llushr.o(.text)
    __strtod_int                             0x0801a147   Thumb Code    90  strtod.o(.text)
    __I$use$fp                               0x0801a1ad   Thumb Code     0  iusefp.o(.text)
    _float_round                             0x0801a1ad   Thumb Code    18  fepilogue.o(.text)
    _float_epilogue                          0x0801a1bf   Thumb Code    92  fepilogue.o(.text)
    _double_round                            0x0801a21b   Thumb Code    30  depilogue.o(.text)
    _double_epilogue                         0x0801a239   Thumb Code   156  depilogue.o(.text)
    __scatterload                            0x0801a2d5   Thumb Code    28  init.o(.text)
    __scatterload_rt2                        0x0801a2d5   Thumb Code     0  init.o(.text)
    __aeabi_llsl                             0x0801a2f9   Thumb Code    30  llshl.o(.text)
    _ll_shift_l                              0x0801a2f9   Thumb Code     0  llshl.o(.text)
    isspace                                  0x0801a317   Thumb Code    10  isspace_c.o(.text)
    _scanf_real                              0x0801a449   Thumb Code     0  scanf_fp.o(.text)
    _scanf_really_real                       0x0801a449   Thumb Code   556  scanf_fp.o(.text)
    _sgetc                                   0x0801a681   Thumb Code    30  _sgetc.o(.text)
    _sbackspace                              0x0801a69f   Thumb Code    34  _sgetc.o(.text)
    __ctype_lookup                           0x0801a6c1   Thumb Code    34  ctype_c.o(.text)
    __aeabi_ul2d                             0x0801a6e9   Thumb Code    24  dfltul.o(.text)
    __read_errno                             0x0801a701   Thumb Code     6  errno.o(i.__read_errno)
    __scatterload_copy                       0x0801a70d   Thumb Code    14  handlers.o(i.__scatterload_copy)
    __scatterload_null                       0x0801a71b   Thumb Code     2  handlers.o(i.__scatterload_null)
    __scatterload_zeroinit                   0x0801a71d   Thumb Code    14  handlers.o(i.__scatterload_zeroinit)
    __set_errno                              0x0801a72d   Thumb Code     6  errno.o(i.__set_errno)
    _is_digit                                0x0801a739   Thumb Code    14  scanf_fp.o(i._is_digit)
    atof                                     0x0801a747   Thumb Code    42  atof.o(i.atof)
    Sin                                      0x0801a770   Data         256  user.o(.constdata)
    POW_NUM                                  0x0801a870   Data           8  user.o(.constdata)
    RANGE_RATE                               0x0801a878   Data          20  user.o(.constdata)
    I_TEST_DISP                              0x0801a88c   Data          14  user.o(.constdata)
    W_TEST_DISP                              0x0801a89a   Data          21  user.o(.constdata)
    I_SET                                    0x0801a8af   Data          64  user.o(.constdata)
    AC_DC_SET                                0x0801a8ef   Data           8  user.o(.constdata)
    FREQ_SET                                 0x0801a8f7   Data           6  user.o(.constdata)
    GROUP_DISP_ITEM                          0x0801a8fd   Data          24  user.o(.constdata)
    GROUP_ITEM                               0x0801a915   Data          24  user.o(.constdata)
    I_Sel_Tab                                0x0801a92d   Data          85  user.o(.constdata)
    W_SET                                    0x0801a982   Data         128  user.o(.constdata)
    W_Sel_Tab                                0x0801aa02   Data         153  user.o(.constdata)
    I_W_SET                                  0x0801aa9b   Data         204  user.o(.constdata)
    I_W_Sel_Tab                              0x0801ab67   Data         221  user.o(.constdata)
    I_WDC_Sel_Tab                            0x0801ac44   Data         221  user.o(.constdata)
    RangeTab                                 0x0801ad21   Data          40  user.o(.constdata)
    BeepTab                                  0x0801ad49   Data          15  user.o(.constdata)
    SwitchTab                                0x0801ad58   Data          10  user.o(.constdata)
    SetupMenu                                0x0801ad62   Data          84  user.o(.constdata)
    EnterTab                                 0x0801adb6   Data          21  user.o(.constdata)
    NumberTab                                0x0801adcb   Data          84  user.o(.constdata)
    SelectTab                                0x0801ae1f   Data          21  user.o(.constdata)
    ParameterTab                             0x0801ae34   Data          65  user.o(.constdata)
    NumTab                                   0x0801ae75   Data          24  user.o(.constdata)
    SystemTab                                0x0801ae8d   Data          52  user.o(.constdata)
    SystemLimit                              0x0801aec2   Data          16  user.o(.constdata)
    SystemLimitDot                           0x0801aed2   Data          10  user.o(.constdata)
    ParameterLimit                           0x0801aedc   Data          52  user.o(.constdata)
    ParameterLimit_AC                        0x0801af10   Data          52  user.o(.constdata)
    ParameterComp                            0x0801af44   Data          52  user.o(.constdata)
    ParameterLimit_dot                       0x0801af78   Data          22  user.o(.constdata)
    ParameterLimit_len                       0x0801af8e   Data          32  user.o(.constdata)
    MsgTab                                   0x0801afae   Data          77  user.o(.constdata)
    FactoryTabS                              0x0801affb   Data          21  user.o(.constdata)
    FactoryTab                               0x0801b010   Data          21  user.o(.constdata)
    ParameterDotTab                          0x0801b025   Data          52  user.o(.constdata)
    IR_Range_dot                             0x0801b059   Data           5  test.o(.constdata)
    CalibrateLimit                           0x0801b05e   Data          44  debug.o(.constdata)
    CalibrateLimitvalue                      0x0801b08a   Data          20  debug.o(.constdata)
    DebugMenu                                0x0801b09e   Data         187  debug.o(.constdata)
    Debugext                                 0x0801b159   Data          17  debug.o(.constdata)
    Debugtext                                0x0801b16a   Data          21  debug.o(.constdata)
    CalIrTab                                 0x0801b17f   Data         168  debug.o(.constdata)
    CalTestTab                               0x0801b227   Data         187  debug.o(.constdata)
    EnterTab1                                0x0801b2e2   Data          17  debug.o(.constdata)
    Debug_Dot                                0x0801b2f3   Data          11  debug.o(.constdata)
    LCD_INIT_PARAMETER                       0x0801b2fe   Data           5  lcd2002.o(.constdata)
    ArcLevel                                 0x0801b304   Data          20  hardware.o(.constdata)
    __ctype_categories                       0x0801b318   Data          64  ctype_c.o(.constdata)
    Region$$Table$$Base                      0x0801b358   Number         0  anon$$obj.o(Region$$Table)
    Region$$Table$$Limit                     0x0801b378   Number         0  anon$$obj.o(Region$$Table)
    F_Fail                                   0x20000000   Data           1  pbdata.o(.data)
    F_100ms                                  0x20000001   Data           1  pbdata.o(.data)
    F_Password                               0x20000002   Data           1  pbdata.o(.data)
    SystemStatus                             0x20000003   Data           1  pbdata.o(.data)
    SystemMessage                            0x20000004   Data           1  pbdata.o(.data)
    MenuIndex                                0x20000005   Data           1  pbdata.o(.data)
    Range                                    0x20000006   Data           1  pbdata.o(.data)
    ffit_data1                               0x20000007   Data           1  pbdata.o(.data)
    count_ffit                               0x20000008   Data           2  pbdata.o(.data)
    Voltage                                  0x2000000c   Data           4  pbdata.o(.data)
    Test_Time                                0x20000010   Data           4  pbdata.o(.data)
    Resistance                               0x20000014   Data           4  pbdata.o(.data)
    dt                                       0x20000018   Data           1  pbdata.o(.data)
    SoftTimer                                0x20000019   Data           2  pbdata.o(.data)
    StepIndex                                0x2000001b   Data           1  pbdata.o(.data)
    TotalStep                                0x2000001c   Data           1  pbdata.o(.data)
    Current                                  0x2000001e   Data           2  pbdata.o(.data)
    TestTime                                 0x20000020   Data           2  pbdata.o(.data)
    AdCount                                  0x20000022   Data           1  pbdata.o(.data)
    RampStepYs                               0x20000024   Data           2  pbdata.o(.data)
    RampStepFd                               0x20000026   Data           2  pbdata.o(.data)
    RampStepTime                             0x20000028   Data           1  pbdata.o(.data)
    TestOut                                  0x2000002a   Data           2  pbdata.o(.data)
    FullOut                                  0x2000002c   Data           2  pbdata.o(.data)
    ra_flag                                  0x2000002e   Data           1  pbdata.o(.data)
    run_stemp                                0x2000002f   Data           1  pbdata.o(.data)
    rangelomit_low                           0x20000030   Data           2  pbdata.o(.data)
    rangr_limit_high                         0x20000032   Data           2  pbdata.o(.data)
    groupflag                                0x20000034   Data           1  pbdata.o(.data)
    DefaultCalDaOut                          0x20000036   Data           8  pbdata.o(.data)
    strbuff                                  0x20000040   Data           8  test.o(.data)
    respond                                  0x20000048   Data           1  test.o(.data)
    multstep                                 0x20000049   Data           1  test.o(.data)
    sendflag                                 0x2000004a   Data           1  test.o(.data)
    sendcheck                                0x2000004b   Data           1  test.o(.data)
    sendend                                  0x2000004c   Data           2  test.o(.data)
    USENDI                                   0x20000050   Data           4  test.o(.data)
    U2                                       0x20000054   Data           1  test.o(.data)
    DMA1_MEM_LEN                             0x20000056   Data           2  dma.o(.data)
    calitem                                  0x20000058   Data           1  debug.o(.data)
    DefaultCalibrate                         0x2000005a   Data          32  debug.o(.data)
    SystemCoreClock                          0x20000090   Data           4  system_stm32f10x.o(.data)
    AHBPrescTable                            0x20000094   Data          16  system_stm32f10x.o(.data)
    IC19_574buff                             0x200000a4   Data           1  gpio.o(.data)
    IC42_574buff                             0x200000a5   Data           1  gpio.o(.data)
    disp_time                                0x200000a8   Data           4  time.o(.data)
    Keyboard                                 0x200000ac   Data           3  keyboard.o(.data)
    LcdAddr                                  0x200000b2   Data           2  lcd2002.o(.data)
    DispBuf                                  0x200000b4   Data           8  disp.o(.data)
    NumBox                                   0x200000c8   Data          16  pbdata.o(.bss)
    Test_value                               0x200000d8   Data          16  pbdata.o(.bss)
    Float                                    0x200000e8   Data          12  pbdata.o(.bss)
    SaveData                                 0x200000f4   Data          74  pbdata.o(.bss)
    Calibrate                                0x2000013e   Data          44  pbdata.o(.bss)
    Res_count                                0x2000016c   Data          16  pbdata.o(.bss)
    i_buff                                   0x2000017c   Data          48  pbdata.o(.bss)
    Vbuf                                     0x200001ac   Data          16  pbdata.o(.bss)
    Ibuf                                     0x200001bc   Data          16  pbdata.o(.bss)
    Test_mid                                 0x200001cc   Data          10  pbdata.o(.bss)
    Cal                                      0x200001d6   Data          44  pbdata.o(.bss)
    sendbuff                                 0x20000202   Data          20  test.o(.bss)
    sendbuffold                              0x20000216   Data          20  test.o(.bss)
    sendbuff1                                0x2000022a   Data          20  test.o(.bss)
    sendbuff2                                0x2000023e   Data          20  test.o(.bss)
    sendbuff3                                0x20000252   Data          20  test.o(.bss)
    DMA_InitStructure                        0x20000268   Data          44  dma.o(.bss)
    ComBuf                                   0x20000294   Data          77  uart.o(.bss)
    ComBufold                                0x200002e1   Data          77  uart.o(.bss)
    ComBuf1                                  0x2000032e   Data          77  uart.o(.bss)
    FacBuf                                   0x2000037b   Data          77  uart.o(.bss)
    __initial_sp                             0x200007c8   Data           0  startup_stm32f10x_hd.o(STACK)



==============================================================================

Memory Map of the image

  Image Entry point : 0x08010131

  Load Region LR_IROM1 (Base: 0x08010000, Size: 0x0000b440, Max: 0x00030000, ABSOLUTE)

    Execution Region ER_IROM1 (Exec base: 0x08010000, Load base: 0x08010000, Size: 0x0000b378, Max: 0x00030000, ABSOLUTE)

    Exec Addr    Load Addr    Size         Type   Attr      Idx    E Section Name        Object

    0x08010000   0x08010000   0x00000130   Data   RO            3    RESET               startup_stm32f10x_hd.o
    0x08010130   0x08010130   0x00000000   Code   RO          703  * .ARM.Collect$$$$00000000  mc_w.l(entry.o)
    0x08010130   0x08010130   0x00000004   Code   RO          746    .ARM.Collect$$$$00000001  mc_w.l(entry2.o)
    0x08010134   0x08010134   0x00000004   Code   RO          749    .ARM.Collect$$$$00000004  mc_w.l(entry5.o)
    0x08010138   0x08010138   0x00000000   Code   RO          751    .ARM.Collect$$$$00000008  mc_w.l(entry7b.o)
    0x08010138   0x08010138   0x00000000   Code   RO          753    .ARM.Collect$$$$0000000A  mc_w.l(entry8b.o)
    0x08010138   0x08010138   0x00000008   Code   RO          754    .ARM.Collect$$$$0000000B  mc_w.l(entry9a.o)
    0x08010140   0x08010140   0x00000000   Code   RO          756    .ARM.Collect$$$$0000000D  mc_w.l(entry10a.o)
    0x08010140   0x08010140   0x00000000   Code   RO          758    .ARM.Collect$$$$0000000F  mc_w.l(entry11a.o)
    0x08010140   0x08010140   0x00000004   Code   RO          747    .ARM.Collect$$$$00002712  mc_w.l(entry2.o)
    0x08010144   0x08010144   0x00000024   Code   RO            4    .text               startup_stm32f10x_hd.o
    0x08010168   0x08010168   0x000000b0   Code   RO           10    .text               main.o
    0x08010218   0x08010218   0x000000ec   Code   RO          147    .text               pbdata.o
    0x08010304   0x08010304   0x00000478   Code   RO          167    .text               stm32f10x_it.o
    0x0801077c   0x0801077c   0x00001f94   Code   RO          184    .text               user.o
    0x08012710   0x08012710   0x000032e4   Code   RO          202    .text               test.o
    0x080159f4   0x080159f4   0x0000006c   Code   RO          229    .text               dma.o
    0x08015a60   0x08015a60   0x00000a2c   Code   RO          251    .text               debug.o
    0x0801648c   0x0801648c   0x0000035c   Code   RO          270    .text               stm32f10x_gpio.o
    0x080167e8   0x080167e8   0x000003ac   Code   RO          282    .text               stm32f10x_rcc.o
    0x08016b94   0x08016b94   0x000000dc   Code   RO          296    .text               misc.o
    0x08016c70   0x08016c70   0x0000011c   Code   RO          308    .text               stm32f10x_exti.o
    0x08016d8c   0x08016d8c   0x00000e1a   Code   RO          320    .text               stm32f10x_tim.o
    0x08017ba6   0x08017ba6   0x00000002   PAD
    0x08017ba8   0x08017ba8   0x00000408   Code   RO          332    .text               stm32f10x_usart.o
    0x08017fb0   0x08017fb0   0x0000018c   Code   RO          344    .text               stm32f10x_dac.o
    0x0801813c   0x0801813c   0x0000044e   Code   RO          356    .text               stm32f10x_adc.o
    0x0801858a   0x0801858a   0x00000002   PAD
    0x0801858c   0x0801858c   0x00000254   Code   RO          407    .text               stm32f10x_dma.o
    0x080187e0   0x080187e0   0x000001e8   Code   RO          429    .text               system_stm32f10x.o
    0x080189c8   0x080189c8   0x00000040   Code   RO          454    .text               sys.o
    0x08018a08   0x08018a08   0x0000017a   Code   RO          482    .text               24c256.o
    0x08018b82   0x08018b82   0x00000002   PAD
    0x08018b84   0x08018b84   0x00000100   Code   RO          494    .text               adc.o
    0x08018c84   0x08018c84   0x00000080   Code   RO          506    .text               dac.o
    0x08018d04   0x08018d04   0x0000006c   Code   RO          518    .text               gpio.o
    0x08018d70   0x08018d70   0x00000084   Code   RO          536    .text               time.o
    0x08018df4   0x08018df4   0x000000ec   Code   RO          554    .text               uart.o
    0x08018ee0   0x08018ee0   0x00000258   Code   RO          572    .text               keyboard.o
    0x08019138   0x08019138   0x00000170   Code   RO          590    .text               lcd2002.o
    0x080192a8   0x080192a8   0x0000005a   Code   RO          609    .text               disp.o
    0x08019302   0x08019302   0x00000002   PAD
    0x08019304   0x08019304   0x000000d0   Code   RO          634    .text               flash_eerom.o
    0x080193d4   0x080193d4   0x000003bc   Code   RO          646    .text               hardware.o
    0x08019790   0x08019790   0x000000d0   Code   RO          661    .text               beep.o
    0x08019860   0x08019860   0x0000026c   Code   RO          675    .text               myiic.o
    0x08019acc   0x08019acc   0x00000100   Code   RO          687    .text               exti.o
    0x08019bcc   0x08019bcc   0x00000024   Code   RO          706    .text               mc_w.l(memcpya.o)
    0x08019bf0   0x08019bf0   0x00000024   Code   RO          708    .text               mc_w.l(memseta.o)
    0x08019c14   0x08019c14   0x00000018   Code   RO          710    .text               mc_w.l(strcat.o)
    0x08019c2c   0x08019c2c   0x0000000e   Code   RO          712    .text               mc_w.l(strlen.o)
    0x08019c3a   0x08019c3a   0x000000b0   Code   RO          716    .text               mf_w.l(fadd.o)
    0x08019cea   0x08019cea   0x00000064   Code   RO          718    .text               mf_w.l(fmul.o)
    0x08019d4e   0x08019d4e   0x0000007c   Code   RO          720    .text               mf_w.l(fdiv.o)
    0x08019dca   0x08019dca   0x000000e4   Code   RO          722    .text               mf_w.l(dmul.o)
    0x08019eae   0x08019eae   0x000000de   Code   RO          724    .text               mf_w.l(ddiv.o)
    0x08019f8c   0x08019f8c   0x0000000a   Code   RO          726    .text               mf_w.l(ffltui.o)
    0x08019f96   0x08019f96   0x0000001a   Code   RO          728    .text               mf_w.l(dfltui.o)
    0x08019fb0   0x08019fb0   0x00000028   Code   RO          730    .text               mf_w.l(ffixui.o)
    0x08019fd8   0x08019fd8   0x00000032   Code   RO          732    .text               mf_w.l(dfixui.o)
    0x0801a00a   0x0801a00a   0x00000026   Code   RO          734    .text               mf_w.l(f2d.o)
    0x0801a030   0x0801a030   0x00000030   Code   RO          736    .text               mf_w.l(cdcmple.o)
    0x0801a060   0x0801a060   0x00000030   Code   RO          738    .text               mf_w.l(cdrcmple.o)
    0x0801a090   0x0801a090   0x00000038   Code   RO          740    .text               mf_w.l(d2f.o)
    0x0801a0c8   0x0801a0c8   0x00000014   Code   RO          742    .text               mf_w.l(cfcmple.o)
    0x0801a0dc   0x0801a0dc   0x00000014   Code   RO          744    .text               mf_w.l(cfrcmple.o)
    0x0801a0f0   0x0801a0f0   0x00000020   Code   RO          760    .text               mc_w.l(llushr.o)
    0x0801a110   0x0801a110   0x0000009c   Code   RO          769    .text               mc_w.l(strtod.o)
    0x0801a1ac   0x0801a1ac   0x00000000   Code   RO          771    .text               mc_w.l(iusefp.o)
    0x0801a1ac   0x0801a1ac   0x0000006e   Code   RO          772    .text               mf_w.l(fepilogue.o)
    0x0801a21a   0x0801a21a   0x000000ba   Code   RO          774    .text               mf_w.l(depilogue.o)
    0x0801a2d4   0x0801a2d4   0x00000024   Code   RO          776    .text               mc_w.l(init.o)
    0x0801a2f8   0x0801a2f8   0x0000001e   Code   RO          778    .text               mc_w.l(llshl.o)
    0x0801a316   0x0801a316   0x0000000a   Code   RO          780    .text               mc_w.l(isspace_c.o)
    0x0801a320   0x0801a320   0x00000360   Code   RO          782    .text               mc_w.l(scanf_fp.o)
    0x0801a680   0x0801a680   0x00000040   Code   RO          786    .text               mc_w.l(_sgetc.o)
    0x0801a6c0   0x0801a6c0   0x00000028   Code   RO          788    .text               mc_w.l(ctype_c.o)
    0x0801a6e8   0x0801a6e8   0x00000018   Code   RO          791    .text               mf_w.l(dfltul.o)
    0x0801a700   0x0801a700   0x0000000c   Code   RO          763    i.__read_errno      mc_w.l(errno.o)
    0x0801a70c   0x0801a70c   0x0000000e   Code   RO          795    i.__scatterload_copy  mc_w.l(handlers.o)
    0x0801a71a   0x0801a71a   0x00000002   Code   RO          796    i.__scatterload_null  mc_w.l(handlers.o)
    0x0801a71c   0x0801a71c   0x0000000e   Code   RO          797    i.__scatterload_zeroinit  mc_w.l(handlers.o)
    0x0801a72a   0x0801a72a   0x00000002   PAD
    0x0801a72c   0x0801a72c   0x0000000c   Code   RO          764    i.__set_errno       mc_w.l(errno.o)
    0x0801a738   0x0801a738   0x0000000e   Code   RO          784    i._is_digit         mc_w.l(scanf_fp.o)
    0x0801a746   0x0801a746   0x0000002a   Code   RO          700    i.atof              m_ws.l(atof.o)
    0x0801a770   0x0801a770   0x000008e9   Data   RO          185    .constdata          user.o
    0x0801b059   0x0801b059   0x00000005   Data   RO          204    .constdata          test.o
    0x0801b05e   0x0801b05e   0x000002a0   Data   RO          252    .constdata          debug.o
    0x0801b2fe   0x0801b2fe   0x00000005   Data   RO          591    .constdata          lcd2002.o
    0x0801b303   0x0801b303   0x00000001   PAD
    0x0801b304   0x0801b304   0x00000014   Data   RO          647    .constdata          hardware.o
    0x0801b318   0x0801b318   0x00000040   Data   RO          789    .constdata          mc_w.l(ctype_c.o)
    0x0801b358   0x0801b358   0x00000020   Data   RO          793    Region$$Table       anon$$obj.o


    Execution Region RW_IRAM1 (Exec base: 0x20000000, Load base: 0x0801b378, Size: 0x000007c8, Max: 0x0000c000, ABSOLUTE)

    Exec Addr    Load Addr    Size         Type   Attr      Idx    E Section Name        Object

    0x20000000   0x0801b378   0x0000003e   Data   RW          149    .data               pbdata.o
    0x2000003e   0x0801b3b6   0x00000001   Data   RW          168    .data               stm32f10x_it.o
    0x2000003f   0x0801b3b7   0x00000001   PAD
    0x20000040   0x0801b3b8   0x00000015   Data   RW          205    .data               test.o
    0x20000055   0x0801b3cd   0x00000001   PAD
    0x20000056   0x0801b3ce   0x00000002   Data   RW          231    .data               dma.o
    0x20000058   0x0801b3d0   0x00000022   Data   RW          253    .data               debug.o
    0x2000007a   0x0801b3f2   0x00000014   Data   RW          283    .data               stm32f10x_rcc.o
    0x2000008e   0x0801b406   0x00000002   PAD
    0x20000090   0x0801b408   0x00000014   Data   RW          430    .data               system_stm32f10x.o
    0x200000a4   0x0801b41c   0x00000002   Data   RW          519    .data               gpio.o
    0x200000a6   0x0801b41e   0x00000002   PAD
    0x200000a8   0x0801b420   0x00000004   Data   RW          537    .data               time.o
    0x200000ac   0x0801b424   0x00000006   Data   RW          573    .data               keyboard.o
    0x200000b2   0x0801b42a   0x00000002   Data   RW          592    .data               lcd2002.o
    0x200000b4   0x0801b42c   0x00000008   Data   RW          610    .data               disp.o
    0x200000bc   0x0801b434   0x00000005   Data   RW          662    .data               beep.o
    0x200000c1   0x0801b439   0x00000003   PAD
    0x200000c4   0x0801b43c   0x00000004   Data   RW          765    .data               mc_w.l(errno.o)
    0x200000c8        -       0x0000013a   Zero   RW          148    .bss                pbdata.o
    0x20000202        -       0x00000064   Zero   RW          203    .bss                test.o
    0x20000266   0x0801b440   0x00000002   PAD
    0x20000268        -       0x0000002c   Zero   RW          230    .bss                dma.o
    0x20000294        -       0x00000134   Zero   RW          555    .bss                uart.o
    0x200003c8        -       0x00000400   Zero   RW            1    STACK               startup_stm32f10x_hd.o


==============================================================================

Image component sizes


      Code (inc. data)   RO Data    RW Data    ZI Data      Debug   Object Name

       378          0          0          0          0       2638   24c256.o
       256         12          0          0          0       1044   adc.o
       208         14          0          5          0       1346   beep.o
       128          6          0          0          0        544   dac.o
      2604        250        672         34          0       4707   debug.o
        90          0          0          8          0       1515   disp.o
       108         10          0          2         44      11025   dma.o
       256          4          0          0          0        750   exti.o
       208          4          0          0          0       1716   flash_eerom.o
       108         10          0          2          0        902   gpio.o
       956         34         20          0          0       3839   hardware.o
       600         24          0          6          0       3104   keyboard.o
       368         20          5          2          0       3035   lcd2002.o
       176         22          0          0          0     279336   main.o
       220         22          0          0          0       1621   misc.o
       620         12          0          0          0       1808   myiic.o
       236          4          0         62        314       9888   pbdata.o
        36          8        304          0       1024        764   startup_stm32f10x_hd.o
      1102         26          0          0          0      10861   stm32f10x_adc.o
       396          6          0          0          0       3486   stm32f10x_dac.o
       596          8          0          0          0       4186   stm32f10x_dma.o
       284         10          0          0          0       2079   stm32f10x_exti.o
       860         38          0          0          0       5557   stm32f10x_gpio.o
      1144         72          0          1          0       2707   stm32f10x_it.o
       940         44          0         20          0       8664   stm32f10x_rcc.o
      3610         88          0          0          0      22664   stm32f10x_tim.o
      1032         22          0          0          0       8280   stm32f10x_usart.o
        64         10          0          0          0       8321   sys.o
       488         48          0         20          0       1623   system_stm32f10x.o
     13028       1000          5         21        100      12631   test.o
       132          4          0          4          0        904   time.o
       236         14          0          0        308       2541   uart.o
      8084        766       2281          0          0      14144   user.o

    ----------------------------------------------------------------------
     39560       2612       3320        196       1792     438230   Object Totals
         0          0         32          0          0          0   (incl. Generated)
         8          0          1          9          2          0   (incl. Padding)

    ----------------------------------------------------------------------

      Code (inc. data)   RO Data    RW Data    ZI Data      Debug   Library Member Name

        42          0          0          0          0         84   atof.o
        64          0          0          0          0         84   _sgetc.o
        40          6         64          0          0         68   ctype_c.o
         0          0          0          0          0          0   entry.o
         0          0          0          0          0          0   entry10a.o
         0          0          0          0          0          0   entry11a.o
         8          4          0          0          0          0   entry2.o
         4          0          0          0          0          0   entry5.o
         0          0          0          0          0          0   entry7b.o
         0          0          0          0          0          0   entry8b.o
         8          4          0          0          0          0   entry9a.o
        24         12          0          4          0        136   errno.o
        30          0          0          0          0          0   handlers.o
        36          8          0          0          0         68   init.o
        10          0          0          0          0         68   isspace_c.o
         0          0          0          0          0          0   iusefp.o
        30          0          0          0          0         68   llshl.o
        32          0          0          0          0         68   llushr.o
        36          0          0          0          0         68   memcpya.o
        36          0          0          0          0        108   memseta.o
       878         12          0          0          0        216   scanf_fp.o
        24          0          0          0          0         68   strcat.o
        14          0          0          0          0         68   strlen.o
       156         12          0          0          0        120   strtod.o
        48          0          0          0          0         68   cdcmple.o
        48          0          0          0          0         68   cdrcmple.o
        20          0          0          0          0         68   cfcmple.o
        20          0          0          0          0         68   cfrcmple.o
        56          0          0          0          0         88   d2f.o
       222          0          0          0          0        100   ddiv.o
       186          0          0          0          0        176   depilogue.o
        50          0          0          0          0         76   dfixui.o
        26          0          0          0          0         76   dfltui.o
        24          0          0          0          0         76   dfltul.o
       228          0          0          0          0         96   dmul.o
        38          0          0          0          0         68   f2d.o
       176          0          0          0          0        140   fadd.o
       124          0          0          0          0         88   fdiv.o
       110          0          0          0          0        168   fepilogue.o
        40          0          0          0          0         68   ffixui.o
        10          0          0          0          0         68   ffltui.o
       100          0          0          0          0         76   fmul.o

    ----------------------------------------------------------------------
      3000         58         64          4          0       2928   Library Totals
         2          0          0          0          0          0   (incl. Padding)

    ----------------------------------------------------------------------

      Code (inc. data)   RO Data    RW Data    ZI Data      Debug   Library Name

        42          0          0          0          0         84   m_ws.l
      1430         58         64          4          0       1208   mc_w.l
      1526          0          0          0          0       1636   mf_w.l

    ----------------------------------------------------------------------
      3000         58         64          4          0       2928   Library Totals

    ----------------------------------------------------------------------

==============================================================================


      Code (inc. data)   RO Data    RW Data    ZI Data      Debug   

     42560       2670       3384        200       1792     436942   Grand Totals
     42560       2670       3384        200       1792     436942   ELF Image Totals
     42560       2670       3384        200          0          0   ROM Totals

==============================================================================

    Total RO  Size (Code + RO Data)                45944 (  44.87kB)
    Total RW  Size (RW Data + ZI Data)              1992 (   1.95kB)
    Total ROM Size (Code + RO Data + RW Data)      46144 (  45.06kB)

==============================================================================

