Component: ARM Compiler 5.06 update 6 (build 750) Tool: armlink [4d35ed]

==============================================================================

Section Cross References

    startup_stm32f10x_hd.o(RESET) refers to startup_stm32f10x_hd.o(STACK) for __initial_sp
    startup_stm32f10x_hd.o(RESET) refers to startup_stm32f10x_hd.o(.text) for Reset_Handler
    startup_stm32f10x_hd.o(RESET) refers to stm32f10x_it.o(.text) for NMI_Handler
    startup_stm32f10x_hd.o(.text) refers to system_stm32f10x.o(.text) for SystemInit
    startup_stm32f10x_hd.o(.text) refers to entry.o(.ARM.Collect$$$$00000000) for __main
    main.o(.text) refers to stm32f10x_usart.o(.text) for USART_SendData
    main.o(.text) refers to test.o(.text) for Power_Process
    main.o(.text) refers to disp.o(.text) for Disp_Clr
    main.o(.text) refers to debug.o(.text) for Debug_Process
    main.o(.text) refers to pbdata.o(.data) for SystemStatus
    pbdata.o(.text) refers to stm32f10x_rcc.o(.text) for RCC_DeInit
    pbdata.o(.text) refers to pbdata.o(.data) for SoftTimer
    stm32f10x_it.o(.text) refers to stm32f10x_usart.o(.text) for USART_GetITStatus
    stm32f10x_it.o(.text) refers to stm32f10x_tim.o(.text) for TIM_ClearITPendingBit
    stm32f10x_it.o(.text) refers to keyboard.o(.text) for Key_Scan
    stm32f10x_it.o(.text) refers to beep.o(.text) for Beep_Work
    stm32f10x_it.o(.text) refers to stm32f10x_gpio.o(.text) for GPIO_ReadInputDataBit
    stm32f10x_it.o(.text) refers to stm32f10x_exti.o(.text) for EXTI_ClearITPendingBit
    stm32f10x_it.o(.text) refers to pbdata.o(.text) for delay_ms
    stm32f10x_it.o(.text) refers to pbdata.o(.bss) for SaveData
    stm32f10x_it.o(.text) refers to uart.o(.bss) for ComBuf
    stm32f10x_it.o(.text) refers to pbdata.o(.data) for SystemStatus
    stm32f10x_it.o(.text) refers to stm32f10x_it.o(.data) for num
    stm32f10x_it.o(.text) refers to time.o(.data) for disp_time
    user.o(.text) refers to lcd2002.o(.text) for Lcd_SetAddr
    user.o(.text) refers to disp.o(.text) for Disp_Str
    user.o(.text) refers to lcd2002.o(.data) for LcdAddr
    user.o(.text) refers to pbdata.o(.bss) for SaveData
    user.o(.text) refers to user.o(.constdata) for I_TEST_DISP
    user.o(.text) refers to pbdata.o(.data) for SystemMessage
    user.o(.text) refers to disp.o(.data) for DispBuf
    user.o(.text) refers to memseta.o(.text) for __aeabi_memclr
    user.o(.text) refers to strcat.o(.text) for strcat
    user.o(.text) refers to pbdata.o(.text) for delay_ms
    user.o(.text) refers to strlen.o(.text) for strlen
    user.o(.text) refers to keyboard.o(.text) for Key_Read_WithTimeOut
    user.o(.text) refers to beep.o(.text) for Beep_Two
    user.o(.text) refers to test.o(.bss) for sendbuff
    user.o(.text) refers to gpio.o(.data) for IC42_574buff
    user.o(.text) refers to cfcmple.o(.text) for __aeabi_cfcmple
    user.o(.text) refers to f2d.o(.text) for __aeabi_f2d
    user.o(.text) refers to dmul.o(.text) for __aeabi_dmul
    user.o(.text) refers to d2f.o(.text) for __aeabi_d2f
    user.o(.text) refers to cdcmple.o(.text) for __aeabi_cdcmple
    user.o(.text) refers to cdrcmple.o(.text) for __aeabi_cdrcmple
    user.o(.text) refers to ddiv.o(.text) for __aeabi_ddiv
    user.o(.text) refers to fdiv.o(.text) for __aeabi_fdiv
    user.o(.text) refers to dfixui.o(.text) for __aeabi_d2uiz
    user.o(.text) refers to keyboard.o(.data) for Keyboard
    user.o(.text) refers to cfrcmple.o(.text) for __aeabi_cfrcmple
    user.o(.text) refers to fadd.o(.text) for __aeabi_fadd
    user.o(.text) refers to ffltui.o(.text) for __aeabi_ui2f
    user.o(.text) refers to fmul.o(.text) for __aeabi_fmul
    user.o(.text) refers to flash_eerom.o(.text) for ReadSetByGroup
    user.o(.text) refers to dma.o(.text) for MYDMA_Config
    test.o(.text) refers to hardware.o(.text) for Hardware_Init
    test.o(.text) refers to stm32f10x_tim.o(.text) for TIM_Cmd
    test.o(.text) refers to user.o(.text) for InitGlobalValue
    test.o(.text) refers to flash_eerom.o(.text) for ReadGroup
    test.o(.text) refers to beep.o(.text) for Beep_Long
    test.o(.text) refers to keyboard.o(.text) for Key_Read_WithTimeOut
    test.o(.text) refers to memseta.o(.text) for __aeabi_memclr
    test.o(.text) refers to memcpya.o(.text) for __aeabi_memcpy
    test.o(.text) refers to strcat.o(.text) for strcat
    test.o(.text) refers to stm32f10x_usart.o(.text) for USART_SendData
    test.o(.text) refers to pbdata.o(.bss) for SaveData
    test.o(.text) refers to pbdata.o(.data) for MenuIndex
    test.o(.text) refers to uart.o(.bss) for FacBuf
    test.o(.text) refers to test.o(.data) for strbuff
    test.o(.text) refers to test.o(.bss) for sendbuff
    test.o(.text) refers to disp.o(.text) for Disp_Clr
    test.o(.text) refers to pbdata.o(.text) for delay_ms
    test.o(.text) refers to lcd2002.o(.data) for LcdAddr
    test.o(.text) refers to gpio.o(.text) for Led_Test_On
    test.o(.text) refers to atof.o(i.atof) for atof
[...]
    .ARM.Collect$$$$0000000A                 0x08000138   Section        0  entry8b.o(.ARM.Collect$$$$0000000A)
    .ARM.Collect$$$$0000000B                 0x08000138   Section        8  entry9a.o(.ARM.Collect$$$$0000000B)
    .ARM.Collect$$$$0000000D                 0x08000140   Section        0  entry10a.o(.ARM.Collect$$$$0000000D)
    .ARM.Collect$$$$0000000F                 0x08000140   Section        0  entry11a.o(.ARM.Collect$$$$0000000F)
    .ARM.Collect$$$$00002712                 0x08000140   Section        4  entry2.o(.ARM.Collect$$$$00002712)
    __lit__00000000                          0x08000140   Data           4  entry2.o(.ARM.Collect$$$$00002712)
    .text                                    0x08000144   Section       36  startup_stm32f10x_hd.o(.text)
    .text                                    0x08000168   Section        0  main.o(.text)
    .text                                    0x0800020c   Section        0  pbdata.o(.text)
    .text                                    0x080002f8   Section        0  stm32f10x_it.o(.text)
    .text                                    0x080006dc   Section        0  user.o(.text)
    .text                                    0x080025e0   Section        0  test.o(.text)
    .text                                    0x08005224   Section        0  dma.o(.text)
    .text                                    0x08005290   Section        0  debug.o(.text)
    .text                                    0x08005cbc   Section        0  stm32f10x_gpio.o(.text)
    .text                                    0x08006018   Section        0  stm32f10x_rcc.o(.text)
    .text                                    0x080063c4   Section        0  misc.o(.text)
    .text                                    0x080064a0   Section        0  stm32f10x_exti.o(.text)
    .text                                    0x080065bc   Section        0  stm32f10x_tim.o(.text)
    TI4_Config                               0x08006a63   Thumb Code   130  stm32f10x_tim.o(.text)
    TI3_Config                               0x08006af7   Thumb Code   122  stm32f10x_tim.o(.text)
    TI2_Config                               0x08006b8b   Thumb Code   130  stm32f10x_tim.o(.text)
    TI1_Config                               0x08006c1f   Thumb Code   108  stm32f10x_tim.o(.text)
    .text                                    0x080073d8   Section        0  stm32f10x_usart.o(.text)
    .text                                    0x080077e0   Section        0  stm32f10x_dac.o(.text)
    .text                                    0x0800796c   Section        0  stm32f10x_adc.o(.text)
    .text                                    0x08007dbc   Section        0  stm32f10x_dma.o(.text)
    .text                                    0x08008010   Section        0  system_stm32f10x.o(.text)
    SetSysClockTo72                          0x08008011   Thumb Code   214  system_stm32f10x.o(.text)
    SetSysClock                              0x080080e7   Thumb Code     8  system_stm32f10x.o(.text)
    .text                                    0x080081f8   Section        0  sys.o(.text)
    .text                                    0x08008238   Section        0  24c256.o(.text)
    .text                                    0x080083b4   Section        0  adc.o(.text)
    .text                                    0x080084b4   Section        0  dac.o(.text)
    .text                                    0x08008534   Section        0  gpio.o(.text)
    .text                                    0x080085a0   Section        0  time.o(.text)
    .text                                    0x08008624   Section        0  uart.o(.text)
    .text                                    0x08008710   Section        0  keyboard.o(.text)
    .text                                    0x08008968   Section        0  lcd2002.o(.text)
    .text                                    0x08008ad8   Section        0  disp.o(.text)
    .text                                    0x08008b34   Section        0  flash_eerom.o(.text)
    .text                                    0x08008c04   Section        0  hardware.o(.text)
    .text                                    0x08008fc0   Section        0  beep.o(.text)
    Beep_Update                              0x08009031   Thumb Code    40  beep.o(.text)
    .text                                    0x08009090   Section        0  myiic.o(.text)
    .text                                    0x080092fc   Section        0  exti.o(.text)
    .text                                    0x080093fc   Section        0  memcpya.o(.text)
    .text                                    0x08009420   Section        0  memseta.o(.text)
    .text                                    0x08009444   Section        0  strcat.o(.text)
    .text                                    0x0800945c   Section        0  strlen.o(.text)
    .text                                    0x0800946a   Section        0  fadd.o(.text)
    .text                                    0x0800951a   Section        0  fmul.o(.text)
    .text                                    0x0800957e   Section        0  fdiv.o(.text)
    .text                                    0x080095fa   Section        0  dmul.o(.text)
    .text                                    0x080096de   Section        0  ddiv.o(.text)
    .text                                    0x080097bc   Section        0  ffltui.o(.text)
    .text                                    0x080097c6   Section        0  ffixui.o(.text)
    .text                                    0x080097ee   Section        0  dfixui.o(.text)
    .text                                    0x08009820   Section        0  f2d.o(.text)
    .text                                    0x08009848   Section       48  cdcmple.o(.text)
    .text                                    0x08009878   Section       48  cdrcmple.o(.text)
    .text                                    0x080098a8   Section        0  d2f.o(.text)
    .text                                    0x080098e0   Section       20  cfcmple.o(.text)
    .text                                    0x080098f4   Section       20  cfrcmple.o(.text)
    .text                                    0x08009908   Section        0  llushr.o(.text)
    .text                                    0x08009928   Section        0  strtod.o(.text)
    _local_sscanf                            0x08009929   Thumb Code    54  strtod.o(.text)
    .text                                    0x080099c4   Section        0  iusefp.o(.text)
    .text                                    0x080099c4   Section        0  fepilogue.o(.text)
    .text                                    0x08009a32   Section        0  depilogue.o(.text)
    .text                                    0x08009aec   Section       36  init.o(.text)
    .text                                    0x08009b10   Section        0  llshl.o(.text)
    .text                                    0x08009b2e   Section        0  isspace_c.o(.text)
    .text                                    0x08009b38   Section        0  scanf_fp.o(.text)
    _fp_value                                0x08009b39   Thumb Code   296  scanf_fp.o(.text)
    .text                                    0x08009e98   Section        0  _sgetc.o(.text)
    .text                                    0x08009ed8   Section        0  ctype_c.o(.text)
    .text                                    0x08009f00   Section        0  dfltul.o(.text)
    i.__read_errno                           0x08009f18   Section        0  errno.o(i.__read_errno)
    i.__scatterload_copy                     0x08009f24   Section       14  handlers.o(i.__scatterload_copy)
    i.__scatterload_null                     0x08009f32   Section        2  handlers.o(i.__scatterload_null)
    i.__scatterload_zeroinit                 0x08009f34   Section       14  handlers.o(i.__scatterload_zeroinit)
    i.__set_errno                            0x08009f44   Section        0  errno.o(i.__set_errno)
    i._is_digit                              0x08009f50   Section        0  scanf_fp.o(i._is_digit)
    i.atof                                   0x08009f5e   Section        0  atof.o(i.atof)
    .constdata                               0x08009f88   Section     2435  user.o(.constdata)
    .constdata                               0x0800a90b   Section        5  test.o(.constdata)
    .constdata                               0x0800a910   Section      672  debug.o(.constdata)
    .constdata                               0x0800abb0   Section        5  lcd2002.o(.constdata)
    .constdata                               0x0800abb6   Section       20  hardware.o(.constdata)
    .constdata                               0x0800abca   Section       64  ctype_c.o(.constdata)
    .data                                    0x20000000   Section       60  pbdata.o(.data)
    .data                                    0x2000003c   Section        1  stm32f10x_it.o(.data)
    num                                      0x2000003c   Data           1  stm32f10x_it.o(.data)
    .data                                    0x20000040   Section       17  test.o(.data)
    .data                                    0x20000052   Section        2  dma.o(.data)
    .data                                    0x20000054   Section       34  debug.o(.data)
    .data                                    0x20000076   Section       20  stm32f10x_rcc.o(.data)
    APBAHBPrescTable                         0x20000076   Data          16  stm32f10x_rcc.o(.data)
    ADCPrescTable                            0x20000086   Data           4  stm32f10x_rcc.o(.data)
    .data                                    0x2000008c   Section       20  system_stm32f10x.o(.data)
    .data                                    0x200000a0   Section        2  gpio.o(.data)
    .data                                    0x200000a4   Section        4  time.o(.data)
    .data                                    0x200000a8   Section        6  keyboard.o(.data)
    LastKeyVal                               0x200000ab   Data           1  keyboard.o(.data)
    LastKeyTicks                             0x200000ac   Data           1  keyboard.o(.data)
    ContinueKeyTicks                         0x200000ad   Data           1  keyboard.o(.data)
    .data                                    0x200000ae   Section        2  lcd2002.o(.data)
    .data                                    0x200000b0   Section        8  disp.o(.data)
    .data                                    0x200000b8   Section        5  beep.o(.data)
    gtickon                                  0x200000b8   Data           1  beep.o(.data)
    gtickoff                                 0x200000b9   Data           1  beep.o(.data)
    Beep                                     0x200000ba   Data           3  beep.o(.data)
    .data                                    0x200000c0   Section        4  errno.o(.data)
    _errno                                   0x200000c0   Data           4  errno.o(.data)
    .bss                                     0x200000c4   Section      314  pbdata.o(.bss)
    .bss                                     0x200001fe   Section       80  test.o(.bss)
    .bss                                     0x20000250   Section       44  dma.o(.bss)
    .bss                                     0x2000027c   Section      174  uart.o(.bss)
    STACK                                    0x20000330   Section     1024  startup_stm32f10x_hd.o(STACK)

    Global Symbols

    Symbol Name                              Value     Ov Type        Size  Object(Section)

    BuildAttributes$$THM_ISAv4$P$D$K$B$S$PE$A:L22UL41UL21$X:L11$S22US41US21$IEEE1$IW$USESV6$~STKCKD$USESV7$~SHL$OTIME$ROPI$IEEEJ$EBA8$MICROLIB$REQ8$PRES8$EABIv2 0x00000000   Number         0  anon$$obj.o ABSOLUTE
    __ARM_use_no_argv                        0x00000000   Number         0  main.o ABSOLUTE
    __cpp_initialize__aeabi_                  - Undefined Weak Reference
    __cxa_finalize                            - Undefined Weak Reference
    __decompress                              - Undefined Weak Reference
    _clock_init                               - Undefined Weak Reference
    _microlib_exit                            - Undefined Weak Reference
    __Vectors_Size                           0x00000130   Number         0  startup_stm32f10x_hd.o ABSOLUTE
    __Vectors                                0x08000000   Data           4  startup_stm32f10x_hd.o(RESET)
    __Vectors_End                            0x08000130   Data           0  startup_stm32f10x_hd.o(RESET)
    __main                                   0x08000131   Thumb Code     0  entry.o(.ARM.Collect$$$$00000000)
    _main_stk                                0x08000131   Thumb Code     0  entry2.o(.ARM.Collect$$$$00000001)
    _main_scatterload                        0x08000135   Thumb Code     0  entry5.o(.ARM.Collect$$$$00000004)
    __main_after_scatterload                 0x08000139   Thumb Code     0  entry5.o(.ARM.Collect$$$$00000004)
    _main_clock                              0x08000139   Thumb Code     0  entry7b.o(.ARM.Collect$$$$00000008)
    _main_cpp_init                           0x08000139   Thumb Code     0  entry8b.o(.ARM.Collect$$$$0000000A)
    _main_init                               0x08000139   Thumb Code     0  entry9a.o(.ARM.Collect$$$$0000000B)
    __rt_final_cpp                           0x08000141   Thumb Code     0  entry10a.o(.ARM.Collect$$$$0000000D)
    __rt_final_exit                          0x08000141   Thumb Code     0  entry11a.o(.ARM.Collect$$$$0000000F)
    Reset_Handler                            0x08000145   Thumb Code     8  startup_stm32f10x_hd.o(.text)
    ADC1_2_IRQHandler                        0x0800015f   Thumb Code     0  startup_stm32f10x_hd.o(.text)
    ADC3_IRQHandler                          0x0800015f   Thumb Code     0  startup_stm32f10x_hd.o(.text)
    CAN1_RX1_IRQHandler                      0x0800015f   Thumb Code     0  startup_stm32f10x_hd.o(.text)
    CAN1_SCE_IRQHandler                      0x0800015f   Thumb Code     0  startup_stm32f10x_hd.o(.text)
    DMA1_Channel1_IRQHandler                 0x0800015f   Thumb Code     0  startup_stm32f10x_hd.o(.text)
    DMA1_Channel2_IRQHandler                 0x0800015f   Thumb Code     0  startup_stm32f10x_hd.o(.text)
    DMA1_Channel3_IRQHandler                 0x0800015f   Thumb Code     0  startup_stm32f10x_hd.o(.text)
    DMA1_Channel4_IRQHandler                 0x0800015f   Thumb Code     0  startup_stm32f10x_hd.o(.text)
    DMA1_Channel5_IRQHandler                 0x0800015f   Thumb Code     0  startup_stm32f10x_hd.o(.text)
    DMA1_Channel6_IRQHandler                 0x0800015f   Thumb Code     0  startup_stm32f10x_hd.o(.text)
    DMA1_Channel7_IRQHandler                 0x0800015f   Thumb Code     0  startup_stm32f10x_hd.o(.text)
    DMA2_Channel1_IRQHandler                 0x0800015f   Thumb Code     0  startup_stm32f10x_hd.o(.text)
    DMA2_Channel2_IRQHandler                 0x0800015f   Thumb Code     0  startup_stm32f10x_hd.o(.text)
    DMA2_Channel3_IRQHandler                 0x0800015f   Thumb Code     0  startup_stm32f10x_hd.o(.text)
    DMA2_Channel4_5_IRQHandler               0x0800015f   Thumb Code     0  startup_stm32f10x_hd.o(.text)
    EXTI15_10_IRQHandler                     0x0800015f   Thumb Code     0  startup_stm32f10x_hd.o(.text)
    EXTI4_IRQHandler                         0x0800015f   Thumb Code     0  startup_stm32f10x_hd.o(.text)
    FLASH_IRQHandler                         0x0800015f   Thumb Code     0  startup_stm32f10x_hd.o(.text)
    FSMC_IRQHandler                          0x0800015f   Thumb Code     0  startup_stm32f10x_hd.o(.text)
    I2C1_ER_IRQHandler                       0x0800015f   Thumb Code     0  startup_stm32f10x_hd.o(.text)
    I2C1_EV_IRQHandler                       0x0800015f   Thumb Code     0  startup_stm32f10x_hd.o(.text)
    I2C2_ER_IRQHandler                       0x0800015f   Thumb Code     0  startup_stm32f10x_hd.o(.text)
    I2C2_EV_IRQHandler                       0x0800015f   Thumb Code     0  startup_stm32f10x_hd.o(.text)
    PVD_IRQHandler                           0x0800015f   Thumb Code     0  startup_stm32f10x_hd.o(.text)
    RCC_IRQHandler                           0x0800015f   Thumb Code     0  startup_stm32f10x_hd.o(.text)
    RTCAlarm_IRQHandler                      0x0800015f   Thumb Code     0  startup_stm32f10x_hd.o(.text)
    RTC_IRQHandler                           0x0800015f   Thumb Code     0  startup_stm32f10x_hd.o(.text)
    SDIO_IRQHandler                          0x0800015f   Thumb Code     0  startup_stm32f10x_hd.o(.text)
    SPI1_IRQHandler                          0x0800015f   Thumb Code     0  startup_stm32f10x_hd.o(.text)
    SPI2_IRQHandler                          0x0800015f   Thumb Code     0  startup_stm32f10x_hd.o(.text)
    SPI3_IRQHandler                          0x0800015f   Thumb Code     0  startup_stm32f10x_hd.o(.text)
    TAMPER_IRQHandler                        0x0800015f   Thumb Code     0  startup_stm32f10x_hd.o(.text)
    TIM1_BRK_IRQHandler                      0x0800015f   Thumb Code     0  startup_stm32f10x_hd.o(.text)
    TIM1_CC_IRQHandler                       0x0800015f   Thumb Code     0  startup_stm32f10x_hd.o(.text)
    TIM1_TRG_COM_IRQHandler                  0x0800015f   Thumb Code     0  startup_stm32f10x_hd.o(.text)
    TIM1_UP_IRQHandler                       0x0800015f   Thumb Code     0  startup_stm32f10x_hd.o(.text)
    TIM2_IRQHandler                          0x0800015f   Thumb Code     0  startup_stm32f10x_hd.o(.text)
    TIM4_IRQHandler                          0x0800015f   Thumb Code     0  startup_stm32f10x_hd.o(.text)
    TIM5_IRQHandler                          0x0800015f   Thumb Code     0  startup_stm32f10x_hd.o(.text)
    TIM6_IRQHandler                          0x0800015f   Thumb Code     0  startup_stm32f10x_hd.o(.text)
    TIM7_IRQHandler                          0x0800015f   Thumb Code     0  startup_stm32f10x_hd.o(.text)
    TIM8_BRK_IRQHandler                      0x0800015f   Thumb Code     0  startup_stm32f10x_hd.o(.text)
    TIM8_CC_IRQHandler                       0x0800015f   Thumb Code     0  startup_stm32f10x_hd.o(.text)
    TIM8_TRG_COM_IRQHandler                  0x0800015f   Thumb Code     0  startup_stm32f10x_hd.o(.text)
    TIM8_UP_IRQHandler                       0x0800015f   Thumb Code     0  startup_stm32f10x_hd.o(.text)
    UART4_IRQHandler                         0x0800015f   Thumb Code     0  startup_stm32f10x_hd.o(.text)
    UART5_IRQHandler                         0x0800015f   Thumb Code     0  startup_stm32f10x_hd.o(.text)
    USART2_IRQHandler                        0x0800015f   Thumb Code     0  startup_stm32f10x_hd.o(.text)
    USART3_IRQHandler                        0x0800015f   Thumb Code     0  startup_stm32f10x_hd.o(.text)
    USBWakeUp_IRQHandler                     0x0800015f   Thumb Code     0  startup_stm32f10x_hd.o(.text)
    USB_HP_CAN1_TX_IRQHandler                0x0800015f   Thumb Code     0  startup_stm32f10x_hd.o(.text)
    USB_LP_CAN1_RX0_IRQHandler               0x0800015f   Thumb Code     0  startup_stm32f10x_hd.o(.text)
    WWDG_IRQHandler                          0x0800015f   Thumb Code     0  startup_stm32f10x_hd.o(.text)
    fputc                                    0x08000169   Thumb Code    32  main.o(.text)
    main                                     0x08000189   Thumb Code   120  main.o(.text)
    RCC_HSE_Configuration                    0x0800020d   Thumb Code    90  pbdata.o(.text)
    delay                                    0x08000267   Thumb Code    10  pbdata.o(.text)
    delay_us                                 0x08000271   Thumb Code    54  pbdata.o(.text)
    delay_ms                                 0x080002a7   Thumb Code    56  pbdata.o(.text)
    SetSoftTimer                             0x080002df   Thumb Code     6  pbdata.o(.text)
    GetSoftTimerOut                          0x080002e5   Thumb Code    16  pbdata.o(.text)
    NMI_Handler                              0x080002f9   Thumb Code     2  stm32f10x_it.o(.text)
    USART1_IRQHandler                        0x080002fb   Thumb Code   590  stm32f10x_it.o(.text)
    HardFault_Handler                        0x08000549   Thumb Code     4  stm32f10x_it.o(.text)
    MemManage_Handler                        0x0800054d   Thumb Code     4  stm32f10x_it.o(.text)
    BusFault_Handler                         0x08000551   Thumb Code     4  stm32f10x_it.o(.text)
    UsageFault_Handler                       0x08000555   Thumb Code     4  stm32f10x_it.o(.text)
    SVC_Handler                              0x08000559   Thumb Code     2  stm32f10x_it.o(.text)
    DebugMon_Handler                         0x0800055b   Thumb Code     2  stm32f10x_it.o(.text)
    PendSV_Handler                           0x0800055d   Thumb Code     2  stm32f10x_it.o(.text)
    SysTick_Handler                          0x0800055f   Thumb Code     2  stm32f10x_it.o(.text)
    TIM3_IRQHandler                          0x08000561   Thumb Code   134  stm32f10x_it.o(.text)
    EXTI9_5_IRQHandler                       0x080005e7   Thumb Code     2  stm32f10x_it.o(.text)
    EXTI0_IRQHandler                         0x080005e9   Thumb Code    32  stm32f10x_it.o(.text)
    EXTI1_IRQHandler                         0x08000609   Thumb Code    32  stm32f10x_it.o(.text)
    EXTI2_IRQHandler                         0x08000629   Thumb Code    68  stm32f10x_it.o(.text)
    EXTI3_IRQHandler                         0x0800066d   Thumb Code    48  stm32f10x_it.o(.text)
    Disp_TestMessage                         0x080006dd   Thumb Code   470  user.o(.text)
    InitGlobalValue                          0x080008b3   Thumb Code    28  user.o(.text)
    Parameter_valuecomp                      0x080008cf   Thumb Code    44  user.o(.text)
    Hex_Format                               0x080008fb   Thumb Code   196  user.o(.text)
    Disp_Product_Model                       0x080009bf   Thumb Code    36  user.o(.text)
    Disp_Software_Version                    0x080009e3   Thumb Code    40  user.o(.text)
    Disp_Compile_Date                        0x08000a0b   Thumb Code    10  user.o(.text)
    Disp_PowerOn_Menu                        0x08000a15   Thumb Code    38  user.o(.text)
    Disp_SysMessage                          0x08000a3b   Thumb Code    20  user.o(.text)
    Disp_Idle_Menu                           0x08000a4f   Thumb Code   562  user.o(.text)
    Range_Control                            0x08000c81   Thumb Code   100  user.o(.text)
    Disp_Setup_Menu                          0x08000ce5   Thumb Code    58  user.o(.text)
    ListBox_Setup                            0x08000d1f   Thumb Code   210  user.o(.text)
    Disp_Parameter_Menu                      0x08000df1   Thumb Code    46  user.o(.text)
    Disp_System_Value                        0x08000e1f   Thumb Code   136  user.o(.text)
    Disp_System_Menu                         0x08000ea7   Thumb Code   574  user.o(.text)
    Number_Setup                             0x080010e5   Thumb Code   832  user.o(.text)
    Range_Changecomp                         0x08001425   Thumb Code   210  user.o(.text)
    DispF                                    0x080014f7   Thumb Code  2666  user.o(.text)
    Get_FFT                                  0x08001f61   Thumb Code   162  user.o(.text)
    Get_Res                                  0x08002003   Thumb Code    40  user.o(.text)
    Test_Debug                               0x0800202b   Thumb Code    48  user.o(.text)
    Step_Setup                               0x0800205b   Thumb Code  1158  user.o(.text)
    Comp_test                                0x080024e1   Thumb Code     2  user.o(.text)
    Da_out                                   0x080024e3   Thumb Code    62  user.o(.text)
    Dma_Int                                  0x08002521   Thumb Code    24  user.o(.text)
    jisuandianzu                             0x08002539   Thumb Code    32  user.o(.text)
    HextoBCD                                 0x08002559   Thumb Code    28  user.o(.text)
    BCDtoHex                                 0x08002575   Thumb Code    54  user.o(.text)
    BCDtoHex1                                0x080025ab   Thumb Code    40  user.o(.text)
    Power_Process                            0x080025e1   Thumb Code   212  test.o(.text)
    Uart_Process                             0x080026b5   Thumb Code  1832  test.o(.text)
    Idle_Process                             0x08002ddd   Thumb Code   342  test.o(.text)
    Setup_Process                            0x08002f33   Thumb Code     8  test.o(.text)
    Start_Process                            0x08002f3b   Thumb Code    54  test.o(.text)
    Output_Off                               0x08002f71   Thumb Code    30  test.o(.text)
    Test_Init                                0x08002f8f   Thumb Code  1358  test.o(.text)
    Get_Result                               0x080034dd   Thumb Code  1366  test.o(.text)
    Ad_Filter                                0x08003a33   Thumb Code   294  test.o(.text)
    Read_Ad                                  0x08003b59   Thumb Code    72  test.o(.text)
    Test_Process                             0x08003ba1   Thumb Code  4414  test.o(.text)
    SendRes                                  0x08004cdf   Thumb Code   520  test.o(.text)
    TestPause_Process                        0x08004ee7   Thumb Code   526  test.o(.text)
    TestFinish_Process                       0x080050f5   Thumb Code   186  test.o(.text)
    Reset_Process                            0x080051af   Thumb Code    28  test.o(.text)
    Error_Process                            0x080051cb   Thumb Code    64  test.o(.text)
    MYDMA_Config                             0x08005225   Thumb Code    84  dma.o(.text)
    MYDMA_Enable                             0x08005279   Thumb Code    14  dma.o(.text)
    Disp_Debug_Menu                          0x08005291   Thumb Code    68  debug.o(.text)
    CalTest_Process                          0x080052d5   Thumb Code  1246  debug.o(.text)
    Res_Calibrate                            0x080057b3   Thumb Code   868  debug.o(.text)
    Debug_Process                            0x08005b17   Thumb Code   228  debug.o(.text)
    Default_Calibrate                        0x08005bfb   Thumb Code   114  debug.o(.text)
    GPIO_DeInit                              0x08005cbd   Thumb Code   172  stm32f10x_gpio.o(.text)
    GPIO_AFIODeInit                          0x08005d69   Thumb Code    20  stm32f10x_gpio.o(.text)
    GPIO_Init                                0x08005d7d   Thumb Code   278  stm32f10x_gpio.o(.text)
    GPIO_StructInit                          0x08005e93   Thumb Code    16  stm32f10x_gpio.o(.text)
    GPIO_ReadInputDataBit                    0x08005ea3   Thumb Code    18  stm32f10x_gpio.o(.text)
    GPIO_ReadInputData                       0x08005eb5   Thumb Code     8  stm32f10x_gpio.o(.text)
    GPIO_ReadOutputDataBit                   0x08005ebd   Thumb Code    18  stm32f10x_gpio.o(.text)
    GPIO_ReadOutputData                      0x08005ecf   Thumb Code     8  stm32f10x_gpio.o(.text)
    GPIO_SetBits                             0x08005ed7   Thumb Code     4  stm32f10x_gpio.o(.text)
    GPIO_ResetBits                           0x08005edb   Thumb Code     4  stm32f10x_gpio.o(.text)
    GPIO_WriteBit                            0x08005edf   Thumb Code    10  stm32f10x_gpio.o(.text)
    GPIO_Write                               0x08005ee9   Thumb Code     4  stm32f10x_gpio.o(.text)
    GPIO_PinLockConfig                       0x08005eed   Thumb Code    18  stm32f10x_gpio.o(.text)
    GPIO_EventOutputConfig                   0x08005eff   Thumb Code    26  stm32f10x_gpio.o(.text)
    GPIO_EventOutputCmd                      0x08005f19   Thumb Code     6  stm32f10x_gpio.o(.text)
    GPIO_PinRemapConfig                      0x08005f1f   Thumb Code   138  stm32f10x_gpio.o(.text)
    GPIO_EXTILineConfig                      0x08005fa9   Thumb Code    66  stm32f10x_gpio.o(.text)
    GPIO_ETH_MediaInterfaceConfig            0x08005feb   Thumb Code     8  stm32f10x_gpio.o(.text)
    RCC_DeInit                               0x08006019   Thumb Code    64  stm32f10x_rcc.o(.text)
    RCC_HSEConfig                            0x08006059   Thumb Code    70  stm32f10x_rcc.o(.text)
    RCC_GetFlagStatus                        0x0800609f   Thumb Code    56  stm32f10x_rcc.o(.text)
    RCC_WaitForHSEStartUp                    0x080060d7   Thumb Code    56  stm32f10x_rcc.o(.text)
    RCC_AdjustHSICalibrationValue            0x0800610f   Thumb Code    20  stm32f10x_rcc.o(.text)
    RCC_HSICmd                               0x08006123   Thumb Code     6  stm32f10x_rcc.o(.text)
    RCC_PLLConfig                            0x08006129   Thumb Code    24  stm32f10x_rcc.o(.text)
    RCC_PLLCmd                               0x08006141   Thumb Code     6  stm32f10x_rcc.o(.text)
    RCC_SYSCLKConfig                         0x08006147   Thumb Code    18  stm32f10x_rcc.o(.text)
    RCC_GetSYSCLKSource                      0x08006159   Thumb Code    10  stm32f10x_rcc.o(.text)
    RCC_HCLKConfig                           0x08006163   Thumb Code    18  stm32f10x_rcc.o(.text)
    RCC_PCLK1Config                          0x08006175   Thumb Code    18  stm32f10x_rcc.o(.text)
    RCC_PCLK2Config                          0x08006187   Thumb Code    20  stm32f10x_rcc.o(.text)
    RCC_ITConfig                             0x0800619b   Thumb Code    26  stm32f10x_rcc.o(.text)
    RCC_USBCLKConfig                         0x080061b5   Thumb Code     8  stm32f10x_rcc.o(.text)
    RCC_ADCCLKConfig                         0x080061bd   Thumb Code    18  stm32f10x_rcc.o(.text)
    RCC_LSEConfig                            0x080061cf   Thumb Code    50  stm32f10x_rcc.o(.text)
    RCC_LSICmd                               0x08006201   Thumb Code     6  stm32f10x_rcc.o(.text)
    RCC_RTCCLKConfig                         0x08006207   Thumb Code    12  stm32f10x_rcc.o(.text)
    RCC_RTCCLKCmd                            0x08006213   Thumb Code     8  stm32f10x_rcc.o(.text)
    RCC_GetClocksFreq                        0x0800621b   Thumb Code   192  stm32f10x_rcc.o(.text)
    RCC_AHBPeriphClockCmd                    0x080062db   Thumb Code    26  stm32f10x_rcc.o(.text)
    RCC_APB2PeriphClockCmd                   0x080062f5   Thumb Code    26  stm32f10x_rcc.o(.text)
    RCC_APB1PeriphClockCmd                   0x0800630f   Thumb Code    26  stm32f10x_rcc.o(.text)
    RCC_APB2PeriphResetCmd                   0x08006329   Thumb Code    26  stm32f10x_rcc.o(.text)
    RCC_APB1PeriphResetCmd                   0x08006343   Thumb Code    26  stm32f10x_rcc.o(.text)
    RCC_BackupResetCmd                       0x0800635d   Thumb Code     8  stm32f10x_rcc.o(.text)
    RCC_ClockSecuritySystemCmd               0x08006365   Thumb Code     6  stm32f10x_rcc.o(.text)
    RCC_MCOConfig                            0x0800636b   Thumb Code     6  stm32f10x_rcc.o(.text)
    RCC_ClearFlag                            0x08006371   Thumb Code    14  stm32f10x_rcc.o(.text)
    RCC_GetITStatus                          0x0800637f   Thumb Code    20  stm32f10x_rcc.o(.text)
    RCC_ClearITPendingBit                    0x08006393   Thumb Code     6  stm32f10x_rcc.o(.text)
    NVIC_PriorityGroupConfig                 0x080063c5   Thumb Code    10  misc.o(.text)
    NVIC_Init                                0x080063cf   Thumb Code   100  misc.o(.text)
    NVIC_SetVectorTable                      0x08006433   Thumb Code    14  misc.o(.text)
    NVIC_SystemLPConfig                      0x08006441   Thumb Code    34  misc.o(.text)
    SysTick_CLKSourceConfig                  0x08006463   Thumb Code    40  misc.o(.text)
    EXTI_DeInit                              0x080064a1   Thumb Code    28  stm32f10x_exti.o(.text)
    EXTI_Init                                0x080064bd   Thumb Code   142  stm32f10x_exti.o(.text)
    EXTI_StructInit                          0x0800654b   Thumb Code    16  stm32f10x_exti.o(.text)
    EXTI_GenerateSWInterrupt                 0x0800655b   Thumb Code    16  stm32f10x_exti.o(.text)
    EXTI_GetFlagStatus                       0x0800656b   Thumb Code    22  stm32f10x_exti.o(.text)
    EXTI_ClearFlag                           0x08006581   Thumb Code     8  stm32f10x_exti.o(.text)
    EXTI_GetITStatus                         0x08006589   Thumb Code    34  stm32f10x_exti.o(.text)
    EXTI_ClearITPendingBit                   0x080065ab   Thumb Code     8  stm32f10x_exti.o(.text)
    TIM_DeInit                               0x080065bd   Thumb Code   424  stm32f10x_tim.o(.text)
    TIM_TimeBaseInit                         0x08006765   Thumb Code   122  stm32f10x_tim.o(.text)
    TIM_OC1Init                              0x080067df   Thumb Code   132  stm32f10x_tim.o(.text)
    TIM_OC2Init                              0x08006863   Thumb Code   154  stm32f10x_tim.o(.text)
    TIM_OC3Init                              0x080068fd   Thumb Code   150  stm32f10x_tim.o(.text)
    TIM_OC4Init                              0x08006993   Thumb Code   182  stm32f10x_tim.o(.text)
    TIM_SetIC4Prescaler                      0x08006a49   Thumb Code    26  stm32f10x_tim.o(.text)
    TIM_SetIC3Prescaler                      0x08006ae5   Thumb Code    18  stm32f10x_tim.o(.text)
    TIM_SetIC2Prescaler                      0x08006b71   Thumb Code    26  stm32f10x_tim.o(.text)
    TIM_SetIC1Prescaler                      0x08006c0d   Thumb Code    18  stm32f10x_tim.o(.text)
    TIM_ICInit                               0x08006c8b   Thumb Code   150  stm32f10x_tim.o(.text)
    TIM_PWMIConfig                           0x08006d21   Thumb Code   124  stm32f10x_tim.o(.text)
    TIM_BDTRConfig                           0x08006d9d   Thumb Code    32  stm32f10x_tim.o(.text)
    TIM_TimeBaseStructInit                   0x08006dbd   Thumb Code    18  stm32f10x_tim.o(.text)
    TIM_OCStructInit                         0x08006dcf   Thumb Code    20  stm32f10x_tim.o(.text)
    TIM_ICStructInit                         0x08006de3   Thumb Code    18  stm32f10x_tim.o(.text)
    TIM_BDTRStructInit                       0x08006df5   Thumb Code    40  stm32f10x_tim.o(.text)
    TIM_Cmd                                  0x08006e1d   Thumb Code    24  stm32f10x_tim.o(.text)
    TIM_CtrlPWMOutputs                       0x08006e35   Thumb Code    30  stm32f10x_tim.o(.text)
    TIM_ITConfig                             0x08006e53   Thumb Code    18  stm32f10x_tim.o(.text)
    TIM_GenerateEvent                        0x08006e65   Thumb Code     4  stm32f10x_tim.o(.text)
    TIM_DMAConfig                            0x08006e69   Thumb Code    10  stm32f10x_tim.o(.text)
    TIM_DMACmd                               0x08006e73   Thumb Code    18  stm32f10x_tim.o(.text)
    TIM_InternalClockConfig                  0x08006e85   Thumb Code    12  stm32f10x_tim.o(.text)
    TIM_SelectInputTrigger                   0x08006e91   Thumb Code    18  stm32f10x_tim.o(.text)
    TIM_ITRxExternalClockConfig              0x08006ea3   Thumb Code    24  stm32f10x_tim.o(.text)
    TIM_TIxExternalClockConfig               0x08006ebb   Thumb Code    62  stm32f10x_tim.o(.text)
    TIM_ETRConfig                            0x08006ef9   Thumb Code    28  stm32f10x_tim.o(.text)
    TIM_ETRClockMode1Config                  0x08006f15   Thumb Code    54  stm32f10x_tim.o(.text)
    TIM_ETRClockMode2Config                  0x08006f4b   Thumb Code    32  stm32f10x_tim.o(.text)
    TIM_PrescalerConfig                      0x08006f6b   Thumb Code     6  stm32f10x_tim.o(.text)
    TIM_CounterModeConfig                    0x08006f71   Thumb Code    18  stm32f10x_tim.o(.text)
    TIM_EncoderInterfaceConfig               0x08006f83   Thumb Code    66  stm32f10x_tim.o(.text)
    TIM_ForcedOC1Config                      0x08006fc5   Thumb Code    18  stm32f10x_tim.o(.text)
    TIM_ForcedOC2Config                      0x08006fd7   Thumb Code    26  stm32f10x_tim.o(.text)
    TIM_ForcedOC3Config                      0x08006ff1   Thumb Code    18  stm32f10x_tim.o(.text)
    TIM_ForcedOC4Config                      0x08007003   Thumb Code    26  stm32f10x_tim.o(.text)
    TIM_ARRPreloadConfig                     0x0800701d   Thumb Code    24  stm32f10x_tim.o(.text)
    TIM_SelectCOM                            0x08007035   Thumb Code    24  stm32f10x_tim.o(.text)
    TIM_SelectCCDMA                          0x0800704d   Thumb Code    24  stm32f10x_tim.o(.text)
    TIM_CCPreloadControl                     0x08007065   Thumb Code    24  stm32f10x_tim.o(.text)
    TIM_OC1PreloadConfig                     0x0800707d   Thumb Code    18  stm32f10x_tim.o(.text)
    TIM_OC2PreloadConfig                     0x0800708f   Thumb Code    26  stm32f10x_tim.o(.text)
    TIM_OC3PreloadConfig                     0x080070a9   Thumb Code    18  stm32f10x_tim.o(.text)
    TIM_OC4PreloadConfig                     0x080070bb   Thumb Code    26  stm32f10x_tim.o(.text)
    TIM_OC1FastConfig                        0x080070d5   Thumb Code    18  stm32f10x_tim.o(.text)
    TIM_OC2FastConfig                        0x080070e7   Thumb Code    26  stm32f10x_tim.o(.text)
    TIM_OC3FastConfig                        0x08007101   Thumb Code    18  stm32f10x_tim.o(.text)
    TIM_OC4FastConfig                        0x08007113   Thumb Code    26  stm32f10x_tim.o(.text)
    TIM_ClearOC1Ref                          0x0800712d   Thumb Code    18  stm32f10x_tim.o(.text)
    TIM_ClearOC2Ref                          0x0800713f   Thumb Code    24  stm32f10x_tim.o(.text)
    TIM_ClearOC3Ref                          0x08007157   Thumb Code    18  stm32f10x_tim.o(.text)
    TIM_ClearOC4Ref                          0x08007169   Thumb Code    24  stm32f10x_tim.o(.text)
    TIM_OC1PolarityConfig                    0x08007181   Thumb Code    18  stm32f10x_tim.o(.text)
    TIM_OC1NPolarityConfig                   0x08007193   Thumb Code    18  stm32f10x_tim.o(.text)
    TIM_OC2PolarityConfig                    0x080071a5   Thumb Code    26  stm32f10x_tim.o(.text)
    TIM_OC2NPolarityConfig                   0x080071bf   Thumb Code    26  stm32f10x_tim.o(.text)
    TIM_OC3PolarityConfig                    0x080071d9   Thumb Code    26  stm32f10x_tim.o(.text)
    TIM_OC3NPolarityConfig                   0x080071f3   Thumb Code    26  stm32f10x_tim.o(.text)
    TIM_OC4PolarityConfig                    0x0800720d   Thumb Code    26  stm32f10x_tim.o(.text)
    TIM_CCxCmd                               0x08007227   Thumb Code    30  stm32f10x_tim.o(.text)
    TIM_CCxNCmd                              0x08007245   Thumb Code    30  stm32f10x_tim.o(.text)
    TIM_SelectOCxM                           0x08007263   Thumb Code    82  stm32f10x_tim.o(.text)
    TIM_UpdateDisableConfig                  0x080072b5   Thumb Code    24  stm32f10x_tim.o(.text)
    TIM_UpdateRequestConfig                  0x080072cd   Thumb Code    24  stm32f10x_tim.o(.text)
    TIM_SelectHallSensor                     0x080072e5   Thumb Code    24  stm32f10x_tim.o(.text)
    TIM_SelectOnePulseMode                   0x080072fd   Thumb Code    18  stm32f10x_tim.o(.text)
    TIM_SelectOutputTrigger                  0x0800730f   Thumb Code    18  stm32f10x_tim.o(.text)
    TIM_SelectSlaveMode                      0x08007321   Thumb Code    18  stm32f10x_tim.o(.text)
    TIM_SelectMasterSlaveMode                0x08007333   Thumb Code    18  stm32f10x_tim.o(.text)
    TIM_SetCounter                           0x08007345   Thumb Code     4  stm32f10x_tim.o(.text)
    TIM_SetAutoreload                        0x08007349   Thumb Code     4  stm32f10x_tim.o(.text)
    TIM_SetCompare1                          0x0800734d   Thumb Code     4  stm32f10x_tim.o(.text)
    TIM_SetCompare2                          0x08007351   Thumb Code     4  stm32f10x_tim.o(.text)
    TIM_SetCompare3                          0x08007355   Thumb Code     4  stm32f10x_tim.o(.text)
    TIM_SetCompare4                          0x08007359   Thumb Code     6  stm32f10x_tim.o(.text)
    TIM_SetClockDivision                     0x0800735f   Thumb Code    18  stm32f10x_tim.o(.text)
    TIM_GetCapture1                          0x08007371   Thumb Code     6  stm32f10x_tim.o(.text)
    TIM_GetCapture2                          0x08007377   Thumb Code     6  stm32f10x_tim.o(.text)
    TIM_GetCapture3                          0x0800737d   Thumb Code     6  stm32f10x_tim.o(.text)
    TIM_GetCapture4                          0x08007383   Thumb Code     8  stm32f10x_tim.o(.text)
    TIM_GetCounter                           0x0800738b   Thumb Code     6  stm32f10x_tim.o(.text)
    TIM_GetPrescaler                         0x08007391   Thumb Code     6  stm32f10x_tim.o(.text)
    TIM_GetFlagStatus                        0x08007397   Thumb Code    18  stm32f10x_tim.o(.text)
    TIM_ClearFlag                            0x080073a9   Thumb Code     6  stm32f10x_tim.o(.text)
    TIM_GetITStatus                          0x080073af   Thumb Code    34  stm32f10x_tim.o(.text)
    TIM_ClearITPendingBit                    0x080073d1   Thumb Code     6  stm32f10x_tim.o(.text)
    USART_DeInit                             0x080073d9   Thumb Code   134  stm32f10x_usart.o(.text)
    USART_Init                               0x0800745f   Thumb Code   210  stm32f10x_usart.o(.text)
    USART_StructInit                         0x08007531   Thumb Code    24  stm32f10x_usart.o(.text)
    USART_ClockInit                          0x08007549   Thumb Code    34  stm32f10x_usart.o(.text)
    USART_ClockStructInit                    0x0800756b   Thumb Code    12  stm32f10x_usart.o(.text)
    USART_Cmd                                0x08007577   Thumb Code    24  stm32f10x_usart.o(.text)
    USART_ITConfig                           0x0800758f   Thumb Code    74  stm32f10x_usart.o(.text)
    USART_DMACmd                             0x080075d9   Thumb Code    18  stm32f10x_usart.o(.text)
    USART_SetAddress                         0x080075eb   Thumb Code    18  stm32f10x_usart.o(.text)
    USART_WakeUpConfig                       0x080075fd   Thumb Code    18  stm32f10x_usart.o(.text)
    USART_ReceiverWakeUpCmd                  0x0800760f   Thumb Code    24  stm32f10x_usart.o(.text)
    USART_LINBreakDetectLengthConfig         0x08007627   Thumb Code    18  stm32f10x_usart.o(.text)
    USART_LINCmd                             0x08007639   Thumb Code    24  stm32f10x_usart.o(.text)
    USART_SendData                           0x08007651   Thumb Code     8  stm32f10x_usart.o(.text)
    USART_ReceiveData                        0x08007659   Thumb Code    10  stm32f10x_usart.o(.text)
    USART_SendBreak                          0x08007663   Thumb Code    10  stm32f10x_usart.o(.text)
    USART_SetGuardTime                       0x0800766d   Thumb Code    16  stm32f10x_usart.o(.text)
    USART_SetPrescaler                       0x0800767d   Thumb Code    16  stm32f10x_usart.o(.text)
    USART_SmartCardCmd                       0x0800768d   Thumb Code    24  stm32f10x_usart.o(.text)
    USART_SmartCardNACKCmd                   0x080076a5   Thumb Code    24  stm32f10x_usart.o(.text)
    USART_HalfDuplexCmd                      0x080076bd   Thumb Code    24  stm32f10x_usart.o(.text)
    USART_OverSampling8Cmd                   0x080076d5   Thumb Code    22  stm32f10x_usart.o(.text)
    USART_OneBitMethodCmd                    0x080076eb   Thumb Code    24  stm32f10x_usart.o(.text)
    USART_IrDAConfig                         0x08007703   Thumb Code    18  stm32f10x_usart.o(.text)
    USART_IrDACmd                            0x08007715   Thumb Code    24  stm32f10x_usart.o(.text)
    USART_GetFlagStatus                      0x0800772d   Thumb Code    26  stm32f10x_usart.o(.text)
    USART_ClearFlag                          0x08007747   Thumb Code    18  stm32f10x_usart.o(.text)
    USART_GetITStatus                        0x08007759   Thumb Code    84  stm32f10x_usart.o(.text)
    USART_ClearITPendingBit                  0x080077ad   Thumb Code    52  stm32f10x_usart.o(.text)
    DAC_DeInit                               0x080077e1   Thumb Code    22  stm32f10x_dac.o(.text)
    DAC_Init                                 0x080077f7   Thumb Code    46  stm32f10x_dac.o(.text)
    DAC_StructInit                           0x08007825   Thumb Code    12  stm32f10x_dac.o(.text)
    DAC_Cmd                                  0x08007831   Thumb Code    34  stm32f10x_dac.o(.text)
    DAC_DMACmd                               0x08007853   Thumb Code    38  stm32f10x_dac.o(.text)
    DAC_SoftwareTriggerCmd                   0x08007879   Thumb Code    48  stm32f10x_dac.o(.text)
    DAC_DualSoftwareTriggerCmd               0x080078a9   Thumb Code    38  stm32f10x_dac.o(.text)
    DAC_WaveGenerationCmd                    0x080078cf   Thumb Code    36  stm32f10x_dac.o(.text)
    DAC_SetChannel1Data                      0x080078f3   Thumb Code    26  stm32f10x_dac.o(.text)
    DAC_SetChannel2Data                      0x0800790d   Thumb Code    26  stm32f10x_dac.o(.text)
    DAC_SetDualChannelData                   0x08007927   Thumb Code    32  stm32f10x_dac.o(.text)
    DAC_GetDataOutputValue                   0x08007947   Thumb Code    32  stm32f10x_dac.o(.text)
    ADC_DeInit                               0x0800796d   Thumb Code    78  stm32f10x_adc.o(.text)
    ADC_Init                                 0x080079bb   Thumb Code    70  stm32f10x_adc.o(.text)
    ADC_StructInit                           0x08007a01   Thumb Code    18  stm32f10x_adc.o(.text)
    ADC_Cmd                                  0x08007a13   Thumb Code    22  stm32f10x_adc.o(.text)
    ADC_DMACmd                               0x08007a29   Thumb Code    22  stm32f10x_adc.o(.text)
    ADC_ITConfig                             0x08007a3f   Thumb Code    24  stm32f10x_adc.o(.text)
    ADC_ResetCalibration                     0x08007a57   Thumb Code    10  stm32f10x_adc.o(.text)
    ADC_GetResetCalibrationStatus            0x08007a61   Thumb Code    20  stm32f10x_adc.o(.text)
    ADC_StartCalibration                     0x08007a75   Thumb Code    10  stm32f10x_adc.o(.text)
    ADC_GetCalibrationStatus                 0x08007a7f   Thumb Code    20  stm32f10x_adc.o(.text)
    ADC_SoftwareStartConvCmd                 0x08007a93   Thumb Code    22  stm32f10x_adc.o(.text)
    ADC_GetSoftwareStartConvStatus           0x08007aa9   Thumb Code    20  stm32f10x_adc.o(.text)
    ADC_DiscModeChannelCountConfig           0x08007abd   Thumb Code    24  stm32f10x_adc.o(.text)
    ADC_DiscModeCmd                          0x08007ad5   Thumb Code    22  stm32f10x_adc.o(.text)
    ADC_RegularChannelConfig                 0x08007aeb   Thumb Code   184  stm32f10x_adc.o(.text)
    ADC_ExternalTrigConvCmd                  0x08007ba3   Thumb Code    22  stm32f10x_adc.o(.text)
    ADC_GetConversionValue                   0x08007bb9   Thumb Code     8  stm32f10x_adc.o(.text)
    ADC_GetDualModeConversionValue           0x08007bc1   Thumb Code     8  stm32f10x_adc.o(.text)
    ADC_AutoInjectedConvCmd                  0x08007bc9   Thumb Code    22  stm32f10x_adc.o(.text)
    ADC_InjectedDiscModeCmd                  0x08007bdf   Thumb Code    22  stm32f10x_adc.o(.text)
    ADC_ExternalTrigInjectedConvConfig       0x08007bf5   Thumb Code    16  stm32f10x_adc.o(.text)
    ADC_ExternalTrigInjectedConvCmd          0x08007c05   Thumb Code    22  stm32f10x_adc.o(.text)
    ADC_SoftwareStartInjectedConvCmd         0x08007c1b   Thumb Code    22  stm32f10x_adc.o(.text)
    ADC_GetSoftwareStartInjectedConvCmdStatus 0x08007c31   Thumb Code    20  stm32f10x_adc.o(.text)
    ADC_InjectedChannelConfig                0x08007c45   Thumb Code   130  stm32f10x_adc.o(.text)
    ADC_InjectedSequencerLengthConfig        0x08007cc7   Thumb Code    24  stm32f10x_adc.o(.text)
    ADC_SetInjectedOffset                    0x08007cdf   Thumb Code    20  stm32f10x_adc.o(.text)
    ADC_GetInjectedConversionValue           0x08007cf3   Thumb Code    28  stm32f10x_adc.o(.text)
    ADC_AnalogWatchdogCmd                    0x08007d0f   Thumb Code    16  stm32f10x_adc.o(.text)
    ADC_AnalogWatchdogThresholdsConfig       0x08007d1f   Thumb Code     6  stm32f10x_adc.o(.text)
    ADC_AnalogWatchdogSingleChannelConfig    0x08007d25   Thumb Code    16  stm32f10x_adc.o(.text)
    ADC_TempSensorVrefintCmd                 0x08007d35   Thumb Code    64  stm32f10x_adc.o(.text)
    ADC_GetFlagStatus                        0x08007d75   Thumb Code    18  stm32f10x_adc.o(.text)
    ADC_ClearFlag                            0x08007d87   Thumb Code     6  stm32f10x_adc.o(.text)
    ADC_GetITStatus                          0x08007d8d   Thumb Code    36  stm32f10x_adc.o(.text)
    ADC_ClearITPendingBit                    0x08007db1   Thumb Code    10  stm32f10x_adc.o(.text)
    DMA_DeInit                               0x08007dbd   Thumb Code   324  stm32f10x_dma.o(.text)
    DMA_Init                                 0x08007f01   Thumb Code    60  stm32f10x_dma.o(.text)
    DMA_StructInit                           0x08007f3d   Thumb Code    26  stm32f10x_dma.o(.text)
    DMA_Cmd                                  0x08007f57   Thumb Code    24  stm32f10x_dma.o(.text)
    DMA_ITConfig                             0x08007f6f   Thumb Code    18  stm32f10x_dma.o(.text)
    DMA_SetCurrDataCounter                   0x08007f81   Thumb Code     4  stm32f10x_dma.o(.text)
    DMA_GetCurrDataCounter                   0x08007f85   Thumb Code     8  stm32f10x_dma.o(.text)
    DMA_GetFlagStatus                        0x08007f8d   Thumb Code    40  stm32f10x_dma.o(.text)
    DMA_ClearFlag                            0x08007fb5   Thumb Code    22  stm32f10x_dma.o(.text)
    DMA_GetITStatus                          0x08007fcb   Thumb Code    40  stm32f10x_dma.o(.text)
    DMA_ClearITPendingBit                    0x08007ff3   Thumb Code    22  stm32f10x_dma.o(.text)
    SystemInit                               0x080080ef   Thumb Code    78  system_stm32f10x.o(.text)
    SystemCoreClockUpdate                    0x0800813d   Thumb Code   142  system_stm32f10x.o(.text)
    RCC_Configuration                        0x080081f9   Thumb Code    54  sys.o(.text)
    AT24CXX_Init                             0x08008239   Thumb Code     8  24c256.o(.text)
    AT24CXX_ReadOneByte                      0x08008241   Thumb Code    84  24c256.o(.text)
    AT24CXX_WriteOneByte                     0x08008295   Thumb Code    76  24c256.o(.text)
    AT24CXX_WriteLenByte                     0x080082e1   Thumb Code    42  24c256.o(.text)
    AT24CXX_ReadLenByte                      0x0800830b   Thumb Code    44  24c256.o(.text)
    AT24CXX_Check                            0x08008337   Thumb Code    46  24c256.o(.text)
    AT24CXX_Read                             0x08008365   Thumb Code    34  24c256.o(.text)
    AT24CXX_Write                            0x08008387   Thumb Code    44  24c256.o(.text)
    ADC_Configuration                        0x080083b5   Thumb Code   196  adc.o(.text)
    Get_Adc                                  0x08008479   Thumb Code    48  adc.o(.text)
    DAC_Configuration                        0x080084b5   Thumb Code   122  dac.o(.text)
    PORT_Gpio_Init                           0x08008535   Thumb Code    82  gpio.o(.text)
    Led_Test_Off                             0x08008587   Thumb Code     8  gpio.o(.text)
    Led_Test_On                              0x0800858f   Thumb Code     8  gpio.o(.text)
    TIM3_Configuration                       0x080085a1   Thumb Code    70  time.o(.text)
    TIM2_Configuration                       0x080085e7   Thumb Code    58  time.o(.text)
    NVIC_Configuration                       0x08008625   Thumb Code    68  uart.o(.text)
    GPIO_UART                                0x08008669   Thumb Code    86  uart.o(.text)
    USART_Configuration                      0x080086bf   Thumb Code    68  uart.o(.text)
    Keyboard_Init                            0x08008711   Thumb Code   104  keyboard.o(.text)
    Key_Identiry                             0x08008779   Thumb Code   180  keyboard.o(.text)
    Key_Init                                 0x0800882d   Thumb Code    24  keyboard.o(.text)
    Key_Read                                 0x08008845   Thumb Code    22  keyboard.o(.text)
    Key_Read_WithTimeOut                     0x0800885b   Thumb Code    36  keyboard.o(.text)
    Key_Scan                                 0x0800887f   Thumb Code   210  keyboard.o(.text)
    Lcd2002_Gpio_Init                        0x08008969   Thumb Code    48  lcd2002.o(.text)
    Lcd_ReadBF                               0x08008999   Thumb Code    10  lcd2002.o(.text)
    Lcd_WriteCmd                             0x080089a3   Thumb Code    52  lcd2002.o(.text)
    Lcd_SetAddr                              0x080089d7   Thumb Code    72  lcd2002.o(.text)
    Lcd_AddrUpdate                           0x08008a1f   Thumb Code    62  lcd2002.o(.text)
    Lcd_WriteData                            0x08008a5d   Thumb Code    58  lcd2002.o(.text)
    Lcd_Clr                                  0x08008a97   Thumb Code    10  lcd2002.o(.text)
    Lcd_Init                                 0x08008aa1   Thumb Code    36  lcd2002.o(.text)
    Disp_Clr                                 0x08008ad9   Thumb Code     8  disp.o(.text)
    Disp_Char                                0x08008ae1   Thumb Code    12  disp.o(.text)
    Disp_CharAt                              0x08008aed   Thumb Code    16  disp.o(.text)
    Disp_Str                                 0x08008afd   Thumb Code    38  disp.o(.text)
    Disp_StrAt                               0x08008b23   Thumb Code    16  disp.o(.text)
    SaveGroup                                0x08008b35   Thumb Code    14  flash_eerom.o(.text)
    ReadGroup                                0x08008b43   Thumb Code    14  flash_eerom.o(.text)
    SavePselect                              0x08008b51   Thumb Code    18  flash_eerom.o(.text)
    ReadPselect                              0x08008b63   Thumb Code    18  flash_eerom.o(.text)
    Saveaddr                                 0x08008b75   Thumb Code    18  flash_eerom.o(.text)
    Readaddr                                 0x08008b87   Thumb Code    18  flash_eerom.o(.text)
    Store_set_flash                          0x08008b99   Thumb Code    34  flash_eerom.o(.text)
    ReadSetByGroup                           0x08008bbb   Thumb Code    34  flash_eerom.o(.text)
    ReadCalData                              0x08008bdd   Thumb Code    18  flash_eerom.o(.text)
    StoreCalDate                             0x08008bef   Thumb Code    18  flash_eerom.o(.text)
    Da_Out                                   0x08008c05   Thumb Code    14  hardware.o(.text)
    Arc_Out                                  0x08008c13   Thumb Code    18  hardware.o(.text)
    Read_Ad_Ch0                              0x08008c25   Thumb Code    12  hardware.o(.text)
    Read_Ad_Ch1                              0x08008c31   Thumb Code    12  hardware.o(.text)
    Beep_On                                  0x08008c3d   Thumb Code    48  hardware.o(.text)
    Beep_Off                                 0x08008c6d   Thumb Code    48  hardware.o(.text)
    Led_Fail_Off                             0x08008c9d   Thumb Code    50  hardware.o(.text)
    Led_Fail_On                              0x08008ccf   Thumb Code    50  hardware.o(.text)
    Led_HV_On                                0x08008d01   Thumb Code    48  hardware.o(.text)
    Led_HV_Off                               0x08008d31   Thumb Code    48  hardware.o(.text)
    Plc_Pass_On                              0x08008d61   Thumb Code    50  hardware.o(.text)
    Plc_Pass_Off                             0x08008d93   Thumb Code    50  hardware.o(.text)
    Led_Pass_On                              0x08008dc5   Thumb Code    54  hardware.o(.text)
    Led_Pass_Off                             0x08008dfb   Thumb Code    54  hardware.o(.text)
    Plc_Start_On                             0x08008e31   Thumb Code    10  hardware.o(.text)
    Plc_Start_Off                            0x08008e3b   Thumb Code    10  hardware.o(.text)
    Amp_Output_On                            0x08008e45   Thumb Code    50  hardware.o(.text)
    Amp_Output_Off                           0x08008e77   Thumb Code    50  hardware.o(.text)
    Dc_Output_On                             0x08008ea9   Thumb Code    56  hardware.o(.text)
    Dc_Output_Off                            0x08008ee1   Thumb Code    58  hardware.o(.text)
    Frequency_Control                        0x08008f1b   Thumb Code    44  hardware.o(.text)
    Start_Uart                               0x08008f47   Thumb Code     2  hardware.o(.text)
    Stop_Uart                                0x08008f49   Thumb Code     2  hardware.o(.text)
    Cpu_Init                                 0x08008f4b   Thumb Code     2  hardware.o(.text)
    Hardware_Init                            0x08008f4d   Thumb Code    80  hardware.o(.text)
    ResetSys                                 0x08008f9d   Thumb Code     2  hardware.o(.text)
    Beep_Init                                0x08008fc1   Thumb Code    18  beep.o(.text)
    Beep_Work                                0x08008fd3   Thumb Code    94  beep.o(.text)
    Beep_Long                                0x08009059   Thumb Code    14  beep.o(.text)
    Beep_One                                 0x08009067   Thumb Code    14  beep.o(.text)
    Beep_Two                                 0x08009075   Thumb Code    14  beep.o(.text)
    IIC_Init                                 0x08009091   Thumb Code    46  myiic.o(.text)
    IIC_Start                                0x080090bf   Thumb Code    64  myiic.o(.text)
    IIC_Stop                                 0x080090ff   Thumb Code    66  myiic.o(.text)
    IIC_Wait_Ack                             0x08009141   Thumb Code    94  myiic.o(.text)
    IIC_Ack                                  0x0800919f   Thumb Code    70  myiic.o(.text)
    IIC_NAck                                 0x080091e5   Thumb Code    70  myiic.o(.text)
    IIC_Send_Byte                            0x0800922b   Thumb Code    98  myiic.o(.text)
    IIC_Read_Byte                            0x0800928d   Thumb Code   100  myiic.o(.text)
    INT_Init                                 0x080092fd   Thumb Code    32  exti.o(.text)
    EXTIX_Init                               0x0800931d   Thumb Code   220  exti.o(.text)
    __aeabi_memcpy                           0x080093fd   Thumb Code    36  memcpya.o(.text)
    __aeabi_memcpy4                          0x080093fd   Thumb Code     0  memcpya.o(.text)
    __aeabi_memcpy8                          0x080093fd   Thumb Code     0  memcpya.o(.text)
    __aeabi_memset                           0x08009421   Thumb Code    14  memseta.o(.text)
    __aeabi_memset4                          0x08009421   Thumb Code     0  memseta.o(.text)
    __aeabi_memset8                          0x08009421   Thumb Code     0  memseta.o(.text)
    __aeabi_memclr                           0x0800942f   Thumb Code     4  memseta.o(.text)
    __aeabi_memclr4                          0x0800942f   Thumb Code     0  memseta.o(.text)
    __aeabi_memclr8                          0x0800942f   Thumb Code     0  memseta.o(.text)
    _memset$wrapper                          0x08009433   Thumb Code    18  memseta.o(.text)
    strcat                                   0x08009445   Thumb Code    24  strcat.o(.text)
    strlen                                   0x0800945d   Thumb Code    14  strlen.o(.text)
    __aeabi_fadd                             0x0800946b   Thumb Code   164  fadd.o(.text)
    __aeabi_fsub                             0x0800950f   Thumb Code     6  fadd.o(.text)
    __aeabi_frsub                            0x08009515   Thumb Code     6  fadd.o(.text)
    __aeabi_fmul                             0x0800951b   Thumb Code   100  fmul.o(.text)
    __aeabi_fdiv                             0x0800957f   Thumb Code   124  fdiv.o(.text)
    __aeabi_dmul                             0x080095fb   Thumb Code   228  dmul.o(.text)
    __aeabi_ddiv                             0x080096df   Thumb Code   222  ddiv.o(.text)
    __aeabi_ui2f                             0x080097bd   Thumb Code    10  ffltui.o(.text)
    __aeabi_f2uiz                            0x080097c7   Thumb Code    40  ffixui.o(.text)
    __aeabi_d2uiz                            0x080097ef   Thumb Code    50  dfixui.o(.text)
    __aeabi_f2d                              0x08009821   Thumb Code    38  f2d.o(.text)
    __aeabi_cdcmpeq                          0x08009849   Thumb Code     0  cdcmple.o(.text)
    __aeabi_cdcmple                          0x08009849   Thumb Code    48  cdcmple.o(.text)
    __aeabi_cdrcmple                         0x08009879   Thumb Code    48  cdrcmple.o(.text)
    __aeabi_d2f                              0x080098a9   Thumb Code    56  d2f.o(.text)
    __aeabi_cfcmpeq                          0x080098e1   Thumb Code     0  cfcmple.o(.text)
    __aeabi_cfcmple                          0x080098e1   Thumb Code    20  cfcmple.o(.text)
    __aeabi_cfrcmple                         0x080098f5   Thumb Code    20  cfrcmple.o(.text)
    __aeabi_llsr                             0x08009909   Thumb Code    32  llushr.o(.text)
    _ll_ushift_r                             0x08009909   Thumb Code     0  llushr.o(.text)
    __strtod_int                             0x0800995f   Thumb Code    90  strtod.o(.text)
    __I$use$fp                               0x080099c5   Thumb Code     0  iusefp.o(.text)
    _float_round                             0x080099c5   Thumb Code    18  fepilogue.o(.text)
    _float_epilogue                          0x080099d7   Thumb Code    92  fepilogue.o(.text)
    _double_round                            0x08009a33   Thumb Code    30  depilogue.o(.text)
    _double_epilogue                         0x08009a51   Thumb Code   156  depilogue.o(.text)
    __scatterload                            0x08009aed   Thumb Code    28  init.o(.text)
    __scatterload_rt2                        0x08009aed   Thumb Code     0  init.o(.text)
    __aeabi_llsl                             0x08009b11   Thumb Code    30  llshl.o(.text)
    _ll_shift_l                              0x08009b11   Thumb Code     0  llshl.o(.text)
    isspace                                  0x08009b2f   Thumb Code    10  isspace_c.o(.text)
    _scanf_real                              0x08009c61   Thumb Code     0  scanf_fp.o(.text)
    _scanf_really_real                       0x08009c61   Thumb Code   556  scanf_fp.o(.text)
    _sgetc                                   0x08009e99   Thumb Code    30  _sgetc.o(.text)
    _sbackspace                              0x08009eb7   Thumb Code    34  _sgetc.o(.text)
    __ctype_lookup                           0x08009ed9   Thumb Code    34  ctype_c.o(.text)
    __aeabi_ul2d                             0x08009f01   Thumb Code    24  dfltul.o(.text)
    __read_errno                             0x08009f19   Thumb Code     6  errno.o(i.__read_errno)
    __scatterload_copy                       0x08009f25   Thumb Code    14  handlers.o(i.__scatterload_copy)
    __scatterload_null                       0x08009f33   Thumb Code     2  handlers.o(i.__scatterload_null)
    __scatterload_zeroinit                   0x08009f35   Thumb Code    14  handlers.o(i.__scatterload_zeroinit)
    __set_errno                              0x08009f45   Thumb Code     6  errno.o(i.__set_errno)
    _is_digit                                0x08009f51   Thumb Code    14  scanf_fp.o(i._is_digit)
    atof                                     0x08009f5f   Thumb Code    42  atof.o(i.atof)
    Sin                                      0x08009f88   Data         256  user.o(.constdata)
    POW_NUM                                  0x0800a088   Data           8  user.o(.constdata)
    RANGE_RATE                               0x0800a090   Data          20  user.o(.constdata)
    I_TEST_DISP                              0x0800a0a4   Data          14  user.o(.constdata)
    W_TEST_DISP                              0x0800a0b2   Data          21  user.o(.constdata)
    I_SET                                    0x0800a0c7   Data          64  user.o(.constdata)
    AC_DC_SET                                0x0800a107   Data           8  user.o(.constdata)
    FREQ_SET                                 0x0800a10f   Data           6  user.o(.constdata)
    GROUP_DISP_ITEM                          0x0800a115   Data          24  user.o(.constdata)
    GROUP_ITEM                               0x0800a12d   Data          24  user.o(.constdata)
    I_Sel_Tab                                0x0800a145   Data          85  user.o(.constdata)
    W_SET                                    0x0800a19a   Data         128  user.o(.constdata)
    W_Sel_Tab                                0x0800a21a   Data         153  user.o(.constdata)
    I_W_SET                                  0x0800a2b3   Data         204  user.o(.constdata)
    I_W_Sel_Tab                              0x0800a37f   Data         221  user.o(.constdata)
    I_WDC_Sel_Tab                            0x0800a45c   Data         221  user.o(.constdata)
    RangeTab                                 0x0800a539   Data          40  user.o(.constdata)
    BeepTab                                  0x0800a561   Data          15  user.o(.constdata)
    SwitchTab                                0x0800a570   Data          10  user.o(.constdata)
    SetupMenu                                0x0800a57a   Data          84  user.o(.constdata)
    EnterTab                                 0x0800a5ce   Data          21  user.o(.constdata)
    NumberTab                                0x0800a5e3   Data          84  user.o(.constdata)
    SelectTab                                0x0800a637   Data          21  user.o(.constdata)
    ParameterTab                             0x0800a64c   Data          65  user.o(.constdata)
    NumTab                                   0x0800a68d   Data          24  user.o(.constdata)
    SystemTab                                0x0800a6a5   Data          52  user.o(.constdata)
    SystemLimit                              0x0800a6da   Data          16  user.o(.constdata)
    SystemLimitDot                           0x0800a6ea   Data          10  user.o(.constdata)
    ParameterLimit                           0x0800a6f4   Data          52  user.o(.constdata)
    ParameterLimit_AC                        0x0800a728   Data          52  user.o(.constdata)
    ParameterComp                            0x0800a75c   Data          52  user.o(.constdata)
    ParameterLimit_dot                       0x0800a790   Data          22  user.o(.constdata)
    ParameterLimit_len                       0x0800a7a6   Data          32  user.o(.constdata)
    MsgTab                                   0x0800a7c6   Data          63  user.o(.constdata)
    FactoryTabS                              0x0800a805   Data         105  user.o(.constdata)
    FactoryTab                               0x0800a86e   Data         105  user.o(.constdata)
    ParameterDotTab                          0x0800a8d7   Data          52  user.o(.constdata)
    IR_Range_dot                             0x0800a90b   Data           5  test.o(.constdata)
    CalibrateLimit                           0x0800a910   Data          44  debug.o(.constdata)
    CalibrateLimitvalue                      0x0800a93c   Data          20  debug.o(.constdata)
    DebugMenu                                0x0800a950   Data         187  debug.o(.constdata)
    Debugext                                 0x0800aa0b   Data          17  debug.o(.constdata)
    Debugtext                                0x0800aa1c   Data          21  debug.o(.constdata)
    CalIrTab                                 0x0800aa31   Data         168  debug.o(.constdata)
    CalTestTab                               0x0800aad9   Data         187  debug.o(.constdata)
    EnterTab1                                0x0800ab94   Data          17  debug.o(.constdata)
    Debug_Dot                                0x0800aba5   Data          11  debug.o(.constdata)
    LCD_INIT_PARAMETER                       0x0800abb0   Data           5  lcd2002.o(.constdata)
    ArcLevel                                 0x0800abb6   Data          20  hardware.o(.constdata)
    __ctype_categories                       0x0800abca   Data          64  ctype_c.o(.constdata)
    Region$$Table$$Base                      0x0800ac0c   Number         0  anon$$obj.o(Region$$Table)
    Region$$Table$$Limit                     0x0800ac2c   Number         0  anon$$obj.o(Region$$Table)
    F_Fail                                   0x20000000   Data           1  pbdata.o(.data)
    F_100ms                                  0x20000001   Data           1  pbdata.o(.data)
    F_Password                               0x20000002   Data           1  pbdata.o(.data)
    SystemStatus                             0x20000003   Data           1  pbdata.o(.data)
    SystemMessage                            0x20000004   Data           1  pbdata.o(.data)
    MenuIndex                                0x20000005   Data           1  pbdata.o(.data)
    Range                                    0x20000006   Data           1  pbdata.o(.data)
    ffit_data1                               0x20000007   Data           1  pbdata.o(.data)
    count_ffit                               0x20000008   Data           2  pbdata.o(.data)
    Voltage                                  0x2000000c   Data           4  pbdata.o(.data)
    Test_Time                                0x20000010   Data           4  pbdata.o(.data)
    Resistance                               0x20000014   Data           4  pbdata.o(.data)
    dt                                       0x20000018   Data           1  pbdata.o(.data)
    SoftTimer                                0x20000019   Data           2  pbdata.o(.data)
    StepIndex                                0x2000001b   Data           1  pbdata.o(.data)
    TotalStep                                0x2000001c   Data           1  pbdata.o(.data)
    Current                                  0x2000001e   Data           2  pbdata.o(.data)
    TestTime                                 0x20000020   Data           2  pbdata.o(.data)
    AdCount                                  0x20000022   Data           1  pbdata.o(.data)
    RampStepYs                               0x20000024   Data           2  pbdata.o(.data)
    RampStepFd                               0x20000026   Data           2  pbdata.o(.data)
    RampStepTime                             0x20000028   Data           1  pbdata.o(.data)
    TestOut                                  0x2000002a   Data           2  pbdata.o(.data)
    FullOut                                  0x2000002c   Data           2  pbdata.o(.data)
    ra_flag                                  0x2000002e   Data           1  pbdata.o(.data)
    run_stemp                                0x2000002f   Data           1  pbdata.o(.data)
    rangelomit_low                           0x20000030   Data           2  pbdata.o(.data)
    rangr_limit_high                         0x20000032   Data           2  pbdata.o(.data)
    DefaultCalDaOut                          0x20000034   Data           8  pbdata.o(.data)
    strbuff                                  0x20000040   Data           8  test.o(.data)
    respond                                  0x20000048   Data           1  test.o(.data)
    USENDI                                   0x2000004c   Data           4  test.o(.data)
    U2                                       0x20000050   Data           1  test.o(.data)
    DMA1_MEM_LEN                             0x20000052   Data           2  dma.o(.data)
    calitem                                  0x20000054   Data           1  debug.o(.data)
    DefaultCalibrate                         0x20000056   Data          32  debug.o(.data)
    SystemCoreClock                          0x2000008c   Data           4  system_stm32f10x.o(.data)
    AHBPrescTable                            0x20000090   Data          16  system_stm32f10x.o(.data)
    IC19_574buff                             0x200000a0   Data           1  gpio.o(.data)
    IC42_574buff                             0x200000a1   Data           1  gpio.o(.data)
    disp_time                                0x200000a4   Data           4  time.o(.data)
    Keyboard                                 0x200000a8   Data           3  keyboard.o(.data)
    LcdAddr                                  0x200000ae   Data           2  lcd2002.o(.data)
    DispBuf                                  0x200000b0   Data           8  disp.o(.data)
    NumBox                                   0x200000c4   Data          16  pbdata.o(.bss)
    Test_value                               0x200000d4   Data          16  pbdata.o(.bss)
    Float                                    0x200000e4   Data          12  pbdata.o(.bss)
    SaveData                                 0x200000f0   Data          74  pbdata.o(.bss)
    Calibrate                                0x2000013a   Data          44  pbdata.o(.bss)
    Res_count                                0x20000168   Data          16  pbdata.o(.bss)
    i_buff                                   0x20000178   Data          48  pbdata.o(.bss)
    Vbuf                                     0x200001a8   Data          16  pbdata.o(.bss)
    Ibuf                                     0x200001b8   Data          16  pbdata.o(.bss)
    Test_mid                                 0x200001c8   Data          10  pbdata.o(.bss)
    Cal                                      0x200001d2   Data          44  pbdata.o(.bss)
    sendbuff                                 0x200001fe   Data          20  test.o(.bss)
    sendbuff1                                0x20000212   Data          20  test.o(.bss)
    sendbuff2                                0x20000226   Data          20  test.o(.bss)
    sendbuff3                                0x2000023a   Data          20  test.o(.bss)
    DMA_InitStructure                        0x20000250   Data          44  dma.o(.bss)
    ComBuf                                   0x2000027c   Data          58  uart.o(.bss)
    ComBuf1                                  0x200002b6   Data          58  uart.o(.bss)
    FacBuf                                   0x200002f0   Data          58  uart.o(.bss)
    __initial_sp                             0x20000730   Data           0  startup_stm32f10x_hd.o(STACK)



==============================================================================

Memory Map of the image

  Image Entry point : 0x08000131

  Load Region LR_IROM1 (Base: 0x08000000, Size: 0x0000acf0, Max: 0x00040000, ABSOLUTE)

    Execution Region ER_IROM1 (Exec base: 0x08000000, Load base: 0x08000000, Size: 0x0000ac2c, Max: 0x00040000, ABSOLUTE)

    Exec Addr    Load Addr    Size         Type   Attr      Idx    E Section Name        Object

    0x08000000   0x08000000   0x00000130   Data   RO            3    RESET               startup_stm32f10x_hd.o
    0x08000130   0x08000130   0x00000000   Code   RO          699  * .ARM.Collect$$$$00000000  mc_w.l(entry.o)
    0x08000130   0x08000130   0x00000004   Code   RO          740    .ARM.Collect$$$$00000001  mc_w.l(entry2.o)
    0x08000134   0x08000134   0x00000004   Code   RO          743    .ARM.Collect$$$$00000004  mc_w.l(entry5.o)
    0x08000138   0x08000138   0x00000000   Code   RO          745    .ARM.Collect$$$$00000008  mc_w.l(entry7b.o)
    0x08000138   0x08000138   0x00000000   Code   RO          747    .ARM.Collect$$$$0000000A  mc_w.l(entry8b.o)
    0x08000138   0x08000138   0x00000008   Code   RO          748    .ARM.Collect$$$$0000000B  mc_w.l(entry9a.o)
    0x08000140   0x08000140   0x00000000   Code   RO          750    .ARM.Collect$$$$0000000D  mc_w.l(entry10a.o)
    0x08000140   0x08000140   0x00000000   Code   RO          752    .ARM.Collect$$$$0000000F  mc_w.l(entry11a.o)
    0x08000140   0x08000140   0x00000004   Code   RO          741    .ARM.Collect$$$$00002712  mc_w.l(entry2.o)
    0x08000144   0x08000144   0x00000024   Code   RO            4    .text               startup_stm32f10x_hd.o
    0x08000168   0x08000168   0x000000a4   Code   RO           10    .text               main.o
    0x0800020c   0x0800020c   0x000000ec   Code   RO          147    .text               pbdata.o
    0x080002f8   0x080002f8   0x000003e4   Code   RO          167    .text               stm32f10x_it.o
    0x080006dc   0x080006dc   0x00001f04   Code   RO          184    .text               user.o
    0x080025e0   0x080025e0   0x00002c44   Code   RO          202    .text               test.o
    0x08005224   0x08005224   0x0000006c   Code   RO          225    .text               dma.o
    0x08005290   0x08005290   0x00000a2c   Code   RO          247    .text               debug.o
    0x08005cbc   0x08005cbc   0x0000035c   Code   RO          266    .text               stm32f10x_gpio.o
    0x08006018   0x08006018   0x000003ac   Code   RO          278    .text               stm32f10x_rcc.o
    0x080063c4   0x080063c4   0x000000dc   Code   RO          292    .text               misc.o
    0x080064a0   0x080064a0   0x0000011c   Code   RO          304    .text               stm32f10x_exti.o
    0x080065bc   0x080065bc   0x00000e1a   Code   RO          316    .text               stm32f10x_tim.o
    0x080073d6   0x080073d6   0x00000002   PAD
    0x080073d8   0x080073d8   0x00000408   Code   RO          328    .text               stm32f10x_usart.o
    0x080077e0   0x080077e0   0x0000018c   Code   RO          340    .text               stm32f10x_dac.o
    0x0800796c   0x0800796c   0x0000044e   Code   RO          352    .text               stm32f10x_adc.o
    0x08007dba   0x08007dba   0x00000002   PAD
    0x08007dbc   0x08007dbc   0x00000254   Code   RO          403    .text               stm32f10x_dma.o
    0x08008010   0x08008010   0x000001e8   Code   RO          425    .text               system_stm32f10x.o
    0x080081f8   0x080081f8   0x00000040   Code   RO          450    .text               sys.o
    0x08008238   0x08008238   0x0000017a   Code   RO          478    .text               24c256.o
    0x080083b2   0x080083b2   0x00000002   PAD
    0x080083b4   0x080083b4   0x00000100   Code   RO          490    .text               adc.o
    0x080084b4   0x080084b4   0x00000080   Code   RO          502    .text               dac.o
    0x08008534   0x08008534   0x0000006c   Code   RO          514    .text               gpio.o
    0x080085a0   0x080085a0   0x00000084   Code   RO          532    .text               time.o
    0x08008624   0x08008624   0x000000ec   Code   RO          550    .text               uart.o
    0x08008710   0x08008710   0x00000258   Code   RO          568    .text               keyboard.o
    0x08008968   0x08008968   0x00000170   Code   RO          586    .text               lcd2002.o
    0x08008ad8   0x08008ad8   0x0000005a   Code   RO          605    .text               disp.o
    0x08008b32   0x08008b32   0x00000002   PAD
    0x08008b34   0x08008b34   0x000000d0   Code   RO          630    .text               flash_eerom.o
    0x08008c04   0x08008c04   0x000003bc   Code   RO          642    .text               hardware.o
    0x08008fc0   0x08008fc0   0x000000d0   Code   RO          657    .text               beep.o
    0x08009090   0x08009090   0x0000026c   Code   RO          671    .text               myiic.o
    0x080092fc   0x080092fc   0x00000100   Code   RO          683    .text               exti.o
    0x080093fc   0x080093fc   0x00000024   Code   RO          702    .text               mc_w.l(memcpya.o)
    0x08009420   0x08009420   0x00000024   Code   RO          704    .text               mc_w.l(memseta.o)
    0x08009444   0x08009444   0x00000018   Code   RO          706    .text               mc_w.l(strcat.o)
    0x0800945c   0x0800945c   0x0000000e   Code   RO          708    .text               mc_w.l(strlen.o)
    0x0800946a   0x0800946a   0x000000b0   Code   RO          712    .text               mf_w.l(fadd.o)
    0x0800951a   0x0800951a   0x00000064   Code   RO          714    .text               mf_w.l(fmul.o)
    0x0800957e   0x0800957e   0x0000007c   Code   RO          716    .text               mf_w.l(fdiv.o)
    0x080095fa   0x080095fa   0x000000e4   Code   RO          718    .text               mf_w.l(dmul.o)
    0x080096de   0x080096de   0x000000de   Code   RO          720    .text               mf_w.l(ddiv.o)
    0x080097bc   0x080097bc   0x0000000a   Code   RO          722    .text               mf_w.l(ffltui.o)
    0x080097c6   0x080097c6   0x00000028   Code   RO          724    .text               mf_w.l(ffixui.o)
    0x080097ee   0x080097ee   0x00000032   Code   RO          726    .text               mf_w.l(dfixui.o)
    0x08009820   0x08009820   0x00000026   Code   RO          728    .text               mf_w.l(f2d.o)
    0x08009846   0x08009846   0x00000002   PAD
    0x08009848   0x08009848   0x00000030   Code   RO          730    .text               mf_w.l(cdcmple.o)
    0x08009878   0x08009878   0x00000030   Code   RO          732    .text               mf_w.l(cdrcmple.o)
    0x080098a8   0x080098a8   0x00000038   Code   RO          734    .text               mf_w.l(d2f.o)
    0x080098e0   0x080098e0   0x00000014   Code   RO          736    .text               mf_w.l(cfcmple.o)
    0x080098f4   0x080098f4   0x00000014   Code   RO          738    .text               mf_w.l(cfrcmple.o)
    0x08009908   0x08009908   0x00000020   Code   RO          754    .text               mc_w.l(llushr.o)
    0x08009928   0x08009928   0x0000009c   Code   RO          763    .text               mc_w.l(strtod.o)
    0x080099c4   0x080099c4   0x00000000   Code   RO          765    .text               mc_w.l(iusefp.o)
    0x080099c4   0x080099c4   0x0000006e   Code   RO          766    .text               mf_w.l(fepilogue.o)
    0x08009a32   0x08009a32   0x000000ba   Code   RO          768    .text               mf_w.l(depilogue.o)
    0x08009aec   0x08009aec   0x00000024   Code   RO          770    .text               mc_w.l(init.o)
    0x08009b10   0x08009b10   0x0000001e   Code   RO          772    .text               mc_w.l(llshl.o)
    0x08009b2e   0x08009b2e   0x0000000a   Code   RO          774    .text               mc_w.l(isspace_c.o)
    0x08009b38   0x08009b38   0x00000360   Code   RO          776    .text               mc_w.l(scanf_fp.o)
    0x08009e98   0x08009e98   0x00000040   Code   RO          780    .text               mc_w.l(_sgetc.o)
    0x08009ed8   0x08009ed8   0x00000028   Code   RO          782    .text               mc_w.l(ctype_c.o)
    0x08009f00   0x08009f00   0x00000018   Code   RO          785    .text               mf_w.l(dfltul.o)
    0x08009f18   0x08009f18   0x0000000c   Code   RO          757    i.__read_errno      mc_w.l(errno.o)
    0x08009f24   0x08009f24   0x0000000e   Code   RO          789    i.__scatterload_copy  mc_w.l(handlers.o)
    0x08009f32   0x08009f32   0x00000002   Code   RO          790    i.__scatterload_null  mc_w.l(handlers.o)
    0x08009f34   0x08009f34   0x0000000e   Code   RO          791    i.__scatterload_zeroinit  mc_w.l(handlers.o)
    0x08009f42   0x08009f42   0x00000002   PAD
    0x08009f44   0x08009f44   0x0000000c   Code   RO          758    i.__set_errno       mc_w.l(errno.o)
    0x08009f50   0x08009f50   0x0000000e   Code   RO          778    i._is_digit         mc_w.l(scanf_fp.o)
    0x08009f5e   0x08009f5e   0x0000002a   Code   RO          696    i.atof              m_ws.l(atof.o)
    0x08009f88   0x08009f88   0x00000983   Data   RO          185    .constdata          user.o
    0x0800a90b   0x0800a90b   0x00000005   Data   RO          204    .constdata          test.o
    0x0800a910   0x0800a910   0x000002a0   Data   RO          248    .constdata          debug.o
    0x0800abb0   0x0800abb0   0x00000005   Data   RO          587    .constdata          lcd2002.o
    0x0800abb5   0x0800abb5   0x00000001   PAD
    0x0800abb6   0x0800abb6   0x00000014   Data   RO          643    .constdata          hardware.o
    0x0800abca   0x0800abca   0x00000040   Data   RO          783    .constdata          mc_w.l(ctype_c.o)
    0x0800ac0a   0x0800ac0a   0x00000002   PAD
    0x0800ac0c   0x0800ac0c   0x00000020   Data   RO          787    Region$$Table       anon$$obj.o


    Execution Region RW_IRAM1 (Exec base: 0x20000000, Load base: 0x0800ac2c, Size: 0x00000730, Max: 0x0000c000, ABSOLUTE)

    Exec Addr    Load Addr    Size         Type   Attr      Idx    E Section Name        Object

    0x20000000   0x0800ac2c   0x0000003c   Data   RW          149    .data               pbdata.o
    0x2000003c   0x0800ac68   0x00000001   Data   RW          168    .data               stm32f10x_it.o
    0x2000003d   0x0800ac69   0x00000003   PAD
    0x20000040   0x0800ac6c   0x00000011   Data   RW          205    .data               test.o
    0x20000051   0x0800ac7d   0x00000001   PAD
    0x20000052   0x0800ac7e   0x00000002   Data   RW          227    .data               dma.o
    0x20000054   0x0800ac80   0x00000022   Data   RW          249    .data               debug.o
    0x20000076   0x0800aca2   0x00000014   Data   RW          279    .data               stm32f10x_rcc.o
    0x2000008a   0x0800acb6   0x00000002   PAD
    0x2000008c   0x0800acb8   0x00000014   Data   RW          426    .data               system_stm32f10x.o
    0x200000a0   0x0800accc   0x00000002   Data   RW          515    .data               gpio.o
    0x200000a2   0x0800acce   0x00000002   PAD
    0x200000a4   0x0800acd0   0x00000004   Data   RW          533    .data               time.o
    0x200000a8   0x0800acd4   0x00000006   Data   RW          569    .data               keyboard.o
    0x200000ae   0x0800acda   0x00000002   Data   RW          588    .data               lcd2002.o
    0x200000b0   0x0800acdc   0x00000008   Data   RW          606    .data               disp.o
    0x200000b8   0x0800ace4   0x00000005   Data   RW          658    .data               beep.o
    0x200000bd   0x0800ace9   0x00000003   PAD
    0x200000c0   0x0800acec   0x00000004   Data   RW          759    .data               mc_w.l(errno.o)
    0x200000c4        -       0x0000013a   Zero   RW          148    .bss                pbdata.o
    0x200001fe        -       0x00000050   Zero   RW          203    .bss                test.o
    0x2000024e   0x0800acf0   0x00000002   PAD
    0x20000250        -       0x0000002c   Zero   RW          226    .bss                dma.o
    0x2000027c        -       0x000000ae   Zero   RW          551    .bss                uart.o
    0x2000032a   0x0800acf0   0x00000006   PAD
    0x20000330        -       0x00000400   Zero   RW            1    STACK               startup_stm32f10x_hd.o


==============================================================================

Image component sizes


      Code (inc. data)   RO Data    RW Data    ZI Data      Debug   Object Name

       378          0          0          0          0       2638   24c256.o
       256         12          0          0          0       1044   adc.o
       208         14          0          5          0       1346   beep.o
       128          6          0          0          0        544   dac.o
      2604        250        672         34          0       4707   debug.o
        90          0          0          8          0       1515   disp.o
       108         10          0          2         44      11025   dma.o
       256          4          0          0          0        750   exti.o
       208          4          0          0          0       1716   flash_eerom.o
       108         10          0          2          0        902   gpio.o
       956         34         20          0          0       3835   hardware.o
       600         24          0          6          0       3104   keyboard.o
       368         20          5          2          0       3035   lcd2002.o
       164         22          0          0          0     279172   main.o
       220         22          0          0          0       1621   misc.o
       620         12          0          0          0       1808   myiic.o
       236          4          0         60        314       9808   pbdata.o
        36          8        304          0       1024        764   startup_stm32f10x_hd.o
      1102         26          0          0          0      10861   stm32f10x_adc.o
       396          6          0          0          0       3486   stm32f10x_dac.o
       596          8          0          0          0       4186   stm32f10x_dma.o
       284         10          0          0          0       2079   stm32f10x_exti.o
       860         38          0          0          0       5557   stm32f10x_gpio.o
       996         64          0          1          0       2683   stm32f10x_it.o
       940         44          0         20          0       8664   stm32f10x_rcc.o
      3610         88          0          0          0      22664   stm32f10x_tim.o
      1032         22          0          0          0       8280   stm32f10x_usart.o
        64         10          0          0          0       8245   sys.o
       488         46          0         20          0       1619   system_stm32f10x.o
     11332        816          5         17         80      11166   test.o
       132          4          0          4          0        904   time.o
       236         14          0          0        174       2475   uart.o
      7940        746       2435          0          0      14048   user.o

    ----------------------------------------------------------------------
     37560       2398       3474        192       1644     436251   Object Totals
         0          0         32          0          0          0   (incl. Generated)
         8          0          1         11          8          0   (incl. Padding)

    ----------------------------------------------------------------------

      Code (inc. data)   RO Data    RW Data    ZI Data      Debug   Library Member Name

        42          0          0          0          0         84   atof.o
        64          0          0          0          0         84   _sgetc.o
        40          6         64          0          0         68   ctype_c.o
         0          0          0          0          0          0   entry.o
         0          0          0          0          0          0   entry10a.o
         0          0          0          0          0          0   entry11a.o
         8          4          0          0          0          0   entry2.o
         4          0          0          0          0          0   entry5.o
         0          0          0          0          0          0   entry7b.o
         0          0          0          0          0          0   entry8b.o
         8          4          0          0          0          0   entry9a.o
        24         12          0          4          0        136   errno.o
        30          0          0          0          0          0   handlers.o
        36          8          0          0          0         68   init.o
        10          0          0          0          0         68   isspace_c.o
         0          0          0          0          0          0   iusefp.o
        30          0          0          0          0         68   llshl.o
        32          0          0          0          0         68   llushr.o
        36          0          0          0          0         68   memcpya.o
        36          0          0          0          0        108   memseta.o
       878         12          0          0          0        216   scanf_fp.o
        24          0          0          0          0         68   strcat.o
        14          0          0          0          0         68   strlen.o
       156         12          0          0          0        120   strtod.o
        48          0          0          0          0         68   cdcmple.o
        48          0          0          0          0         68   cdrcmple.o
        20          0          0          0          0         68   cfcmple.o
        20          0          0          0          0         68   cfrcmple.o
        56          0          0          0          0         88   d2f.o
       222          0          0          0          0        100   ddiv.o
       186          0          0          0          0        176   depilogue.o
        50          0          0          0          0         76   dfixui.o
        24          0          0          0          0         76   dfltul.o
       228          0          0          0          0         96   dmul.o
        38          0          0          0          0         68   f2d.o
       176          0          0          0          0        140   fadd.o
       124          0          0          0          0         88   fdiv.o
       110          0          0          0          0        168   fepilogue.o
        40          0          0          0          0         68   ffixui.o
        10          0          0          0          0         68   ffltui.o
       100          0          0          0          0         76   fmul.o

    ----------------------------------------------------------------------
      2976         58         66          4          0       2852   Library Totals
         4          0          2          0          0          0   (incl. Padding)

    ----------------------------------------------------------------------

      Code (inc. data)   RO Data    RW Data    ZI Data      Debug   Library Name

        42          0          0          0          0         84   m_ws.l
      1430         58         64          4          0       1208   mc_w.l
      1500          0          0          0          0       1560   mf_w.l

    ----------------------------------------------------------------------
      2976         58         66          4          0       2852   Library Totals

    ----------------------------------------------------------------------

==============================================================================


      Code (inc. data)   RO Data    RW Data    ZI Data      Debug   

     40536       2456       3540        196       1644     434939   Grand Totals
     40536       2456       3540        196       1644     434939   ELF Image Totals
     40536       2456       3540        196          0          0   ROM Totals

==============================================================================

    Total RO  Size (Code + RO Data)                44076 (  43.04kB)
    Total RW  Size (RW Data + ZI Data)              1840 (   1.80kB)
    Total ROM Size (Code + RO Data + RW Data)      44272 (  43.23kB)

==============================================================================

