Component: ARM Compiler 5.06 update 4 (build 422) Tool: armlink [4d35d2]

==============================================================================

Section Cross References

    startup_stm32f10x_hd.o(RESET) refers to startup_stm32f10x_hd.o(STACK) for __initial_sp
    startup_stm32f10x_hd.o(RESET) refers to startup_stm32f10x_hd.o(.text) for Reset_Handler
    startup_stm32f10x_hd.o(RESET) refers to stm32f10x_it.o(.text) for NMI_Handler
    startup_stm32f10x_hd.o(.text) refers to system_stm32f10x.o(.text) for SystemInit
    startup_stm32f10x_hd.o(.text) refers to entry.o(.ARM.Collect$$$$00000000) for __main
    main.o(.text) refers to stm32f10x_usart.o(.text) for USART_SendData
    main.o(.text) refers to test.o(.text) for Power_Process
    main.o(.text) refers to disp.o(.text) for Disp_Clr
    main.o(.text) refers to debug.o(.text) for Debug_Process
    main.o(.text) refers to pbdata.o(.data) for SystemStatus
    pbdata.o(.text) refers to stm32f10x_rcc.o(.text) for RCC_DeInit
    pbdata.o(.text) refers to pbdata.o(.data) for SoftTimer
    stm32f10x_it.o(.text) refers to stm32f10x_usart.o(.text) for USART_GetITStatus
    stm32f10x_it.o(.text) refers to stm32f10x_tim.o(.text) for TIM_ClearITPendingBit
    stm32f10x_it.o(.text) refers to keyboard.o(.text) for Key_Scan
    stm32f10x_it.o(.text) refers to beep.o(.text) for Beep_Work
    stm32f10x_it.o(.text) refers to stm32f10x_gpio.o(.text) for GPIO_ReadInputDataBit
    stm32f10x_it.o(.text) refers to stm32f10x_exti.o(.text) for EXTI_ClearITPendingBit
    stm32f10x_it.o(.text) refers to pbdata.o(.text) for delay_ms
    stm32f10x_it.o(.text) refers to uart.o(.bss) for ComBuf
    stm32f10x_it.o(.text) refers to pbdata.o(.data) for SystemStatus
    stm32f10x_it.o(.text) refers to stm32f10x_it.o(.data) for num
    stm32f10x_it.o(.text) refers to pbdata.o(.bss) for Test_value
    stm32f10x_it.o(.text) refers to time.o(.data) for disp_time
    user.o(.text) refers to lcd2002.o(.text) for Lcd_SetAddr
    user.o(.text) refers to disp.o(.text) for Disp_Str
    user.o(.text) refers to lcd2002.o(.data) for LcdAddr
    user.o(.text) refers to pbdata.o(.bss) for SaveData
    user.o(.text) refers to user.o(.constdata) for I_TEST_DISP
    user.o(.text) refers to pbdata.o(.data) for SystemMessage
    user.o(.text) refers to disp.o(.data) for DispBuf
    user.o(.text) refers to pbdata.o(.text) for delay_ms
    user.o(.text) refers to strlen.o(.text) for strlen
    user.o(.text) refers to keyboard.o(.text) for Key_Read_WithTimeOut
    user.o(.text) refers to beep.o(.text) for Beep_Two
    user.o(.text) refers to gpio.o(.data) for IC42_574buff
    user.o(.text) refers to cfcmple.o(.text) for __aeabi_cfcmple
    user.o(.text) refers to f2d.o(.text) for __aeabi_f2d
    user.o(.text) refers to dmul.o(.text) for __aeabi_dmul
    user.o(.text) refers to d2f.o(.text) for __aeabi_d2f
    user.o(.text) refers to keyboard.o(.data) for Keyboard
    user.o(.text) refers to cdcmple.o(.text) for __aeabi_cdcmple
    user.o(.text) refers to cdrcmple.o(.text) for __aeabi_cdrcmple
    user.o(.text) refers to ddiv.o(.text) for __aeabi_ddiv
    user.o(.text) refers to fdiv.o(.text) for __aeabi_fdiv
    user.o(.text) refers to dfixui.o(.text) for __aeabi_d2uiz
    user.o(.text) refers to cfrcmple.o(.text) for __aeabi_cfrcmple
    user.o(.text) refers to fadd.o(.text) for __aeabi_fadd
    user.o(.text) refers to ffltui.o(.text) for __aeabi_ui2f
    user.o(.text) refers to fmul.o(.text) for __aeabi_fmul
    user.o(.text) refers to flash_eerom.o(.text) for ReadSetByGroup
    user.o(.text) refers to dma.o(.text) for MYDMA_Config
    test.o(.text) refers to hardware.o(.text) for Hardware_Init
    test.o(.text) refers to stm32f10x_tim.o(.text) for TIM_Cmd
    test.o(.text) refers to user.o(.text) for InitGlobalValue
    test.o(.text) refers to flash_eerom.o(.text) for ReadGroup
    test.o(.text) refers to beep.o(.text) for Beep_Long
    test.o(.text) refers to keyboard.o(.text) for Key_Read_WithTimeOut
    test.o(.text) refers to memseta.o(.text) for __aeabi_memclr4
    test.o(.text) refers to memcpya.o(.text) for __aeabi_memcpy
    test.o(.text) refers to memcmp.o(.text) for memcmp
    test.o(.text) refers to strcat.o(.text) for strcat
    test.o(.text) refers to stm32f10x_usart.o(.text) for USART_SendData
    test.o(.text) refers to pbdata.o(.bss) for SaveData
    test.o(.text) refers to pbdata.o(.data) for MenuIndex
    test.o(.text) refers to uart.o(.bss) for ComBuf
    test.o(.text) refers to test.o(.bss) for sendbuff
    test.o(.text) refers to disp.o(.text) for Disp_Clr
    test.o(.text) refers to pbdata.o(.text) for delay_ms
    test.o(.text) refers to lcd2002.o(.data) for LcdAddr
    test.o(.text) refers to gpio.o(.text) for Led_Test_On
    test.o(.text) refers to disp.o(.data) for DispBuf
    test.o(.text) refers to test.o(.constdata) for IR_Range_dot
    dma.o(.text) refers to stm32f10x_rcc.o(.text) for RCC_AHBPeriphClockCmd
    dma.o(.text) refers to stm32f10x_dma.o(.text) for DMA_DeInit
[...]
    ../clib/microlib/init/entry.s            0x00000000   Number         0  entry.o ABSOLUTE
    ../clib/microlib/init/entry.s            0x00000000   Number         0  entry7b.o ABSOLUTE
    ../clib/microlib/init/entry.s            0x00000000   Number         0  entry7a.o ABSOLUTE
    ../clib/microlib/init/entry.s            0x00000000   Number         0  entry5.o ABSOLUTE
    ../clib/microlib/init/entry.s            0x00000000   Number         0  entry11b.o ABSOLUTE
    ../clib/microlib/init/entry.s            0x00000000   Number         0  entry11a.o ABSOLUTE
    ../clib/microlib/init/entry.s            0x00000000   Number         0  entry9a.o ABSOLUTE
    ../clib/microlib/init/entry.s            0x00000000   Number         0  entry10b.o ABSOLUTE
    ../clib/microlib/init/entry.s            0x00000000   Number         0  entry10a.o ABSOLUTE
    ../clib/microlib/init/entry.s            0x00000000   Number         0  entry2.o ABSOLUTE
    ../clib/microlib/init/entry.s            0x00000000   Number         0  entry8b.o ABSOLUTE
    ../clib/microlib/longlong.c              0x00000000   Number         0  llushr.o ABSOLUTE
    ../clib/microlib/longlong.c              0x00000000   Number         0  llshl.o ABSOLUTE
    ../clib/microlib/string/memcmp.c         0x00000000   Number         0  memcmp.o ABSOLUTE
    ../clib/microlib/string/memcpy.c         0x00000000   Number         0  memcpyb.o ABSOLUTE
    ../clib/microlib/string/memcpy.c         0x00000000   Number         0  memcpya.o ABSOLUTE
    ../clib/microlib/string/memset.c         0x00000000   Number         0  memseta.o ABSOLUTE
    ../clib/microlib/string/strcat.c         0x00000000   Number         0  strcat.o ABSOLUTE
    ../clib/microlib/string/strlen.c         0x00000000   Number         0  strlen.o ABSOLUTE
    ../clib/microlib/stubs.s                 0x00000000   Number         0  iusefp.o ABSOLUTE
    ../fplib/microlib/d2f.c                  0x00000000   Number         0  d2f.o ABSOLUTE
    ../fplib/microlib/f2d.c                  0x00000000   Number         0  f2d.o ABSOLUTE
    ../fplib/microlib/fpadd.c                0x00000000   Number         0  fadd.o ABSOLUTE
    ../fplib/microlib/fpdiv.c                0x00000000   Number         0  fdiv.o ABSOLUTE
    ../fplib/microlib/fpdiv.c                0x00000000   Number         0  ddiv.o ABSOLUTE
    ../fplib/microlib/fpepilogue.c           0x00000000   Number         0  depilogue.o ABSOLUTE
    ../fplib/microlib/fpepilogue.c           0x00000000   Number         0  fepilogue.o ABSOLUTE
    ../fplib/microlib/fpfix.c                0x00000000   Number         0  ffixui.o ABSOLUTE
    ../fplib/microlib/fpfix.c                0x00000000   Number         0  dfixui.o ABSOLUTE
    ../fplib/microlib/fpflt.c                0x00000000   Number         0  ffltui.o ABSOLUTE
    ../fplib/microlib/fpmul.c                0x00000000   Number         0  fmul.o ABSOLUTE
    ../fplib/microlib/fpmul.c                0x00000000   Number         0  dmul.o ABSOLUTE
    ASM\startup_stm32f10x_hd.s               0x00000000   Number         0  startup_stm32f10x_hd.o ABSOLUTE
    HARDWARE\24C256.C                        0x00000000   Number         0  24c256.o ABSOLUTE
    HARDWARE\ADC.C                           0x00000000   Number         0  adc.o ABSOLUTE
    HARDWARE\Beep.c                          0x00000000   Number         0  beep.o ABSOLUTE
    HARDWARE\DAC.C                           0x00000000   Number         0  dac.o ABSOLUTE
    HARDWARE\Disp.c                          0x00000000   Number         0  disp.o ABSOLUTE
    HARDWARE\GPIO.C                          0x00000000   Number         0  gpio.o ABSOLUTE
    HARDWARE\Hardware.c                      0x00000000   Number         0  hardware.o ABSOLUTE
    HARDWARE\Lcd2002.c                       0x00000000   Number         0  lcd2002.o ABSOLUTE
    HARDWARE\TIME.C                          0x00000000   Number         0  time.o ABSOLUTE
    HARDWARE\UART.C                          0x00000000   Number         0  uart.o ABSOLUTE
    HARDWARE\dma.c                           0x00000000   Number         0  dma.o ABSOLUTE
    HARDWARE\exti.c                          0x00000000   Number         0  exti.o ABSOLUTE
    HARDWARE\flash_eerom.c                   0x00000000   Number         0  flash_eerom.o ABSOLUTE
    HARDWARE\myiic.c                         0x00000000   Number         0  myiic.o ABSOLUTE
    Lib\SRC\misc.c                           0x00000000   Number         0  misc.o ABSOLUTE
    Lib\SRC\stm32f10x_adc.c                  0x00000000   Number         0  stm32f10x_adc.o ABSOLUTE
    Lib\SRC\stm32f10x_dac.c                  0x00000000   Number         0  stm32f10x_dac.o ABSOLUTE
    Lib\SRC\stm32f10x_dma.c                  0x00000000   Number         0  stm32f10x_dma.o ABSOLUTE
    Lib\SRC\stm32f10x_exti.c                 0x00000000   Number         0  stm32f10x_exti.o ABSOLUTE
    Lib\SRC\stm32f10x_flash.c                0x00000000   Number         0  stm32f10x_flash.o ABSOLUTE
    Lib\SRC\stm32f10x_fsmc.c                 0x00000000   Number         0  stm32f10x_fsmc.o ABSOLUTE
    Lib\SRC\stm32f10x_gpio.c                 0x00000000   Number         0  stm32f10x_gpio.o ABSOLUTE
    Lib\SRC\stm32f10x_i2c.c                  0x00000000   Number         0  stm32f10x_i2c.o ABSOLUTE
    Lib\SRC\stm32f10x_rcc.c                  0x00000000   Number         0  stm32f10x_rcc.o ABSOLUTE
    Lib\SRC\stm32f10x_tim.c                  0x00000000   Number         0  stm32f10x_tim.o ABSOLUTE
    Lib\SRC\stm32f10x_usart.c                0x00000000   Number         0  stm32f10x_usart.o ABSOLUTE
    System\\core_cm3.c                       0x00000000   Number         0  core_cm3.o ABSOLUTE
    System\core_cm3.c                        0x00000000   Number         0  core_cm3.o ABSOLUTE
    System\sys.c                             0x00000000   Number         0  sys.o ABSOLUTE
    System\system_stm32f10x.c                0x00000000   Number         0  system_stm32f10x.o ABSOLUTE
    USR\Debug.c                              0x00000000   Number         0  debug.o ABSOLUTE
    USR\main.c                               0x00000000   Number         0  main.o ABSOLUTE
    USR\pbdata.c                             0x00000000   Number         0  pbdata.o ABSOLUTE
    USR\stm32f10x_it.c                       0x00000000   Number         0  stm32f10x_it.o ABSOLUTE
    USR\test.c                               0x00000000   Number         0  test.o ABSOLUTE
    USR\user.c                               0x00000000   Number         0  user.o ABSOLUTE
    cdcmple.s                                0x00000000   Number         0  cdcmple.o ABSOLUTE
    cdrcmple.s                               0x00000000   Number         0  cdrcmple.o ABSOLUTE
    cfcmple.s                                0x00000000   Number         0  cfcmple.o ABSOLUTE
    cfrcmple.s                               0x00000000   Number         0  cfrcmple.o ABSOLUTE
    dc.s                                     0x00000000   Number         0  dc.o ABSOLUTE
    handlers.s                               0x00000000   Number         0  handlers.o ABSOLUTE
    init.s                                   0x00000000   Number         0  init.o ABSOLUTE
    keyboard.c                               0x00000000   Number         0  keyboard.o ABSOLUTE
    RESET                                    0x08000000   Section      304  startup_stm32f10x_hd.o(RESET)
    .ARM.Collect$$$$00000000                 0x08000130   Section        0  entry.o(.ARM.Collect$$$$00000000)
    .ARM.Collect$$$$00000001                 0x08000130   Section        4  entry2.o(.ARM.Collect$$$$00000001)
    .ARM.Collect$$$$00000004                 0x08000134   Section        4  entry5.o(.ARM.Collect$$$$00000004)
    .ARM.Collect$$$$00000008                 0x08000138   Section        0  entry7b.o(.ARM.Collect$$$$00000008)
    .ARM.Collect$$$$0000000A                 0x08000138   Section        0  entry8b.o(.ARM.Collect$$$$0000000A)
    .ARM.Collect$$$$0000000B                 0x08000138   Section        8  entry9a.o(.ARM.Collect$$$$0000000B)
    .ARM.Collect$$$$0000000D                 0x08000140   Section        0  entry10a.o(.ARM.Collect$$$$0000000D)
    .ARM.Collect$$$$0000000F                 0x08000140   Section        0  entry11a.o(.ARM.Collect$$$$0000000F)
    .ARM.Collect$$$$00002712                 0x08000140   Section        4  entry2.o(.ARM.Collect$$$$00002712)
    __lit__00000000                          0x08000140   Data           4  entry2.o(.ARM.Collect$$$$00002712)
    .text                                    0x08000144   Section       36  startup_stm32f10x_hd.o(.text)
    .text                                    0x08000168   Section        0  main.o(.text)
    .text                                    0x0800020c   Section        0  pbdata.o(.text)
    .text                                    0x080002f8   Section        0  stm32f10x_it.o(.text)
    .text                                    0x0800052c   Section        0  user.o(.text)
    .text                                    0x080022b8   Section        0  test.o(.text)
    .text                                    0x080044b8   Section        0  dma.o(.text)
    .text                                    0x08004524   Section        0  debug.o(.text)
    .text                                    0x08004f08   Section        0  stm32f10x_gpio.o(.text)
    .text                                    0x08005264   Section        0  stm32f10x_rcc.o(.text)
    .text                                    0x08005610   Section        0  misc.o(.text)
    .text                                    0x080056ec   Section        0  stm32f10x_exti.o(.text)
    .text                                    0x08005808   Section        0  stm32f10x_tim.o(.text)
    TI4_Config                               0x08005caf   Thumb Code   130  stm32f10x_tim.o(.text)
    TI3_Config                               0x08005d43   Thumb Code   122  stm32f10x_tim.o(.text)
    TI2_Config                               0x08005dd7   Thumb Code   130  stm32f10x_tim.o(.text)
    TI1_Config                               0x08005e6b   Thumb Code   108  stm32f10x_tim.o(.text)
    .text                                    0x08006624   Section        0  stm32f10x_usart.o(.text)
    .text                                    0x08006a2c   Section        0  stm32f10x_dac.o(.text)
    .text                                    0x08006bb8   Section        0  stm32f10x_adc.o(.text)
    .text                                    0x08007008   Section        0  stm32f10x_dma.o(.text)
    .text                                    0x0800725c   Section        0  system_stm32f10x.o(.text)
    SetSysClockTo72                          0x0800725d   Thumb Code   214  system_stm32f10x.o(.text)
    SetSysClock                              0x08007333   Thumb Code     8  system_stm32f10x.o(.text)
    .text                                    0x08007444   Section        0  sys.o(.text)
    .text                                    0x08007484   Section        0  24c256.o(.text)
    .text                                    0x08007600   Section        0  adc.o(.text)
    .text                                    0x08007700   Section        0  dac.o(.text)
    .text                                    0x08007780   Section        0  gpio.o(.text)
    .text                                    0x080077ec   Section        0  time.o(.text)
    .text                                    0x08007870   Section        0  uart.o(.text)
    .text                                    0x0800795c   Section        0  keyboard.o(.text)
    .text                                    0x08007bbc   Section        0  lcd2002.o(.text)
    .text                                    0x08007d2c   Section        0  disp.o(.text)
    .text                                    0x08007d88   Section        0  flash_eerom.o(.text)
    .text                                    0x08007e10   Section        0  hardware.o(.text)
    .text                                    0x080081cc   Section        0  beep.o(.text)
    Beep_Update                              0x0800823d   Thumb Code    40  beep.o(.text)
    .text                                    0x0800829c   Section        0  myiic.o(.text)
    .text                                    0x08008508   Section        0  exti.o(.text)
    .text                                    0x080085ac   Section        0  memcpya.o(.text)
    .text                                    0x080085d0   Section        0  memseta.o(.text)
    .text                                    0x080085f4   Section        0  strcat.o(.text)
    .text                                    0x0800860c   Section        0  strlen.o(.text)
    .text                                    0x0800861a   Section        0  memcmp.o(.text)
    .text                                    0x08008634   Section        0  fadd.o(.text)
    .text                                    0x080086e4   Section        0  fmul.o(.text)
    .text                                    0x08008748   Section        0  fdiv.o(.text)
    .text                                    0x080087c4   Section        0  dmul.o(.text)
    .text                                    0x080088a8   Section        0  ddiv.o(.text)
    .text                                    0x08008986   Section        0  ffltui.o(.text)
    .text                                    0x08008990   Section        0  ffixui.o(.text)
    .text                                    0x080089b8   Section        0  dfixui.o(.text)
    .text                                    0x080089ea   Section        0  f2d.o(.text)
    .text                                    0x08008a10   Section       48  cdcmple.o(.text)
    .text                                    0x08008a40   Section       48  cdrcmple.o(.text)
    .text                                    0x08008a70   Section        0  d2f.o(.text)
    .text                                    0x08008aa8   Section       20  cfcmple.o(.text)
    .text                                    0x08008abc   Section       20  cfrcmple.o(.text)
    .text                                    0x08008ad0   Section        0  llushr.o(.text)
    .text                                    0x08008af0   Section        0  fepilogue.o(.text)
    .text                                    0x08008af0   Section        0  iusefp.o(.text)
    .text                                    0x08008b5e   Section        0  depilogue.o(.text)
    .text                                    0x08008c18   Section       36  init.o(.text)
    .text                                    0x08008c3c   Section        0  llshl.o(.text)
    i.__scatterload_copy                     0x08008c5a   Section       14  handlers.o(i.__scatterload_copy)
    i.__scatterload_null                     0x08008c68   Section        2  handlers.o(i.__scatterload_null)
    i.__scatterload_zeroinit                 0x08008c6a   Section       14  handlers.o(i.__scatterload_zeroinit)
    .constdata                               0x08008c78   Section     2278  user.o(.constdata)
    .constdata                               0x0800955e   Section        5  test.o(.constdata)
    .constdata                               0x08009564   Section      638  debug.o(.constdata)
    .constdata                               0x080097e2   Section        5  lcd2002.o(.constdata)
    .constdata                               0x080097e8   Section       20  hardware.o(.constdata)
    .data                                    0x20000000   Section       60  pbdata.o(.data)
    .data                                    0x2000003c   Section        1  stm32f10x_it.o(.data)
    num                                      0x2000003c   Data           1  stm32f10x_it.o(.data)
    .data                                    0x2000003e   Section        2  dma.o(.data)
    .data                                    0x20000040   Section       20  stm32f10x_rcc.o(.data)
    APBAHBPrescTable                         0x20000040   Data          16  stm32f10x_rcc.o(.data)
    ADCPrescTable                            0x20000050   Data           4  stm32f10x_rcc.o(.data)
    .data                                    0x20000054   Section       20  system_stm32f10x.o(.data)
    .data                                    0x20000068   Section        2  gpio.o(.data)
    .data                                    0x2000006c   Section        4  time.o(.data)
    .data                                    0x20000070   Section        6  keyboard.o(.data)
    LastKeyVal                               0x20000073   Data           1  keyboard.o(.data)
    LastKeyTicks                             0x20000074   Data           1  keyboard.o(.data)
    ContinueKeyTicks                         0x20000075   Data           1  keyboard.o(.data)
    .data                                    0x20000076   Section        2  lcd2002.o(.data)
    .data                                    0x20000078   Section        8  disp.o(.data)
    .data                                    0x20000080   Section        5  beep.o(.data)
    gtickon                                  0x20000080   Data           1  beep.o(.data)
    gtickoff                                 0x20000081   Data           1  beep.o(.data)
    Beep                                     0x20000082   Data           3  beep.o(.data)
    .bss                                     0x20000088   Section      310  pbdata.o(.bss)
    .bss                                     0x200001be   Section       20  test.o(.bss)
    .bss                                     0x200001d4   Section       44  dma.o(.bss)
    .bss                                     0x20000200   Section       55  uart.o(.bss)
    STACK                                    0x20000238   Section     1024  startup_stm32f10x_hd.o(STACK)

    Global Symbols

    Symbol Name                              Value     Ov Type        Size  Object(Section)

    BuildAttributes$$THM_ISAv4$P$D$K$B$S$PE$A:L22UL41UL21$X:L11$S22US41US21$IEEE1$IW$USESV6$~STKCKD$USESV7$~SHL$OTIME$ROPI$EBA8$MICROLIB$REQ8$PRES8$EABIv2 0x00000000   Number         0  anon$$obj.o ABSOLUTE
    __ARM_use_no_argv                        0x00000000   Number         0  main.o ABSOLUTE
    __cpp_initialize__aeabi_                  - Undefined Weak Reference
    __cxa_finalize                            - Undefined Weak Reference
    __decompress                              - Undefined Weak Reference
    _clock_init                               - Undefined Weak Reference
    _microlib_exit                            - Undefined Weak Reference
    __Vectors_Size                           0x00000130   Number         0  startup_stm32f10x_hd.o ABSOLUTE
    __Vectors                                0x08000000   Data           4  startup_stm32f10x_hd.o(RESET)
    __Vectors_End                            0x08000130   Data           0  startup_stm32f10x_hd.o(RESET)
    __main                                   0x08000131   Thumb Code     0  entry.o(.ARM.Collect$$$$00000000)
    _main_stk                                0x08000131   Thumb Code     0  entry2.o(.ARM.Collect$$$$00000001)
    _main_scatterload                        0x08000135   Thumb Code     0  entry5.o(.ARM.Collect$$$$00000004)
    __main_after_scatterload                 0x08000139   Thumb Code     0  entry5.o(.ARM.Collect$$$$00000004)
    _main_clock                              0x08000139   Thumb Code     0  entry7b.o(.ARM.Collect$$$$00000008)
    _main_cpp_init                           0x08000139   Thumb Code     0  entry8b.o(.ARM.Collect$$$$0000000A)
    _main_init                               0x08000139   Thumb Code     0  entry9a.o(.ARM.Collect$$$$0000000B)
    __rt_final_cpp                           0x08000141   Thumb Code     0  entry10a.o(.ARM.Collect$$$$0000000D)
    __rt_final_exit                          0x08000141   Thumb Code     0  entry11a.o(.ARM.Collect$$$$0000000F)
    Reset_Handler                            0x08000145   Thumb Code     8  startup_stm32f10x_hd.o(.text)
    ADC1_2_IRQHandler                        0x0800015f   Thumb Code     0  startup_stm32f10x_hd.o(.text)
    ADC3_IRQHandler                          0x0800015f   Thumb Code     0  startup_stm32f10x_hd.o(.text)
    CAN1_RX1_IRQHandler                      0x0800015f   Thumb Code     0  startup_stm32f10x_hd.o(.text)
    CAN1_SCE_IRQHandler                      0x0800015f   Thumb Code     0  startup_stm32f10x_hd.o(.text)
    DMA1_Channel1_IRQHandler                 0x0800015f   Thumb Code     0  startup_stm32f10x_hd.o(.text)
    DMA1_Channel2_IRQHandler                 0x0800015f   Thumb Code     0  startup_stm32f10x_hd.o(.text)
    DMA1_Channel3_IRQHandler                 0x0800015f   Thumb Code     0  startup_stm32f10x_hd.o(.text)
    DMA1_Channel4_IRQHandler                 0x0800015f   Thumb Code     0  startup_stm32f10x_hd.o(.text)
    DMA1_Channel5_IRQHandler                 0x0800015f   Thumb Code     0  startup_stm32f10x_hd.o(.text)
    DMA1_Channel6_IRQHandler                 0x0800015f   Thumb Code     0  startup_stm32f10x_hd.o(.text)
    DMA1_Channel7_IRQHandler                 0x0800015f   Thumb Code     0  startup_stm32f10x_hd.o(.text)
    DMA2_Channel1_IRQHandler                 0x0800015f   Thumb Code     0  startup_stm32f10x_hd.o(.text)
    DMA2_Channel2_IRQHandler                 0x0800015f   Thumb Code     0  startup_stm32f10x_hd.o(.text)
    DMA2_Channel3_IRQHandler                 0x0800015f   Thumb Code     0  startup_stm32f10x_hd.o(.text)
    DMA2_Channel4_5_IRQHandler               0x0800015f   Thumb Code     0  startup_stm32f10x_hd.o(.text)
    EXTI15_10_IRQHandler                     0x0800015f   Thumb Code     0  startup_stm32f10x_hd.o(.text)
    EXTI4_IRQHandler                         0x0800015f   Thumb Code     0  startup_stm32f10x_hd.o(.text)
    FLASH_IRQHandler                         0x0800015f   Thumb Code     0  startup_stm32f10x_hd.o(.text)
    FSMC_IRQHandler                          0x0800015f   Thumb Code     0  startup_stm32f10x_hd.o(.text)
    I2C1_ER_IRQHandler                       0x0800015f   Thumb Code     0  startup_stm32f10x_hd.o(.text)
    I2C1_EV_IRQHandler                       0x0800015f   Thumb Code     0  startup_stm32f10x_hd.o(.text)
    I2C2_ER_IRQHandler                       0x0800015f   Thumb Code     0  startup_stm32f10x_hd.o(.text)
    I2C2_EV_IRQHandler                       0x0800015f   Thumb Code     0  startup_stm32f10x_hd.o(.text)
    PVD_IRQHandler                           0x0800015f   Thumb Code     0  startup_stm32f10x_hd.o(.text)
    RCC_IRQHandler                           0x0800015f   Thumb Code     0  startup_stm32f10x_hd.o(.text)
    RTCAlarm_IRQHandler                      0x0800015f   Thumb Code     0  startup_stm32f10x_hd.o(.text)
    RTC_IRQHandler                           0x0800015f   Thumb Code     0  startup_stm32f10x_hd.o(.text)
    SDIO_IRQHandler                          0x0800015f   Thumb Code     0  startup_stm32f10x_hd.o(.text)
    SPI1_IRQHandler                          0x0800015f   Thumb Code     0  startup_stm32f10x_hd.o(.text)
    SPI2_IRQHandler                          0x0800015f   Thumb Code     0  startup_stm32f10x_hd.o(.text)
    SPI3_IRQHandler                          0x0800015f   Thumb Code     0  startup_stm32f10x_hd.o(.text)
    TAMPER_IRQHandler                        0x0800015f   Thumb Code     0  startup_stm32f10x_hd.o(.text)
    TIM1_BRK_IRQHandler                      0x0800015f   Thumb Code     0  startup_stm32f10x_hd.o(.text)
    TIM1_CC_IRQHandler                       0x0800015f   Thumb Code     0  startup_stm32f10x_hd.o(.text)
    TIM1_TRG_COM_IRQHandler                  0x0800015f   Thumb Code     0  startup_stm32f10x_hd.o(.text)
    TIM1_UP_IRQHandler                       0x0800015f   Thumb Code     0  startup_stm32f10x_hd.o(.text)
    TIM2_IRQHandler                          0x0800015f   Thumb Code     0  startup_stm32f10x_hd.o(.text)
    TIM4_IRQHandler                          0x0800015f   Thumb Code     0  startup_stm32f10x_hd.o(.text)
    TIM5_IRQHandler                          0x0800015f   Thumb Code     0  startup_stm32f10x_hd.o(.text)
    TIM6_IRQHandler                          0x0800015f   Thumb Code     0  startup_stm32f10x_hd.o(.text)
    TIM7_IRQHandler                          0x0800015f   Thumb Code     0  startup_stm32f10x_hd.o(.text)
    TIM8_BRK_IRQHandler                      0x0800015f   Thumb Code     0  startup_stm32f10x_hd.o(.text)
    TIM8_CC_IRQHandler                       0x0800015f   Thumb Code     0  startup_stm32f10x_hd.o(.text)
    TIM8_TRG_COM_IRQHandler                  0x0800015f   Thumb Code     0  startup_stm32f10x_hd.o(.text)
    TIM8_UP_IRQHandler                       0x0800015f   Thumb Code     0  startup_stm32f10x_hd.o(.text)
    UART4_IRQHandler                         0x0800015f   Thumb Code     0  startup_stm32f10x_hd.o(.text)
    UART5_IRQHandler                         0x0800015f   Thumb Code     0  startup_stm32f10x_hd.o(.text)
    USART2_IRQHandler                        0x0800015f   Thumb Code     0  startup_stm32f10x_hd.o(.text)
    USART3_IRQHandler                        0x0800015f   Thumb Code     0  startup_stm32f10x_hd.o(.text)
    USBWakeUp_IRQHandler                     0x0800015f   Thumb Code     0  startup_stm32f10x_hd.o(.text)
    USB_HP_CAN1_TX_IRQHandler                0x0800015f   Thumb Code     0  startup_stm32f10x_hd.o(.text)
    USB_LP_CAN1_RX0_IRQHandler               0x0800015f   Thumb Code     0  startup_stm32f10x_hd.o(.text)
    WWDG_IRQHandler                          0x0800015f   Thumb Code     0  startup_stm32f10x_hd.o(.text)
    fputc                                    0x08000169   Thumb Code    32  main.o(.text)
    main                                     0x08000189   Thumb Code   120  main.o(.text)
    RCC_HSE_Configuration                    0x0800020d   Thumb Code    90  pbdata.o(.text)
    delay                                    0x08000267   Thumb Code    10  pbdata.o(.text)
    delay_us                                 0x08000271   Thumb Code    54  pbdata.o(.text)
    delay_ms                                 0x080002a7   Thumb Code    56  pbdata.o(.text)
    SetSoftTimer                             0x080002df   Thumb Code     6  pbdata.o(.text)
    GetSoftTimerOut                          0x080002e5   Thumb Code    16  pbdata.o(.text)
    NMI_Handler                              0x080002f9   Thumb Code     2  stm32f10x_it.o(.text)
    USART1_IRQHandler                        0x080002fb   Thumb Code   194  stm32f10x_it.o(.text)
    HardFault_Handler                        0x080003bd   Thumb Code     4  stm32f10x_it.o(.text)
    MemManage_Handler                        0x080003c1   Thumb Code     4  stm32f10x_it.o(.text)
    BusFault_Handler                         0x080003c5   Thumb Code     4  stm32f10x_it.o(.text)
    UsageFault_Handler                       0x080003c9   Thumb Code     4  stm32f10x_it.o(.text)
    SVC_Handler                              0x080003cd   Thumb Code     2  stm32f10x_it.o(.text)
    DebugMon_Handler                         0x080003cf   Thumb Code     2  stm32f10x_it.o(.text)
    PendSV_Handler                           0x080003d1   Thumb Code     2  stm32f10x_it.o(.text)
    SysTick_Handler                          0x080003d3   Thumb Code     2  stm32f10x_it.o(.text)
    TIM3_IRQHandler                          0x080003d5   Thumb Code   134  stm32f10x_it.o(.text)
    EXTI9_5_IRQHandler                       0x0800045b   Thumb Code     2  stm32f10x_it.o(.text)
    EXTI0_IRQHandler                         0x0800045d   Thumb Code    26  stm32f10x_it.o(.text)
    EXTI1_IRQHandler                         0x08000477   Thumb Code    32  stm32f10x_it.o(.text)
    EXTI2_IRQHandler                         0x08000497   Thumb Code    46  stm32f10x_it.o(.text)
    EXTI3_IRQHandler                         0x080004c5   Thumb Code    48  stm32f10x_it.o(.text)
    Disp_TestMessage                         0x0800052d   Thumb Code   470  user.o(.text)
    InitGlobalValue                          0x08000703   Thumb Code    28  user.o(.text)
    Parameter_valuecomp                      0x0800071f   Thumb Code    44  user.o(.text)
    Hex_Format                               0x0800074b   Thumb Code   196  user.o(.text)
    Disp_Product_Model                       0x0800080f   Thumb Code    10  user.o(.text)
    Disp_Software_Version                    0x08000819   Thumb Code    12  user.o(.text)
    Disp_Compile_Date                        0x08000825   Thumb Code    10  user.o(.text)
    Disp_PowerOn_Menu                        0x0800082f   Thumb Code    38  user.o(.text)
    Disp_SysMessage                          0x08000855   Thumb Code    20  user.o(.text)
    Disp_Idle_Menu                           0x08000869   Thumb Code   484  user.o(.text)
    Range_Control                            0x08000a4d   Thumb Code   100  user.o(.text)
    Disp_Setup_Menu                          0x08000ab1   Thumb Code    58  user.o(.text)
    ListBox_Setup                            0x08000aeb   Thumb Code   210  user.o(.text)
    Disp_Parameter_Menu                      0x08000bbd   Thumb Code    46  user.o(.text)
    Disp_System_Value                        0x08000beb   Thumb Code   136  user.o(.text)
    Disp_System_Menu                         0x08000c73   Thumb Code   564  user.o(.text)
    Number_Setup                             0x08000ea7   Thumb Code   554  user.o(.text)
    Range_Changecomp                         0x080010d1   Thumb Code   210  user.o(.text)
    DispF                                    0x080011a3   Thumb Code  2762  user.o(.text)
    Get_FFT                                  0x08001c6d   Thumb Code   162  user.o(.text)
    Get_Res                                  0x08001d0f   Thumb Code    40  user.o(.text)
    Test_Debug                               0x08001d37   Thumb Code    48  user.o(.text)
    Step_Setup                               0x08001d67   Thumb Code  1130  user.o(.text)
    Comp_test                                0x080021d1   Thumb Code     2  user.o(.text)
    Da_out                                   0x080021d3   Thumb Code     8  user.o(.text)
    Dma_Int                                  0x080021db   Thumb Code    24  user.o(.text)
    jisuandianzu                             0x080021f3   Thumb Code    32  user.o(.text)
    HextoBCD                                 0x08002213   Thumb Code    28  user.o(.text)
    BCDtoHex                                 0x0800222f   Thumb Code    54  user.o(.text)
    BCDtoHex1                                0x08002265   Thumb Code    40  user.o(.text)
    Power_Process                            0x080022b9   Thumb Code   210  test.o(.text)
    Uart_Process                             0x0800238b   Thumb Code  1076  test.o(.text)
    Idle_Process                             0x080027bf   Thumb Code   302  test.o(.text)
    Setup_Process                            0x080028ed   Thumb Code     8  test.o(.text)
    Start_Process                            0x080028f5   Thumb Code    54  test.o(.text)
    Output_Off                               0x0800292b   Thumb Code    30  test.o(.text)
    Test_Init                                0x08002949   Thumb Code  1242  test.o(.text)
    Get_Result                               0x08002e23   Thumb Code  1270  test.o(.text)
    Ad_Filter                                0x08003319   Thumb Code   288  test.o(.text)
    Read_Ad                                  0x08003439   Thumb Code    72  test.o(.text)
    Test_Process                             0x08003481   Thumb Code  3454  test.o(.text)
    TestPause_Process                        0x080041ff   Thumb Code   372  test.o(.text)
    TestFinish_Process                       0x08004373   Thumb Code   168  test.o(.text)
    Reset_Process                            0x0800441b   Thumb Code    28  test.o(.text)
    Error_Process                            0x08004437   Thumb Code   122  test.o(.text)
    MYDMA_Config                             0x080044b9   Thumb Code    84  dma.o(.text)
    MYDMA_Enable                             0x0800450d   Thumb Code    14  dma.o(.text)
    Disp_Debug_Menu                          0x08004525   Thumb Code    68  debug.o(.text)
    CalTest_Process                          0x08004569   Thumb Code  1212  debug.o(.text)
    Res_Calibrate                            0x08004a25   Thumb Code   848  debug.o(.text)
    Debug_Process                            0x08004d75   Thumb Code   212  debug.o(.text)
    Default_Calibrate                        0x08004e49   Thumb Code   114  debug.o(.text)
    GPIO_DeInit                              0x08004f09   Thumb Code   172  stm32f10x_gpio.o(.text)
    GPIO_AFIODeInit                          0x08004fb5   Thumb Code    20  stm32f10x_gpio.o(.text)
    GPIO_Init                                0x08004fc9   Thumb Code   278  stm32f10x_gpio.o(.text)
    GPIO_StructInit                          0x080050df   Thumb Code    16  stm32f10x_gpio.o(.text)
    GPIO_ReadInputDataBit                    0x080050ef   Thumb Code    18  stm32f10x_gpio.o(.text)
    GPIO_ReadInputData                       0x08005101   Thumb Code     8  stm32f10x_gpio.o(.text)
    GPIO_ReadOutputDataBit                   0x08005109   Thumb Code    18  stm32f10x_gpio.o(.text)
    GPIO_ReadOutputData                      0x0800511b   Thumb Code     8  stm32f10x_gpio.o(.text)
    GPIO_SetBits                             0x08005123   Thumb Code     4  stm32f10x_gpio.o(.text)
    GPIO_ResetBits                           0x08005127   Thumb Code     4  stm32f10x_gpio.o(.text)
    GPIO_WriteBit                            0x0800512b   Thumb Code    10  stm32f10x_gpio.o(.text)
    GPIO_Write                               0x08005135   Thumb Code     4  stm32f10x_gpio.o(.text)
    GPIO_PinLockConfig                       0x08005139   Thumb Code    18  stm32f10x_gpio.o(.text)
    GPIO_EventOutputConfig                   0x0800514b   Thumb Code    26  stm32f10x_gpio.o(.text)
    GPIO_EventOutputCmd                      0x08005165   Thumb Code     6  stm32f10x_gpio.o(.text)
    GPIO_PinRemapConfig                      0x0800516b   Thumb Code   138  stm32f10x_gpio.o(.text)
    GPIO_EXTILineConfig                      0x080051f5   Thumb Code    66  stm32f10x_gpio.o(.text)
    GPIO_ETH_MediaInterfaceConfig            0x08005237   Thumb Code     8  stm32f10x_gpio.o(.text)
    RCC_DeInit                               0x08005265   Thumb Code    64  stm32f10x_rcc.o(.text)
    RCC_HSEConfig                            0x080052a5   Thumb Code    70  stm32f10x_rcc.o(.text)
    RCC_GetFlagStatus                        0x080052eb   Thumb Code    56  stm32f10x_rcc.o(.text)
    RCC_WaitForHSEStartUp                    0x08005323   Thumb Code    56  stm32f10x_rcc.o(.text)
    RCC_AdjustHSICalibrationValue            0x0800535b   Thumb Code    20  stm32f10x_rcc.o(.text)
    RCC_HSICmd                               0x0800536f   Thumb Code     6  stm32f10x_rcc.o(.text)
    RCC_PLLConfig                            0x08005375   Thumb Code    24  stm32f10x_rcc.o(.text)
    RCC_PLLCmd                               0x0800538d   Thumb Code     6  stm32f10x_rcc.o(.text)
    RCC_SYSCLKConfig                         0x08005393   Thumb Code    18  stm32f10x_rcc.o(.text)
    RCC_GetSYSCLKSource                      0x080053a5   Thumb Code    10  stm32f10x_rcc.o(.text)
    RCC_HCLKConfig                           0x080053af   Thumb Code    18  stm32f10x_rcc.o(.text)
    RCC_PCLK1Config                          0x080053c1   Thumb Code    18  stm32f10x_rcc.o(.text)
    RCC_PCLK2Config                          0x080053d3   Thumb Code    20  stm32f10x_rcc.o(.text)
    RCC_ITConfig                             0x080053e7   Thumb Code    26  stm32f10x_rcc.o(.text)
    RCC_USBCLKConfig                         0x08005401   Thumb Code     8  stm32f10x_rcc.o(.text)
    RCC_ADCCLKConfig                         0x08005409   Thumb Code    18  stm32f10x_rcc.o(.text)
    RCC_LSEConfig                            0x0800541b   Thumb Code    50  stm32f10x_rcc.o(.text)
    RCC_LSICmd                               0x0800544d   Thumb Code     6  stm32f10x_rcc.o(.text)
    RCC_RTCCLKConfig                         0x08005453   Thumb Code    12  stm32f10x_rcc.o(.text)
    RCC_RTCCLKCmd                            0x0800545f   Thumb Code     8  stm32f10x_rcc.o(.text)
    RCC_GetClocksFreq                        0x08005467   Thumb Code   192  stm32f10x_rcc.o(.text)
    RCC_AHBPeriphClockCmd                    0x08005527   Thumb Code    26  stm32f10x_rcc.o(.text)
    RCC_APB2PeriphClockCmd                   0x08005541   Thumb Code    26  stm32f10x_rcc.o(.text)
    RCC_APB1PeriphClockCmd                   0x0800555b   Thumb Code    26  stm32f10x_rcc.o(.text)
    RCC_APB2PeriphResetCmd                   0x08005575   Thumb Code    26  stm32f10x_rcc.o(.text)
    RCC_APB1PeriphResetCmd                   0x0800558f   Thumb Code    26  stm32f10x_rcc.o(.text)
    RCC_BackupResetCmd                       0x080055a9   Thumb Code     8  stm32f10x_rcc.o(.text)
    RCC_ClockSecuritySystemCmd               0x080055b1   Thumb Code     6  stm32f10x_rcc.o(.text)
    RCC_MCOConfig                            0x080055b7   Thumb Code     6  stm32f10x_rcc.o(.text)
    RCC_ClearFlag                            0x080055bd   Thumb Code    14  stm32f10x_rcc.o(.text)
    RCC_GetITStatus                          0x080055cb   Thumb Code    20  stm32f10x_rcc.o(.text)
    RCC_ClearITPendingBit                    0x080055df   Thumb Code     6  stm32f10x_rcc.o(.text)
    NVIC_PriorityGroupConfig                 0x08005611   Thumb Code    10  misc.o(.text)
    NVIC_Init                                0x0800561b   Thumb Code   100  misc.o(.text)
    NVIC_SetVectorTable                      0x0800567f   Thumb Code    14  misc.o(.text)
    NVIC_SystemLPConfig                      0x0800568d   Thumb Code    34  misc.o(.text)
    SysTick_CLKSourceConfig                  0x080056af   Thumb Code    40  misc.o(.text)
    EXTI_DeInit                              0x080056ed   Thumb Code    28  stm32f10x_exti.o(.text)
    EXTI_Init                                0x08005709   Thumb Code   142  stm32f10x_exti.o(.text)
    EXTI_StructInit                          0x08005797   Thumb Code    16  stm32f10x_exti.o(.text)
    EXTI_GenerateSWInterrupt                 0x080057a7   Thumb Code    16  stm32f10x_exti.o(.text)
    EXTI_GetFlagStatus                       0x080057b7   Thumb Code    22  stm32f10x_exti.o(.text)
    EXTI_ClearFlag                           0x080057cd   Thumb Code     8  stm32f10x_exti.o(.text)
    EXTI_GetITStatus                         0x080057d5   Thumb Code    34  stm32f10x_exti.o(.text)
    EXTI_ClearITPendingBit                   0x080057f7   Thumb Code     8  stm32f10x_exti.o(.text)
    TIM_DeInit                               0x08005809   Thumb Code   424  stm32f10x_tim.o(.text)
    TIM_TimeBaseInit                         0x080059b1   Thumb Code   122  stm32f10x_tim.o(.text)
    TIM_OC1Init                              0x08005a2b   Thumb Code   132  stm32f10x_tim.o(.text)
    TIM_OC2Init                              0x08005aaf   Thumb Code   154  stm32f10x_tim.o(.text)
    TIM_OC3Init                              0x08005b49   Thumb Code   150  stm32f10x_tim.o(.text)
    TIM_OC4Init                              0x08005bdf   Thumb Code   182  stm32f10x_tim.o(.text)
    TIM_SetIC4Prescaler                      0x08005c95   Thumb Code    26  stm32f10x_tim.o(.text)
    TIM_SetIC3Prescaler                      0x08005d31   Thumb Code    18  stm32f10x_tim.o(.text)
    TIM_SetIC2Prescaler                      0x08005dbd   Thumb Code    26  stm32f10x_tim.o(.text)
    TIM_SetIC1Prescaler                      0x08005e59   Thumb Code    18  stm32f10x_tim.o(.text)
    TIM_ICInit                               0x08005ed7   Thumb Code   150  stm32f10x_tim.o(.text)
    TIM_PWMIConfig                           0x08005f6d   Thumb Code   124  stm32f10x_tim.o(.text)
    TIM_BDTRConfig                           0x08005fe9   Thumb Code    32  stm32f10x_tim.o(.text)
    TIM_TimeBaseStructInit                   0x08006009   Thumb Code    18  stm32f10x_tim.o(.text)
    TIM_OCStructInit                         0x0800601b   Thumb Code    20  stm32f10x_tim.o(.text)
    TIM_ICStructInit                         0x0800602f   Thumb Code    18  stm32f10x_tim.o(.text)
    TIM_BDTRStructInit                       0x08006041   Thumb Code    40  stm32f10x_tim.o(.text)
    TIM_Cmd                                  0x08006069   Thumb Code    24  stm32f10x_tim.o(.text)
    TIM_CtrlPWMOutputs                       0x08006081   Thumb Code    30  stm32f10x_tim.o(.text)
    TIM_ITConfig                             0x0800609f   Thumb Code    18  stm32f10x_tim.o(.text)
    TIM_GenerateEvent                        0x080060b1   Thumb Code     4  stm32f10x_tim.o(.text)
    TIM_DMAConfig                            0x080060b5   Thumb Code    10  stm32f10x_tim.o(.text)
    TIM_DMACmd                               0x080060bf   Thumb Code    18  stm32f10x_tim.o(.text)
    TIM_InternalClockConfig                  0x080060d1   Thumb Code    12  stm32f10x_tim.o(.text)
    TIM_SelectInputTrigger                   0x080060dd   Thumb Code    18  stm32f10x_tim.o(.text)
    TIM_ITRxExternalClockConfig              0x080060ef   Thumb Code    24  stm32f10x_tim.o(.text)
    TIM_TIxExternalClockConfig               0x08006107   Thumb Code    62  stm32f10x_tim.o(.text)
    TIM_ETRConfig                            0x08006145   Thumb Code    28  stm32f10x_tim.o(.text)
    TIM_ETRClockMode1Config                  0x08006161   Thumb Code    54  stm32f10x_tim.o(.text)
    TIM_ETRClockMode2Config                  0x08006197   Thumb Code    32  stm32f10x_tim.o(.text)
    TIM_PrescalerConfig                      0x080061b7   Thumb Code     6  stm32f10x_tim.o(.text)
    TIM_CounterModeConfig                    0x080061bd   Thumb Code    18  stm32f10x_tim.o(.text)
    TIM_EncoderInterfaceConfig               0x080061cf   Thumb Code    66  stm32f10x_tim.o(.text)
    TIM_ForcedOC1Config                      0x08006211   Thumb Code    18  stm32f10x_tim.o(.text)
    TIM_ForcedOC2Config                      0x08006223   Thumb Code    26  stm32f10x_tim.o(.text)
    TIM_ForcedOC3Config                      0x0800623d   Thumb Code    18  stm32f10x_tim.o(.text)
    TIM_ForcedOC4Config                      0x0800624f   Thumb Code    26  stm32f10x_tim.o(.text)
    TIM_ARRPreloadConfig                     0x08006269   Thumb Code    24  stm32f10x_tim.o(.text)
    TIM_SelectCOM                            0x08006281   Thumb Code    24  stm32f10x_tim.o(.text)
    TIM_SelectCCDMA                          0x08006299   Thumb Code    24  stm32f10x_tim.o(.text)
    TIM_CCPreloadControl                     0x080062b1   Thumb Code    24  stm32f10x_tim.o(.text)
    TIM_OC1PreloadConfig                     0x080062c9   Thumb Code    18  stm32f10x_tim.o(.text)
    TIM_OC2PreloadConfig                     0x080062db   Thumb Code    26  stm32f10x_tim.o(.text)
    TIM_OC3PreloadConfig                     0x080062f5   Thumb Code    18  stm32f10x_tim.o(.text)
    TIM_OC4PreloadConfig                     0x08006307   Thumb Code    26  stm32f10x_tim.o(.text)
    TIM_OC1FastConfig                        0x08006321   Thumb Code    18  stm32f10x_tim.o(.text)
    TIM_OC2FastConfig                        0x08006333   Thumb Code    26  stm32f10x_tim.o(.text)
    TIM_OC3FastConfig                        0x0800634d   Thumb Code    18  stm32f10x_tim.o(.text)
    TIM_OC4FastConfig                        0x0800635f   Thumb Code    26  stm32f10x_tim.o(.text)
    TIM_ClearOC1Ref                          0x08006379   Thumb Code    18  stm32f10x_tim.o(.text)
    TIM_ClearOC2Ref                          0x0800638b   Thumb Code    24  stm32f10x_tim.o(.text)
    TIM_ClearOC3Ref                          0x080063a3   Thumb Code    18  stm32f10x_tim.o(.text)
    TIM_ClearOC4Ref                          0x080063b5   Thumb Code    24  stm32f10x_tim.o(.text)
    TIM_OC1PolarityConfig                    0x080063cd   Thumb Code    18  stm32f10x_tim.o(.text)
    TIM_OC1NPolarityConfig                   0x080063df   Thumb Code    18  stm32f10x_tim.o(.text)
    TIM_OC2PolarityConfig                    0x080063f1   Thumb Code    26  stm32f10x_tim.o(.text)
    TIM_OC2NPolarityConfig                   0x0800640b   Thumb Code    26  stm32f10x_tim.o(.text)
    TIM_OC3PolarityConfig                    0x08006425   Thumb Code    26  stm32f10x_tim.o(.text)
    TIM_OC3NPolarityConfig                   0x0800643f   Thumb Code    26  stm32f10x_tim.o(.text)
    TIM_OC4PolarityConfig                    0x08006459   Thumb Code    26  stm32f10x_tim.o(.text)
    TIM_CCxCmd                               0x08006473   Thumb Code    30  stm32f10x_tim.o(.text)
    TIM_CCxNCmd                              0x08006491   Thumb Code    30  stm32f10x_tim.o(.text)
    TIM_SelectOCxM                           0x080064af   Thumb Code    82  stm32f10x_tim.o(.text)
    TIM_UpdateDisableConfig                  0x08006501   Thumb Code    24  stm32f10x_tim.o(.text)
    TIM_UpdateRequestConfig                  0x08006519   Thumb Code    24  stm32f10x_tim.o(.text)
    TIM_SelectHallSensor                     0x08006531   Thumb Code    24  stm32f10x_tim.o(.text)
    TIM_SelectOnePulseMode                   0x08006549   Thumb Code    18  stm32f10x_tim.o(.text)
    TIM_SelectOutputTrigger                  0x0800655b   Thumb Code    18  stm32f10x_tim.o(.text)
    TIM_SelectSlaveMode                      0x0800656d   Thumb Code    18  stm32f10x_tim.o(.text)
    TIM_SelectMasterSlaveMode                0x0800657f   Thumb Code    18  stm32f10x_tim.o(.text)
    TIM_SetCounter                           0x08006591   Thumb Code     4  stm32f10x_tim.o(.text)
    TIM_SetAutoreload                        0x08006595   Thumb Code     4  stm32f10x_tim.o(.text)
    TIM_SetCompare1                          0x08006599   Thumb Code     4  stm32f10x_tim.o(.text)
    TIM_SetCompare2                          0x0800659d   Thumb Code     4  stm32f10x_tim.o(.text)
    TIM_SetCompare3                          0x080065a1   Thumb Code     4  stm32f10x_tim.o(.text)
    TIM_SetCompare4                          0x080065a5   Thumb Code     6  stm32f10x_tim.o(.text)
    TIM_SetClockDivision                     0x080065ab   Thumb Code    18  stm32f10x_tim.o(.text)
    TIM_GetCapture1                          0x080065bd   Thumb Code     6  stm32f10x_tim.o(.text)
    TIM_GetCapture2                          0x080065c3   Thumb Code     6  stm32f10x_tim.o(.text)
    TIM_GetCapture3                          0x080065c9   Thumb Code     6  stm32f10x_tim.o(.text)
    TIM_GetCapture4                          0x080065cf   Thumb Code     8  stm32f10x_tim.o(.text)
    TIM_GetCounter                           0x080065d7   Thumb Code     6  stm32f10x_tim.o(.text)
    TIM_GetPrescaler                         0x080065dd   Thumb Code     6  stm32f10x_tim.o(.text)
    TIM_GetFlagStatus                        0x080065e3   Thumb Code    18  stm32f10x_tim.o(.text)
    TIM_ClearFlag                            0x080065f5   Thumb Code     6  stm32f10x_tim.o(.text)
    TIM_GetITStatus                          0x080065fb   Thumb Code    34  stm32f10x_tim.o(.text)
    TIM_ClearITPendingBit                    0x0800661d   Thumb Code     6  stm32f10x_tim.o(.text)
    USART_DeInit                             0x08006625   Thumb Code   134  stm32f10x_usart.o(.text)
    USART_Init                               0x080066ab   Thumb Code   210  stm32f10x_usart.o(.text)
    USART_StructInit                         0x0800677d   Thumb Code    24  stm32f10x_usart.o(.text)
    USART_ClockInit                          0x08006795   Thumb Code    34  stm32f10x_usart.o(.text)
    USART_ClockStructInit                    0x080067b7   Thumb Code    12  stm32f10x_usart.o(.text)
    USART_Cmd                                0x080067c3   Thumb Code    24  stm32f10x_usart.o(.text)
    USART_ITConfig                           0x080067db   Thumb Code    74  stm32f10x_usart.o(.text)
    USART_DMACmd                             0x08006825   Thumb Code    18  stm32f10x_usart.o(.text)
    USART_SetAddress                         0x08006837   Thumb Code    18  stm32f10x_usart.o(.text)
    USART_WakeUpConfig                       0x08006849   Thumb Code    18  stm32f10x_usart.o(.text)
    USART_ReceiverWakeUpCmd                  0x0800685b   Thumb Code    24  stm32f10x_usart.o(.text)
    USART_LINBreakDetectLengthConfig         0x08006873   Thumb Code    18  stm32f10x_usart.o(.text)
    USART_LINCmd                             0x08006885   Thumb Code    24  stm32f10x_usart.o(.text)
    USART_SendData                           0x0800689d   Thumb Code     8  stm32f10x_usart.o(.text)
    USART_ReceiveData                        0x080068a5   Thumb Code    10  stm32f10x_usart.o(.text)
    USART_SendBreak                          0x080068af   Thumb Code    10  stm32f10x_usart.o(.text)
    USART_SetGuardTime                       0x080068b9   Thumb Code    16  stm32f10x_usart.o(.text)
    USART_SetPrescaler                       0x080068c9   Thumb Code    16  stm32f10x_usart.o(.text)
    USART_SmartCardCmd                       0x080068d9   Thumb Code    24  stm32f10x_usart.o(.text)
    USART_SmartCardNACKCmd                   0x080068f1   Thumb Code    24  stm32f10x_usart.o(.text)
    USART_HalfDuplexCmd                      0x08006909   Thumb Code    24  stm32f10x_usart.o(.text)
    USART_OverSampling8Cmd                   0x08006921   Thumb Code    22  stm32f10x_usart.o(.text)
    USART_OneBitMethodCmd                    0x08006937   Thumb Code    24  stm32f10x_usart.o(.text)
    USART_IrDAConfig                         0x0800694f   Thumb Code    18  stm32f10x_usart.o(.text)
    USART_IrDACmd                            0x08006961   Thumb Code    24  stm32f10x_usart.o(.text)
    USART_GetFlagStatus                      0x08006979   Thumb Code    26  stm32f10x_usart.o(.text)
    USART_ClearFlag                          0x08006993   Thumb Code    18  stm32f10x_usart.o(.text)
    USART_GetITStatus                        0x080069a5   Thumb Code    84  stm32f10x_usart.o(.text)
    USART_ClearITPendingBit                  0x080069f9   Thumb Code    52  stm32f10x_usart.o(.text)
    DAC_DeInit                               0x08006a2d   Thumb Code    22  stm32f10x_dac.o(.text)
    DAC_Init                                 0x08006a43   Thumb Code    46  stm32f10x_dac.o(.text)
    DAC_StructInit                           0x08006a71   Thumb Code    12  stm32f10x_dac.o(.text)
    DAC_Cmd                                  0x08006a7d   Thumb Code    34  stm32f10x_dac.o(.text)
    DAC_DMACmd                               0x08006a9f   Thumb Code    38  stm32f10x_dac.o(.text)
    DAC_SoftwareTriggerCmd                   0x08006ac5   Thumb Code    48  stm32f10x_dac.o(.text)
    DAC_DualSoftwareTriggerCmd               0x08006af5   Thumb Code    38  stm32f10x_dac.o(.text)
    DAC_WaveGenerationCmd                    0x08006b1b   Thumb Code    36  stm32f10x_dac.o(.text)
    DAC_SetChannel1Data                      0x08006b3f   Thumb Code    26  stm32f10x_dac.o(.text)
    DAC_SetChannel2Data                      0x08006b59   Thumb Code    26  stm32f10x_dac.o(.text)
    DAC_SetDualChannelData                   0x08006b73   Thumb Code    32  stm32f10x_dac.o(.text)
    DAC_GetDataOutputValue                   0x08006b93   Thumb Code    32  stm32f10x_dac.o(.text)
    ADC_DeInit                               0x08006bb9   Thumb Code    78  stm32f10x_adc.o(.text)
    ADC_Init                                 0x08006c07   Thumb Code    70  stm32f10x_adc.o(.text)
    ADC_StructInit                           0x08006c4d   Thumb Code    18  stm32f10x_adc.o(.text)
    ADC_Cmd                                  0x08006c5f   Thumb Code    22  stm32f10x_adc.o(.text)
    ADC_DMACmd                               0x08006c75   Thumb Code    22  stm32f10x_adc.o(.text)
    ADC_ITConfig                             0x08006c8b   Thumb Code    24  stm32f10x_adc.o(.text)
    ADC_ResetCalibration                     0x08006ca3   Thumb Code    10  stm32f10x_adc.o(.text)
    ADC_GetResetCalibrationStatus            0x08006cad   Thumb Code    20  stm32f10x_adc.o(.text)
    ADC_StartCalibration                     0x08006cc1   Thumb Code    10  stm32f10x_adc.o(.text)
    ADC_GetCalibrationStatus                 0x08006ccb   Thumb Code    20  stm32f10x_adc.o(.text)
    ADC_SoftwareStartConvCmd                 0x08006cdf   Thumb Code    22  stm32f10x_adc.o(.text)
    ADC_GetSoftwareStartConvStatus           0x08006cf5   Thumb Code    20  stm32f10x_adc.o(.text)
    ADC_DiscModeChannelCountConfig           0x08006d09   Thumb Code    24  stm32f10x_adc.o(.text)
    ADC_DiscModeCmd                          0x08006d21   Thumb Code    22  stm32f10x_adc.o(.text)
    ADC_RegularChannelConfig                 0x08006d37   Thumb Code   184  stm32f10x_adc.o(.text)
    ADC_ExternalTrigConvCmd                  0x08006def   Thumb Code    22  stm32f10x_adc.o(.text)
    ADC_GetConversionValue                   0x08006e05   Thumb Code     8  stm32f10x_adc.o(.text)
    ADC_GetDualModeConversionValue           0x08006e0d   Thumb Code     8  stm32f10x_adc.o(.text)
    ADC_AutoInjectedConvCmd                  0x08006e15   Thumb Code    22  stm32f10x_adc.o(.text)
    ADC_InjectedDiscModeCmd                  0x08006e2b   Thumb Code    22  stm32f10x_adc.o(.text)
    ADC_ExternalTrigInjectedConvConfig       0x08006e41   Thumb Code    16  stm32f10x_adc.o(.text)
    ADC_ExternalTrigInjectedConvCmd          0x08006e51   Thumb Code    22  stm32f10x_adc.o(.text)
    ADC_SoftwareStartInjectedConvCmd         0x08006e67   Thumb Code    22  stm32f10x_adc.o(.text)
    ADC_GetSoftwareStartInjectedConvCmdStatus 0x08006e7d   Thumb Code    20  stm32f10x_adc.o(.text)
    ADC_InjectedChannelConfig                0x08006e91   Thumb Code   130  stm32f10x_adc.o(.text)
    ADC_InjectedSequencerLengthConfig        0x08006f13   Thumb Code    24  stm32f10x_adc.o(.text)
    ADC_SetInjectedOffset                    0x08006f2b   Thumb Code    20  stm32f10x_adc.o(.text)
    ADC_GetInjectedConversionValue           0x08006f3f   Thumb Code    28  stm32f10x_adc.o(.text)
    ADC_AnalogWatchdogCmd                    0x08006f5b   Thumb Code    16  stm32f10x_adc.o(.text)
    ADC_AnalogWatchdogThresholdsConfig       0x08006f6b   Thumb Code     6  stm32f10x_adc.o(.text)
    ADC_AnalogWatchdogSingleChannelConfig    0x08006f71   Thumb Code    16  stm32f10x_adc.o(.text)
    ADC_TempSensorVrefintCmd                 0x08006f81   Thumb Code    64  stm32f10x_adc.o(.text)
    ADC_GetFlagStatus                        0x08006fc1   Thumb Code    18  stm32f10x_adc.o(.text)
    ADC_ClearFlag                            0x08006fd3   Thumb Code     6  stm32f10x_adc.o(.text)
    ADC_GetITStatus                          0x08006fd9   Thumb Code    36  stm32f10x_adc.o(.text)
    ADC_ClearITPendingBit                    0x08006ffd   Thumb Code    10  stm32f10x_adc.o(.text)
    DMA_DeInit                               0x08007009   Thumb Code   324  stm32f10x_dma.o(.text)
    DMA_Init                                 0x0800714d   Thumb Code    60  stm32f10x_dma.o(.text)
    DMA_StructInit                           0x08007189   Thumb Code    26  stm32f10x_dma.o(.text)
    DMA_Cmd                                  0x080071a3   Thumb Code    24  stm32f10x_dma.o(.text)
    DMA_ITConfig                             0x080071bb   Thumb Code    18  stm32f10x_dma.o(.text)
    DMA_SetCurrDataCounter                   0x080071cd   Thumb Code     4  stm32f10x_dma.o(.text)
    DMA_GetCurrDataCounter                   0x080071d1   Thumb Code     8  stm32f10x_dma.o(.text)
    DMA_GetFlagStatus                        0x080071d9   Thumb Code    40  stm32f10x_dma.o(.text)
    DMA_ClearFlag                            0x08007201   Thumb Code    22  stm32f10x_dma.o(.text)
    DMA_GetITStatus                          0x08007217   Thumb Code    40  stm32f10x_dma.o(.text)
    DMA_ClearITPendingBit                    0x0800723f   Thumb Code    22  stm32f10x_dma.o(.text)
    SystemInit                               0x0800733b   Thumb Code    78  system_stm32f10x.o(.text)
    SystemCoreClockUpdate                    0x08007389   Thumb Code   142  system_stm32f10x.o(.text)
    RCC_Configuration                        0x08007445   Thumb Code    54  sys.o(.text)
    AT24CXX_Init                             0x08007485   Thumb Code     8  24c256.o(.text)
    AT24CXX_ReadOneByte                      0x0800748d   Thumb Code    84  24c256.o(.text)
    AT24CXX_WriteOneByte                     0x080074e1   Thumb Code    76  24c256.o(.text)
    AT24CXX_WriteLenByte                     0x0800752d   Thumb Code    42  24c256.o(.text)
    AT24CXX_ReadLenByte                      0x08007557   Thumb Code    44  24c256.o(.text)
    AT24CXX_Check                            0x08007583   Thumb Code    46  24c256.o(.text)
    AT24CXX_Read                             0x080075b1   Thumb Code    34  24c256.o(.text)
    AT24CXX_Write                            0x080075d3   Thumb Code    44  24c256.o(.text)
    ADC_Configuration                        0x08007601   Thumb Code   196  adc.o(.text)
    Get_Adc                                  0x080076c5   Thumb Code    48  adc.o(.text)
    DAC_Configuration                        0x08007701   Thumb Code   122  dac.o(.text)
    PORT_Gpio_Init                           0x08007781   Thumb Code    82  gpio.o(.text)
    Led_Test_Off                             0x080077d3   Thumb Code     8  gpio.o(.text)
    Led_Test_On                              0x080077db   Thumb Code     8  gpio.o(.text)
    TIM3_Configuration                       0x080077ed   Thumb Code    70  time.o(.text)
    TIM2_Configuration                       0x08007833   Thumb Code    58  time.o(.text)
    NVIC_Configuration                       0x08007871   Thumb Code    68  uart.o(.text)
    GPIO_UART                                0x080078b5   Thumb Code    86  uart.o(.text)
    USART_Configuration                      0x0800790b   Thumb Code    68  uart.o(.text)
    Keyboard_Init                            0x0800795d   Thumb Code   104  keyboard.o(.text)
    Key_Identiry                             0x080079c5   Thumb Code   208  keyboard.o(.text)
    Key_Init                                 0x08007a95   Thumb Code    24  keyboard.o(.text)
    Key_Read                                 0x08007aad   Thumb Code    22  keyboard.o(.text)
    Key_Read_WithTimeOut                     0x08007ac3   Thumb Code    36  keyboard.o(.text)
    Key_Scan                                 0x08007ae7   Thumb Code   188  keyboard.o(.text)
    Lcd2002_Gpio_Init                        0x08007bbd   Thumb Code    48  lcd2002.o(.text)
    Lcd_ReadBF                               0x08007bed   Thumb Code    10  lcd2002.o(.text)
    Lcd_WriteCmd                             0x08007bf7   Thumb Code    52  lcd2002.o(.text)
    Lcd_SetAddr                              0x08007c2b   Thumb Code    72  lcd2002.o(.text)
    Lcd_AddrUpdate                           0x08007c73   Thumb Code    62  lcd2002.o(.text)
    Lcd_WriteData                            0x08007cb1   Thumb Code    58  lcd2002.o(.text)
    Lcd_Clr                                  0x08007ceb   Thumb Code    10  lcd2002.o(.text)
    Lcd_Init                                 0x08007cf5   Thumb Code    36  lcd2002.o(.text)
    Disp_Clr                                 0x08007d2d   Thumb Code     8  disp.o(.text)
    Disp_Char                                0x08007d35   Thumb Code    12  disp.o(.text)
    Disp_CharAt                              0x08007d41   Thumb Code    16  disp.o(.text)
    Disp_Str                                 0x08007d51   Thumb Code    38  disp.o(.text)
    Disp_StrAt                               0x08007d77   Thumb Code    16  disp.o(.text)
    SaveGroup                                0x08007d89   Thumb Code    14  flash_eerom.o(.text)
    ReadGroup                                0x08007d97   Thumb Code    14  flash_eerom.o(.text)
    Store_set_flash                          0x08007da5   Thumb Code    34  flash_eerom.o(.text)
    ReadSetByGroup                           0x08007dc7   Thumb Code    34  flash_eerom.o(.text)
    ReadCalData                              0x08007de9   Thumb Code    18  flash_eerom.o(.text)
    StoreCalDate                             0x08007dfb   Thumb Code    18  flash_eerom.o(.text)
    Da_Out                                   0x08007e11   Thumb Code    14  hardware.o(.text)
    Arc_Out                                  0x08007e1f   Thumb Code    18  hardware.o(.text)
    Read_Ad_Ch0                              0x08007e31   Thumb Code    12  hardware.o(.text)
    Read_Ad_Ch1                              0x08007e3d   Thumb Code    12  hardware.o(.text)
    Beep_On                                  0x08007e49   Thumb Code    48  hardware.o(.text)
    Beep_Off                                 0x08007e79   Thumb Code    48  hardware.o(.text)
    Led_Fail_Off                             0x08007ea9   Thumb Code    50  hardware.o(.text)
    Led_Fail_On                              0x08007edb   Thumb Code    50  hardware.o(.text)
    Led_HV_On                                0x08007f0d   Thumb Code    48  hardware.o(.text)
    Led_HV_Off                               0x08007f3d   Thumb Code    48  hardware.o(.text)
    Plc_Pass_On                              0x08007f6d   Thumb Code    50  hardware.o(.text)
    Plc_Pass_Off                             0x08007f9f   Thumb Code    50  hardware.o(.text)
    Led_Pass_On                              0x08007fd1   Thumb Code    54  hardware.o(.text)
    Led_Pass_Off                             0x08008007   Thumb Code    54  hardware.o(.text)
    Plc_Start_On                             0x0800803d   Thumb Code    10  hardware.o(.text)
    Plc_Start_Off                            0x08008047   Thumb Code    10  hardware.o(.text)
    Amp_Output_On                            0x08008051   Thumb Code    50  hardware.o(.text)
    Amp_Output_Off                           0x08008083   Thumb Code    50  hardware.o(.text)
    Dc_Output_On                             0x080080b5   Thumb Code    56  hardware.o(.text)
    Dc_Output_Off                            0x080080ed   Thumb Code    58  hardware.o(.text)
    Frequency_Control                        0x08008127   Thumb Code    44  hardware.o(.text)
    Start_Uart                               0x08008153   Thumb Code     2  hardware.o(.text)
    Stop_Uart                                0x08008155   Thumb Code     2  hardware.o(.text)
    Cpu_Init                                 0x08008157   Thumb Code     2  hardware.o(.text)
    Hardware_Init                            0x08008159   Thumb Code    80  hardware.o(.text)
    ResetSys                                 0x080081a9   Thumb Code     2  hardware.o(.text)
    Beep_Init                                0x080081cd   Thumb Code    18  beep.o(.text)
    Beep_Work                                0x080081df   Thumb Code    94  beep.o(.text)
    Beep_Long                                0x08008265   Thumb Code    14  beep.o(.text)
    Beep_One                                 0x08008273   Thumb Code    14  beep.o(.text)
    Beep_Two                                 0x08008281   Thumb Code    14  beep.o(.text)
    IIC_Init                                 0x0800829d   Thumb Code    46  myiic.o(.text)
    IIC_Start                                0x080082cb   Thumb Code    64  myiic.o(.text)
    IIC_Stop                                 0x0800830b   Thumb Code    66  myiic.o(.text)
    IIC_Wait_Ack                             0x0800834d   Thumb Code    94  myiic.o(.text)
    IIC_Ack                                  0x080083ab   Thumb Code    70  myiic.o(.text)
    IIC_NAck                                 0x080083f1   Thumb Code    70  myiic.o(.text)
    IIC_Send_Byte                            0x08008437   Thumb Code    98  myiic.o(.text)
    IIC_Read_Byte                            0x08008499   Thumb Code   100  myiic.o(.text)
    INT_Init                                 0x08008509   Thumb Code    32  exti.o(.text)
    EXTIX_Init                               0x08008529   Thumb Code   128  exti.o(.text)
    __aeabi_memcpy                           0x080085ad   Thumb Code    36  memcpya.o(.text)
    __aeabi_memcpy4                          0x080085ad   Thumb Code     0  memcpya.o(.text)
    __aeabi_memcpy8                          0x080085ad   Thumb Code     0  memcpya.o(.text)
    __aeabi_memset                           0x080085d1   Thumb Code    14  memseta.o(.text)
    __aeabi_memset4                          0x080085d1   Thumb Code     0  memseta.o(.text)
    __aeabi_memset8                          0x080085d1   Thumb Code     0  memseta.o(.text)
    __aeabi_memclr                           0x080085df   Thumb Code     4  memseta.o(.text)
    __aeabi_memclr4                          0x080085df   Thumb Code     0  memseta.o(.text)
    __aeabi_memclr8                          0x080085df   Thumb Code     0  memseta.o(.text)
    _memset$wrapper                          0x080085e3   Thumb Code    18  memseta.o(.text)
    strcat                                   0x080085f5   Thumb Code    24  strcat.o(.text)
    strlen                                   0x0800860d   Thumb Code    14  strlen.o(.text)
    memcmp                                   0x0800861b   Thumb Code    26  memcmp.o(.text)
    __aeabi_fadd                             0x08008635   Thumb Code   164  fadd.o(.text)
    __aeabi_fsub                             0x080086d9   Thumb Code     6  fadd.o(.text)
    __aeabi_frsub                            0x080086df   Thumb Code     6  fadd.o(.text)
    __aeabi_fmul                             0x080086e5   Thumb Code   100  fmul.o(.text)
    __aeabi_fdiv                             0x08008749   Thumb Code   124  fdiv.o(.text)
    __aeabi_dmul                             0x080087c5   Thumb Code   228  dmul.o(.text)
    __aeabi_ddiv                             0x080088a9   Thumb Code   222  ddiv.o(.text)
    __aeabi_ui2f                             0x08008987   Thumb Code    10  ffltui.o(.text)
    __aeabi_f2uiz                            0x08008991   Thumb Code    40  ffixui.o(.text)
    __aeabi_d2uiz                            0x080089b9   Thumb Code    50  dfixui.o(.text)
    __aeabi_f2d                              0x080089eb   Thumb Code    38  f2d.o(.text)
    __aeabi_cdcmpeq                          0x08008a11   Thumb Code     0  cdcmple.o(.text)
    __aeabi_cdcmple                          0x08008a11   Thumb Code    48  cdcmple.o(.text)
    __aeabi_cdrcmple                         0x08008a41   Thumb Code    48  cdrcmple.o(.text)
    __aeabi_d2f                              0x08008a71   Thumb Code    56  d2f.o(.text)
    __aeabi_cfcmpeq                          0x08008aa9   Thumb Code     0  cfcmple.o(.text)
    __aeabi_cfcmple                          0x08008aa9   Thumb Code    20  cfcmple.o(.text)
    __aeabi_cfrcmple                         0x08008abd   Thumb Code    20  cfrcmple.o(.text)
    __aeabi_llsr                             0x08008ad1   Thumb Code    32  llushr.o(.text)
    _ll_ushift_r                             0x08008ad1   Thumb Code     0  llushr.o(.text)
    __I$use$fp                               0x08008af1   Thumb Code     0  iusefp.o(.text)
    _float_round                             0x08008af1   Thumb Code    18  fepilogue.o(.text)
    _float_epilogue                          0x08008b03   Thumb Code    92  fepilogue.o(.text)
    _double_round                            0x08008b5f   Thumb Code    30  depilogue.o(.text)
    _double_epilogue                         0x08008b7d   Thumb Code   156  depilogue.o(.text)
    __scatterload                            0x08008c19   Thumb Code    28  init.o(.text)
    __scatterload_rt2                        0x08008c19   Thumb Code     0  init.o(.text)
    __aeabi_llsl                             0x08008c3d   Thumb Code    30  llshl.o(.text)
    _ll_shift_l                              0x08008c3d   Thumb Code     0  llshl.o(.text)
    __scatterload_copy                       0x08008c5b   Thumb Code    14  handlers.o(i.__scatterload_copy)
    __scatterload_null                       0x08008c69   Thumb Code     2  handlers.o(i.__scatterload_null)
    __scatterload_zeroinit                   0x08008c6b   Thumb Code    14  handlers.o(i.__scatterload_zeroinit)
    Sin                                      0x08008c78   Data         256  user.o(.constdata)
    POW_NUM                                  0x08008d78   Data           8  user.o(.constdata)
    RANGE_RATE                               0x08008d80   Data          20  user.o(.constdata)
    I_TEST_DISP                              0x08008d94   Data          14  user.o(.constdata)
    W_TEST_DISP                              0x08008da2   Data          21  user.o(.constdata)
    I_SET                                    0x08008db7   Data          64  user.o(.constdata)
    AC_DC_SET                                0x08008df7   Data           8  user.o(.constdata)
    FREQ_SET                                 0x08008dff   Data           6  user.o(.constdata)
    GROUP_DISP_ITEM                          0x08008e05   Data          24  user.o(.constdata)
    GROUP_ITEM                               0x08008e1d   Data          24  user.o(.constdata)
    I_Sel_Tab                                0x08008e35   Data          85  user.o(.constdata)
    W_SET                                    0x08008e8a   Data         128  user.o(.constdata)
    W_Sel_Tab                                0x08008f0a   Data         153  user.o(.constdata)
    I_W_SET                                  0x08008fa3   Data         204  user.o(.constdata)
    I_W_Sel_Tab                              0x0800906f   Data         221  user.o(.constdata)
    I_WDC_Sel_Tab                            0x0800914c   Data         221  user.o(.constdata)
    RangeTab                                 0x08009229   Data          40  user.o(.constdata)
    BeepTab                                  0x08009251   Data          15  user.o(.constdata)
    SwitchTab                                0x08009260   Data          10  user.o(.constdata)
    SetupMenu                                0x0800926a   Data          84  user.o(.constdata)
    EnterTab                                 0x080092be   Data          21  user.o(.constdata)
    NumberTab                                0x080092d3   Data          84  user.o(.constdata)
    SelectTab                                0x08009327   Data          21  user.o(.constdata)
    ParameterTab                             0x0800933c   Data          65  user.o(.constdata)
    NumTab                                   0x0800937d   Data          24  user.o(.constdata)
    SystemTab                                0x08009395   Data          52  user.o(.constdata)
    SystemLimit                              0x080093ca   Data          16  user.o(.constdata)
    SystemLimitDot                           0x080093da   Data          10  user.o(.constdata)
    ParameterLimit                           0x080093e4   Data          52  user.o(.constdata)
    ParameterLimit_AC                        0x08009418   Data          52  user.o(.constdata)
    ParameterLimit_dot                       0x0800944c   Data          22  user.o(.constdata)
    ParameterLimit_len                       0x08009462   Data          32  user.o(.constdata)
    MsgTab                                   0x08009482   Data          63  user.o(.constdata)
    FactoryTab                               0x080094c1   Data         105  user.o(.constdata)
    ParameterDotTab                          0x0800952a   Data          52  user.o(.constdata)
    IR_Range_dot                             0x0800955e   Data           5  test.o(.constdata)
    CalibrateLimit                           0x08009564   Data          44  debug.o(.constdata)
    CalibrateLimitvalue                      0x08009590   Data          20  debug.o(.constdata)
    DebugMenu                                0x080095a4   Data         170  debug.o(.constdata)
    Debugext                                 0x0800964e   Data          17  debug.o(.constdata)
    Debugtext                                0x0800965f   Data          21  debug.o(.constdata)
    CalIrTab                                 0x08009674   Data         168  debug.o(.constdata)
    CalTestTab                               0x0800971c   Data         170  debug.o(.constdata)
    EnterTab1                                0x080097c6   Data          17  debug.o(.constdata)
    Debug_Dot                                0x080097d7   Data          11  debug.o(.constdata)
    LCD_INIT_PARAMETER                       0x080097e2   Data           5  lcd2002.o(.constdata)
    ArcLevel                                 0x080097e8   Data          20  hardware.o(.constdata)
    Region$$Table$$Base                      0x080097fc   Number         0  anon$$obj.o(Region$$Table)
    Region$$Table$$Limit                     0x0800981c   Number         0  anon$$obj.o(Region$$Table)
    F_Fail                                   0x20000000   Data           1  pbdata.o(.data)
    F_100ms                                  0x20000001   Data           1  pbdata.o(.data)
    F_Password                               0x20000002   Data           1  pbdata.o(.data)
    SystemStatus                             0x20000003   Data           1  pbdata.o(.data)
    SystemMessage                            0x20000004   Data           1  pbdata.o(.data)
    MenuIndex                                0x20000005   Data           1  pbdata.o(.data)
    Range                                    0x20000006   Data           1  pbdata.o(.data)
    ffit_data1                               0x20000007   Data           1  pbdata.o(.data)
    count_ffit                               0x20000008   Data           2  pbdata.o(.data)
    Voltage                                  0x2000000c   Data           4  pbdata.o(.data)
    Test_Time                                0x20000010   Data           4  pbdata.o(.data)
    Resistance                               0x20000014   Data           4  pbdata.o(.data)
    dt                                       0x20000018   Data           1  pbdata.o(.data)
    SoftTimer                                0x20000019   Data           2  pbdata.o(.data)
    StepIndex                                0x2000001b   Data           1  pbdata.o(.data)
    TotalStep                                0x2000001c   Data           1  pbdata.o(.data)
    Current                                  0x2000001e   Data           2  pbdata.o(.data)
    TestTime                                 0x20000020   Data           2  pbdata.o(.data)
    AdCount                                  0x20000022   Data           1  pbdata.o(.data)
    RampStepYs                               0x20000024   Data           2  pbdata.o(.data)
    RampStepFd                               0x20000026   Data           2  pbdata.o(.data)
    RampStepTime                             0x20000028   Data           1  pbdata.o(.data)
    TestOut                                  0x2000002a   Data           2  pbdata.o(.data)
    FullOut                                  0x2000002c   Data           2  pbdata.o(.data)
    ra_flag                                  0x2000002e   Data           1  pbdata.o(.data)
    run_stemp                                0x2000002f   Data           1  pbdata.o(.data)
    rangelomit_low                           0x20000030   Data           2  pbdata.o(.data)
    rangr_limit_high                         0x20000032   Data           2  pbdata.o(.data)
    DefaultCalDaOut                          0x20000034   Data           8  pbdata.o(.data)
    DMA1_MEM_LEN                             0x2000003e   Data           2  dma.o(.data)
    SystemCoreClock                          0x20000054   Data           4  system_stm32f10x.o(.data)
    AHBPrescTable                            0x20000058   Data          16  system_stm32f10x.o(.data)
    IC19_574buff                             0x20000068   Data           1  gpio.o(.data)
    IC42_574buff                             0x20000069   Data           1  gpio.o(.data)
    disp_time                                0x2000006c   Data           4  time.o(.data)
    Keyboard                                 0x20000070   Data           3  keyboard.o(.data)
    LcdAddr                                  0x20000076   Data           2  lcd2002.o(.data)
    DispBuf                                  0x20000078   Data           8  disp.o(.data)
    NumBox                                   0x20000088   Data          16  pbdata.o(.bss)
    Test_value                               0x20000098   Data          16  pbdata.o(.bss)
    Float                                    0x200000a8   Data          12  pbdata.o(.bss)
    SaveData                                 0x200000b4   Data          72  pbdata.o(.bss)
    Calibrate                                0x200000fc   Data          44  pbdata.o(.bss)
    Res_count                                0x20000128   Data          16  pbdata.o(.bss)
    i_buff                                   0x20000138   Data          48  pbdata.o(.bss)
    Vbuf                                     0x20000168   Data          16  pbdata.o(.bss)
    Ibuf                                     0x20000178   Data          16  pbdata.o(.bss)
    Test_mid                                 0x20000188   Data          10  pbdata.o(.bss)
    Cal                                      0x20000192   Data          44  pbdata.o(.bss)
    sendbuff                                 0x200001be   Data          20  test.o(.bss)
    DMA_InitStructure                        0x200001d4   Data          44  dma.o(.bss)
    ComBuf                                   0x20000200   Data          55  uart.o(.bss)
    __initial_sp                             0x20000638   Data           0  startup_stm32f10x_hd.o(STACK)



==============================================================================

Memory Map of the image

  Image Entry point : 0x08000131

  Load Region LR_IROM1 (Base: 0x08000000, Size: 0x000098a4, Max: 0x00040000, ABSOLUTE)

    Execution Region ER_IROM1 (Base: 0x08000000, Size: 0x0000981c, Max: 0x00040000, ABSOLUTE)

    Base Addr    Size         Type   Attr      Idx    E Section Name        Object

    0x08000000   0x00000130   Data   RO            3    RESET               startup_stm32f10x_hd.o
    0x08000130   0x00000000   Code   RO          688  * .ARM.Collect$$$$00000000  mc_w.l(entry.o)
    0x08000130   0x00000004   Code   RO          731    .ARM.Collect$$$$00000001  mc_w.l(entry2.o)
    0x08000134   0x00000004   Code   RO          734    .ARM.Collect$$$$00000004  mc_w.l(entry5.o)
    0x08000138   0x00000000   Code   RO          736    .ARM.Collect$$$$00000008  mc_w.l(entry7b.o)
    0x08000138   0x00000000   Code   RO          738    .ARM.Collect$$$$0000000A  mc_w.l(entry8b.o)
    0x08000138   0x00000008   Code   RO          739    .ARM.Collect$$$$0000000B  mc_w.l(entry9a.o)
    0x08000140   0x00000000   Code   RO          741    .ARM.Collect$$$$0000000D  mc_w.l(entry10a.o)
    0x08000140   0x00000000   Code   RO          743    .ARM.Collect$$$$0000000F  mc_w.l(entry11a.o)
    0x08000140   0x00000004   Code   RO          732    .ARM.Collect$$$$00002712  mc_w.l(entry2.o)
    0x08000144   0x00000024   Code   RO            4    .text               startup_stm32f10x_hd.o
    0x08000168   0x000000a4   Code   RO           10    .text               main.o
    0x0800020c   0x000000ec   Code   RO          146    .text               pbdata.o
    0x080002f8   0x00000234   Code   RO          166    .text               stm32f10x_it.o
    0x0800052c   0x00001d8c   Code   RO          182    .text               user.o
    0x080022b8   0x00002200   Code   RO          200    .text               test.o
    0x080044b8   0x0000006c   Code   RO          216    .text               dma.o
    0x08004524   0x000009e4   Code   RO          238    .text               debug.o
    0x08004f08   0x0000035c   Code   RO          260    .text               stm32f10x_gpio.o
    0x08005264   0x000003ac   Code   RO          272    .text               stm32f10x_rcc.o
    0x08005610   0x000000dc   Code   RO          286    .text               misc.o
    0x080056ec   0x0000011c   Code   RO          298    .text               stm32f10x_exti.o
    0x08005808   0x00000e1a   Code   RO          310    .text               stm32f10x_tim.o
    0x08006622   0x00000002   PAD
    0x08006624   0x00000408   Code   RO          322    .text               stm32f10x_usart.o
    0x08006a2c   0x0000018c   Code   RO          334    .text               stm32f10x_dac.o
    0x08006bb8   0x0000044e   Code   RO          346    .text               stm32f10x_adc.o
    0x08007006   0x00000002   PAD
    0x08007008   0x00000254   Code   RO          397    .text               stm32f10x_dma.o
    0x0800725c   0x000001e8   Code   RO          419    .text               system_stm32f10x.o
    0x08007444   0x00000040   Code   RO          444    .text               sys.o
    0x08007484   0x0000017a   Code   RO          471    .text               24c256.o
    0x080075fe   0x00000002   PAD
    0x08007600   0x00000100   Code   RO          483    .text               adc.o
    0x08007700   0x00000080   Code   RO          495    .text               dac.o
    0x08007780   0x0000006c   Code   RO          507    .text               gpio.o
    0x080077ec   0x00000084   Code   RO          525    .text               time.o
    0x08007870   0x000000ec   Code   RO          543    .text               uart.o
    0x0800795c   0x00000260   Code   RO          561    .text               keyboard.o
    0x08007bbc   0x00000170   Code   RO          579    .text               lcd2002.o
    0x08007d2c   0x0000005a   Code   RO          598    .text               disp.o
    0x08007d86   0x00000002   PAD
    0x08007d88   0x00000088   Code   RO          623    .text               flash_eerom.o
    0x08007e10   0x000003bc   Code   RO          635    .text               hardware.o
    0x080081cc   0x000000d0   Code   RO          650    .text               beep.o
    0x0800829c   0x0000026c   Code   RO          664    .text               myiic.o
    0x08008508   0x000000a4   Code   RO          676    .text               exti.o
    0x080085ac   0x00000024   Code   RO          691    .text               mc_w.l(memcpya.o)
    0x080085d0   0x00000024   Code   RO          693    .text               mc_w.l(memseta.o)
    0x080085f4   0x00000018   Code   RO          695    .text               mc_w.l(strcat.o)
    0x0800860c   0x0000000e   Code   RO          697    .text               mc_w.l(strlen.o)
    0x0800861a   0x0000001a   Code   RO          699    .text               mc_w.l(memcmp.o)
    0x08008634   0x000000b0   Code   RO          703    .text               mf_w.l(fadd.o)
    0x080086e4   0x00000064   Code   RO          705    .text               mf_w.l(fmul.o)
    0x08008748   0x0000007c   Code   RO          707    .text               mf_w.l(fdiv.o)
    0x080087c4   0x000000e4   Code   RO          709    .text               mf_w.l(dmul.o)
    0x080088a8   0x000000de   Code   RO          711    .text               mf_w.l(ddiv.o)
    0x08008986   0x0000000a   Code   RO          713    .text               mf_w.l(ffltui.o)
    0x08008990   0x00000028   Code   RO          715    .text               mf_w.l(ffixui.o)
    0x080089b8   0x00000032   Code   RO          717    .text               mf_w.l(dfixui.o)
    0x080089ea   0x00000026   Code   RO          719    .text               mf_w.l(f2d.o)
    0x08008a10   0x00000030   Code   RO          721    .text               mf_w.l(cdcmple.o)
    0x08008a40   0x00000030   Code   RO          723    .text               mf_w.l(cdrcmple.o)
    0x08008a70   0x00000038   Code   RO          725    .text               mf_w.l(d2f.o)
    0x08008aa8   0x00000014   Code   RO          727    .text               mf_w.l(cfcmple.o)
    0x08008abc   0x00000014   Code   RO          729    .text               mf_w.l(cfrcmple.o)
    0x08008ad0   0x00000020   Code   RO          745    .text               mc_w.l(llushr.o)
    0x08008af0   0x00000000   Code   RO          747    .text               mc_w.l(iusefp.o)
    0x08008af0   0x0000006e   Code   RO          748    .text               mf_w.l(fepilogue.o)
    0x08008b5e   0x000000ba   Code   RO          750    .text               mf_w.l(depilogue.o)
    0x08008c18   0x00000024   Code   RO          752    .text               mc_w.l(init.o)
    0x08008c3c   0x0000001e   Code   RO          754    .text               mc_w.l(llshl.o)
    0x08008c5a   0x0000000e   Code   RO          758    i.__scatterload_copy  mc_w.l(handlers.o)
    0x08008c68   0x00000002   Code   RO          759    i.__scatterload_null  mc_w.l(handlers.o)
    0x08008c6a   0x0000000e   Code   RO          760    i.__scatterload_zeroinit  mc_w.l(handlers.o)
    0x08008c78   0x000008e6   Data   RO          183    .constdata          user.o
    0x0800955e   0x00000005   Data   RO          202    .constdata          test.o
    0x08009563   0x00000001   PAD
    0x08009564   0x0000027e   Data   RO          239    .constdata          debug.o
    0x080097e2   0x00000005   Data   RO          580    .constdata          lcd2002.o
    0x080097e7   0x00000001   PAD
    0x080097e8   0x00000014   Data   RO          636    .constdata          hardware.o
    0x080097fc   0x00000020   Data   RO          756    Region$$Table       anon$$obj.o


    Execution Region RW_IRAM1 (Base: 0x20000000, Size: 0x00000638, Max: 0x0000c000, ABSOLUTE)

    Base Addr    Size         Type   Attr      Idx    E Section Name        Object

    0x20000000   0x0000003c   Data   RW          148    .data               pbdata.o
    0x2000003c   0x00000001   Data   RW          167    .data               stm32f10x_it.o
    0x2000003d   0x00000001   PAD
    0x2000003e   0x00000002   Data   RW          218    .data               dma.o
    0x20000040   0x00000014   Data   RW          273    .data               stm32f10x_rcc.o
    0x20000054   0x00000014   Data   RW          420    .data               system_stm32f10x.o
    0x20000068   0x00000002   Data   RW          508    .data               gpio.o
    0x2000006a   0x00000002   PAD
    0x2000006c   0x00000004   Data   RW          526    .data               time.o
    0x20000070   0x00000006   Data   RW          562    .data               keyboard.o
    0x20000076   0x00000002   Data   RW          581    .data               lcd2002.o
    0x20000078   0x00000008   Data   RW          599    .data               disp.o
    0x20000080   0x00000005   Data   RW          651    .data               beep.o
    0x20000085   0x00000003   PAD
    0x20000088   0x00000136   Zero   RW          147    .bss                pbdata.o
    0x200001be   0x00000014   Zero   RW          201    .bss                test.o
    0x200001d2   0x00000002   PAD
    0x200001d4   0x0000002c   Zero   RW          217    .bss                dma.o
    0x20000200   0x00000037   Zero   RW          544    .bss                uart.o
    0x20000237   0x00000001   PAD
    0x20000238   0x00000400   Zero   RW            1    STACK               startup_stm32f10x_hd.o


==============================================================================

Image component sizes


      Code (inc. data)   RO Data    RW Data    ZI Data      Debug   Object Name

       378          0          0          0          0       2718   24c256.o
       256         12          0          0          0       1124   adc.o
       208         14          0          5          0       1426   beep.o
       128          6          0          0          0        584   dac.o
      2532        238        638          0          0       4755   debug.o
        90          0          0          8          0       1635   disp.o
       108         10          0          2         44      11185   dma.o
       164          4          0          0          0        714   exti.o
       136          4          0          0          0       1354   flash_eerom.o
       108         10          0          2          0        982   gpio.o
       956         34         20          0          0       3955   hardware.o
       608         26          0          6          0       3224   keyboard.o
       368         20          5          2          0       3195   lcd2002.o
       164         22          0          0          0     279548   main.o
       220         22          0          0          0       1701   misc.o
       620         12          0          0          0       1852   myiic.o
       236          4          0         60        310       9820   pbdata.o
        36          8        304          0       1024        804   startup_stm32f10x_hd.o
      1102         26          0          0          0      10941   stm32f10x_adc.o
       396          6          0          0          0       3566   stm32f10x_dac.o
       596          8          0          0          0       4266   stm32f10x_dma.o
       284         10          0          0          0       2159   stm32f10x_exti.o
       860         38          0          0          0       5637   stm32f10x_gpio.o
       564         56          0          1          0       2467   stm32f10x_it.o
       940         44          0         20          0       8788   stm32f10x_rcc.o
      3610         88          0          0          0      22744   stm32f10x_tim.o
      1032         22          0          0          0       8360   stm32f10x_usart.o
        64         10          0          0          0       8181   sys.o
       488         46          0         20          0       1739   system_stm32f10x.o
      8704        580          5          0         20       9178   test.o
       132          4          0          4          0        984   time.o
       236         14          0          0         55       2372   uart.o
      7564        744       2278          0          0      13778   user.o

    ----------------------------------------------------------------------
     33896       2142       3284        136       1456     435736   Object Totals
         0          0         32          0          0          0   (incl. Generated)
         8          0          2          6          3          0   (incl. Padding)

    ----------------------------------------------------------------------

      Code (inc. data)   RO Data    RW Data    ZI Data      Debug   Library Member Name

         0          0          0          0          0          0   entry.o
         0          0          0          0          0          0   entry10a.o
         0          0          0          0          0          0   entry11a.o
         8          4          0          0          0          0   entry2.o
         4          0          0          0          0          0   entry5.o
         0          0          0          0          0          0   entry7b.o
         0          0          0          0          0          0   entry8b.o
         8          4          0          0          0          0   entry9a.o
        30          0          0          0          0          0   handlers.o
        36          8          0          0          0         68   init.o
         0          0          0          0          0          0   iusefp.o
        30          0          0          0          0         68   llshl.o
        32          0          0          0          0         68   llushr.o
        26          0          0          0          0         80   memcmp.o
        36          0          0          0          0         68   memcpya.o
        36          0          0          0          0        108   memseta.o
        24          0          0          0          0         68   strcat.o
        14          0          0          0          0         68   strlen.o
        48          0          0          0          0         68   cdcmple.o
        48          0          0          0          0         68   cdrcmple.o
        20          0          0          0          0         68   cfcmple.o
        20          0          0          0          0         68   cfrcmple.o
        56          0          0          0          0         88   d2f.o
       222          0          0          0          0        100   ddiv.o
       186          0          0          0          0        176   depilogue.o
        50          0          0          0          0         76   dfixui.o
       228          0          0          0          0         96   dmul.o
        38          0          0          0          0         68   f2d.o
       176          0          0          0          0        140   fadd.o
       124          0          0          0          0         88   fdiv.o
       110          0          0          0          0        168   fepilogue.o
        40          0          0          0          0         68   ffixui.o
        10          0          0          0          0         68   ffltui.o
       100          0          0          0          0         76   fmul.o

    ----------------------------------------------------------------------
      1760         16          0          0          0       2080   Library Totals
         0          0          0          0          0          0   (incl. Padding)

    ----------------------------------------------------------------------

      Code (inc. data)   RO Data    RW Data    ZI Data      Debug   Library Name

       284         16          0          0          0        596   mc_w.l
      1476          0          0          0          0       1484   mf_w.l

    ----------------------------------------------------------------------
      1760         16          0          0          0       2080   Library Totals

    ----------------------------------------------------------------------

==============================================================================


      Code (inc. data)   RO Data    RW Data    ZI Data      Debug   

     35656       2158       3284        136       1456     434068   Grand Totals
     35656       2158       3284        136       1456     434068   ELF Image Totals
     35656       2158       3284        136          0          0   ROM Totals

==============================================================================

    Total RO  Size (Code + RO Data)                38940 (  38.03kB)
    Total RW  Size (RW Data + ZI Data)              1592 (   1.55kB)
    Total ROM Size (Code + RO Data + RW Data)      39076 (  38.16kB)

==============================================================================

